Component: ARM Compiler 5.06 update 7 (build 960) Tool: armlink [4d3601]

==============================================================================

Section Cross References

    startup_stm32f405xx.o(STACK) refers (Special) to heapauxi.o(.text) for __use_two_region_memory
    startup_stm32f405xx.o(HEAP) refers (Special) to heapauxi.o(.text) for __use_two_region_memory
    startup_stm32f405xx.o(RESET) refers (Special) to heapauxi.o(.text) for __use_two_region_memory
    startup_stm32f405xx.o(RESET) refers to startup_stm32f405xx.o(STACK) for __initial_sp
    startup_stm32f405xx.o(RESET) refers to startup_stm32f405xx.o(.text) for Reset_Handler
    startup_stm32f405xx.o(RESET) refers to stm32f4xx_it.o(i.NMI_Handler) for NMI_Handler
    startup_stm32f405xx.o(RESET) refers to stm32f4xx_it.o(i.HardFault_Handler) for HardFault_Handler
    startup_stm32f405xx.o(RESET) refers to stm32f4xx_it.o(i.MemManage_Handler) for MemManage_Handler
    startup_stm32f405xx.o(RESET) refers to stm32f4xx_it.o(i.BusFault_Handler) for BusFault_Handler
    startup_stm32f405xx.o(RESET) refers to stm32f4xx_it.o(i.UsageFault_Handler) for UsageFault_Handler
    startup_stm32f405xx.o(RESET) refers to port.o(.emb_text) for SVC_Handler
    startup_stm32f405xx.o(RESET) refers to stm32f4xx_it.o(i.DebugMon_Handler) for DebugMon_Handler
    startup_stm32f405xx.o(RESET) refers to cmsis_os2.o(i.SysTick_Handler) for SysTick_Handler
    startup_stm32f405xx.o(RESET) refers to stm32f4xx_it.o(i.DMA1_Stream0_IRQHandler) for DMA1_Stream0_IRQHandler
    startup_stm32f405xx.o(RESET) refers to stm32f4xx_it.o(i.DMA1_Stream3_IRQHandler) for DMA1_Stream3_IRQHandler
    startup_stm32f405xx.o(RESET) refers to stm32f4xx_it.o(i.ADC_IRQHandler) for ADC_IRQHandler
    startup_stm32f405xx.o(RESET) refers to stm32f4xx_it.o(i.TIM1_UP_TIM10_IRQHandler) for TIM1_UP_TIM10_IRQHandler
    startup_stm32f405xx.o(RESET) refers to stm32f4xx_it.o(i.TIM1_TRG_COM_TIM11_IRQHandler) for TIM1_TRG_COM_TIM11_IRQHandler
    startup_stm32f405xx.o(RESET) refers to stm32f4xx_it.o(i.TIM3_IRQHandler) for TIM3_IRQHandler
    startup_stm32f405xx.o(RESET) refers to stm32f4xx_it.o(i.TIM4_IRQHandler) for TIM4_IRQHandler
    startup_stm32f405xx.o(RESET) refers to stm32f4xx_it.o(i.TIM7_IRQHandler) for TIM7_IRQHandler
    startup_stm32f405xx.o(RESET) refers to stm32f4xx_it.o(i.DMA2_Stream0_IRQHandler) for DMA2_Stream0_IRQHandler
    startup_stm32f405xx.o(RESET) refers to stm32f4xx_it.o(i.OTG_FS_IRQHandler) for OTG_FS_IRQHandler
    startup_stm32f405xx.o(.text) refers (Special) to heapauxi.o(.text) for __use_two_region_memory
    startup_stm32f405xx.o(.text) refers to system_stm32f4xx.o(i.SystemInit) for SystemInit
    startup_stm32f405xx.o(.text) refers to __main.o(!!!main) for __main
    startup_stm32f405xx.o(.text) refers to startup_stm32f405xx.o(HEAP) for Heap_Mem
    startup_stm32f405xx.o(.text) refers to startup_stm32f405xx.o(STACK) for Stack_Mem
    main.o(i.Dead_Time_Compensation_Cal) refers to lludivv7m.o(.text) for __aeabi_uldivmod
    main.o(i.HAL_TIM_PeriodElapsedCallback) refers to stm32f4xx_hal.o(i.HAL_IncTick) for HAL_IncTick
    main.o(i.MX_ADC1_Init) refers to rt_memclr_w.o(.text) for __aeabi_memclr4
    main.o(i.MX_ADC1_Init) refers to stm32f4xx_hal_adc.o(i.HAL_ADC_Init) for HAL_ADC_Init
    main.o(i.MX_ADC1_Init) refers to stm32f4xx_hal_adc_ex.o(i.HAL_ADCEx_MultiModeConfigChannel) for HAL_ADCEx_MultiModeConfigChannel
    main.o(i.MX_ADC1_Init) refers to stm32f4xx_hal_adc.o(i.HAL_ADC_ConfigChannel) for HAL_ADC_ConfigChannel
    main.o(i.MX_ADC1_Init) refers to stm32f4xx_hal_adc_ex.o(i.HAL_ADCEx_InjectedConfigChannel) for HAL_ADCEx_InjectedConfigChannel
    main.o(i.MX_ADC1_Init) refers to main.o(.bss) for .bss
    main.o(i.MX_ADC2_Init) refers to rt_memclr_w.o(.text) for __aeabi_memclr4
    main.o(i.MX_ADC2_Init) refers to stm32f4xx_hal_adc.o(i.HAL_ADC_Init) for HAL_ADC_Init
    main.o(i.MX_ADC2_Init) refers to stm32f4xx_hal_adc.o(i.HAL_ADC_ConfigChannel) for HAL_ADC_ConfigChannel
    main.o(i.MX_ADC2_Init) refers to stm32f4xx_hal_adc_ex.o(i.HAL_ADCEx_InjectedConfigChannel) for HAL_ADCEx_InjectedConfigChannel
    main.o(i.MX_ADC2_Init) refers to main.o(.bss) for .bss
    main.o(i.MX_ADC3_Init) refers to rt_memclr_w.o(.text) for __aeabi_memclr4
    main.o(i.MX_ADC3_Init) refers to stm32f4xx_hal_adc.o(i.HAL_ADC_Init) for HAL_ADC_Init
    main.o(i.MX_ADC3_Init) refers to stm32f4xx_hal_adc.o(i.HAL_ADC_ConfigChannel) for HAL_ADC_ConfigChannel
    main.o(i.MX_ADC3_Init) refers to stm32f4xx_hal_adc_ex.o(i.HAL_ADCEx_InjectedConfigChannel) for HAL_ADCEx_InjectedConfigChannel
    main.o(i.MX_ADC3_Init) refers to main.o(.bss) for .bss
    main.o(i.MX_GPIO_Init) refers to stm32f4xx_hal_gpio.o(i.HAL_GPIO_Init) for HAL_GPIO_Init
    main.o(i.MX_GPIO_Init) refers to stm32f4xx_hal_gpio.o(i.HAL_GPIO_WritePin) for HAL_GPIO_WritePin
    main.o(i.MX_SPI1_Init) refers to stm32f4xx_hal_spi.o(i.HAL_SPI_Init) for HAL_SPI_Init
    main.o(i.MX_SPI1_Init) refers to main.o(.bss) for .bss
[...]
    _dcmple                                  0x0800e8dd   Thumb Code   120  dleqf.o(x$fpl$dleqf)
    __fpl_dcmple_InfNaN                      0x0800e93f   Thumb Code     0  dleqf.o(x$fpl$dleqf)
    __aeabi_dmul                             0x0800e955   Thumb Code     0  dmul.o(x$fpl$dmul)
    _dmul                                    0x0800e955   Thumb Code   332  dmul.o(x$fpl$dmul)
    __fpl_dnaninf                            0x0800eaa9   Thumb Code   156  dnaninf.o(x$fpl$dnaninf)
    __fpl_dretinf                            0x0800eb45   Thumb Code    12  dretinf.o(x$fpl$dretinf)
    __aeabi_cdrcmple                         0x0800eb51   Thumb Code     0  drleqf.o(x$fpl$drleqf)
    _drcmple                                 0x0800eb51   Thumb Code   108  drleqf.o(x$fpl$drleqf)
    _dsqrt                                   0x0800ebbd   Thumb Code   404  dsqrt_umaal.o(x$fpl$dsqrt)
    __fpl_fnaninf                            0x0800ed55   Thumb Code   140  fnaninf.o(x$fpl$fnaninf)
    _fp_init                                 0x0800ede1   Thumb Code    10  fpinit.o(x$fpl$fpinit)
    __fplib_config_fpu_vfp                   0x0800ede9   Thumb Code     0  fpinit.o(x$fpl$fpinit)
    __fplib_config_pureend_doubles           0x0800ede9   Thumb Code     0  fpinit.o(x$fpl$fpinit)
    _frem                                    0x0800eded   Thumb Code   240  frem_clz.o(x$fpl$frem)
    __fpl_fretinf                            0x0800eee1   Thumb Code    10  fretinf.o(x$fpl$fretinf)
    __ieee_status                            0x0800eeeb   Thumb Code     6  istatus.o(x$fpl$ieeestatus)
    __fpl_return_NaN                         0x0800eef1   Thumb Code   100  retnan.o(x$fpl$retnan)
    __ARM_scalbn                             0x0800ef55   Thumb Code    92  scalbn.o(x$fpl$scalbn)
    _scanf_real                              0x0800efb1   Thumb Code     4  scanf1.o(x$fpl$scanf1)
    _scanf_hex_real                          0x0800efb5   Thumb Code     4  scanf2.o(x$fpl$scanf2)
    _scanf_infnan                            0x0800efb9   Thumb Code     4  scanf2.o(x$fpl$scanf2)
    __fpl_cmpreturn                          0x0800efbd   Thumb Code    48  trapv.o(x$fpl$trapveneer)
    __I$use$fp                               0x0800efec   Number         0  usenofp.o(x$fpl$usenofp)
    defaultTask_attributes                   0x0800efec   Data          36  main.o(.constdata)
    SensorTask_attributes                    0x0800f010   Data          36  main.o(.constdata)
    ScheduleTask_attributes                  0x0800f034   Data          36  main.o(.constdata)
    VCPTask_attributes                       0x0800f058   Data          36  main.o(.constdata)
    AHBPrescTable                            0x0800f084   Data          16  system_stm32f4xx.o(.constdata)
    APBPrescTable                            0x0800f094   Data           8  system_stm32f4xx.o(.constdata)
    Region$$Table$$Base                      0x0800f28c   Number         0  anon$$obj.o(Region$$Table)
    Region$$Table$$Limit                     0x0800f2ac   Number         0  anon$$obj.o(Region$$Table)
    __aeabi_HUGE_VAL                         0x0800f2ac   Data           0  fpconst.o(c$$dinf)
    __aeabi_HUGE_VALL                        0x0800f2ac   Data           0  fpconst.o(c$$dinf)
    __aeabi_INFINITY                         0x0800f2ac   Data           0  fpconst.o(c$$dinf)
    __dInf                                   0x0800f2ac   Data           0  fpconst.o(c$$dinf)
    __huge_val                               0x0800f2ac   Data           0  fpconst.o(c$$dinf)
    __dbl_max                                0x0800f2b4   Data           0  fpconst.o(c$$dmax)
    __ctype                                  0x0800f2e5   Data           0  lc_ctype_c.o(locale$$data)
    motor_start                              0x20000000   Data           1  main.o(.data)
    tail                                     0x20000004   Data           4  main.o(.data)
    restart_delay_ms                         0x20000008   Data           4  main.o(.data)
    sensor_calibration_current               0x2000000c   Data           4  main.o(.data)
    cmd_iq                                   0x20000010   Data           4  main.o(.data)
    cmd_id                                   0x20000014   Data           4  main.o(.data)
    dir                                      0x20000018   Data           4  main.o(.data)
    rpm                                      0x2000001c   Data           4  main.o(.data)
    defaultTaskHandle                        0x20000020   Data           4  main.o(.data)
    SensorTaskHandle                         0x20000024   Data           4  main.o(.data)
    ScheduleTaskHandle                       0x20000028   Data           4  main.o(.data)
    VCPTaskHandle                            0x2000002c   Data           4  main.o(.data)
    cmd_spd                                  0x20000030   Data           5  main.o(.data)
    cmd_dir                                  0x20000035   Data           5  main.o(.data)
    cmd_switch                               0x2000003a   Data           8  main.o(.data)
    PWM_T_us                                 0x20000044   Data           2  stm32f4xx_it.o(.data)
    PWM_H_us                                 0x20000046   Data           2  stm32f4xx_it.o(.data)
    PWM_T_Count                              0x20000048   Data           4  stm32f4xx_it.o(.data)
    PWM_H_Count                              0x2000004c   Data           4  stm32f4xx_it.o(.data)
    PWM_Duty                                 0x20000050   Data           4  stm32f4xx_it.o(.data)
    FS_Desc                                  0x20000054   Data          28  usbd_desc.o(.data)
    USBD_LangIDDesc                          0x20000070   Data           4  usbd_desc.o(.data)
    USBD_FS_DeviceDesc                       0x20000074   Data          18  usbd_desc.o(.data)
    USBD_StringSerial                        0x20000088   Data          26  usbd_desc.o(.data)
    USBD_Interface_fops_FS                   0x200000a4   Data          20  usbd_cdc_if.o(.data)
    uwTickFreq                               0x200000b8   Data           1  stm32f4xx_hal.o(.data)
    uwTickPrio                               0x200000bc   Data           4  stm32f4xx_hal.o(.data)
    uwTick                                   0x200000c0   Data           4  stm32f4xx_hal.o(.data)
    SystemCoreClock                          0x200000c4   Data           4  system_stm32f4xx.o(.data)
    pxCurrentTCB                             0x200000c8   Data           4  tasks.o(.data)
    USBD_CDC                                 0x200001a0   Data          56  usbd_cdc.o(.data)
    motor_type_now                           0x200001d8   Data           1  motor.o(.data)
    Virtual_Moto                             0x200001dc   Data          20  motor.o(.data)
    Filter_Rate                              0x200001f0   Data          20  motor.o(.data)
    Motor_Config                             0x20000204   Data           3  motor.o(.data)
    vis_ctrl                                 0x2000020c   Data          24  vis.o(.data)
    inverter_ctrl                            0x20000224   Data          12  inverter.o(.data)
    foc_ctrl                                 0x20000230   Data         128  foc_motor.o(.data)
    HFI_ctrl                                 0x200002b0   Data          32  foc_motor.o(.data)
    HFI_run                                  0x200002d0   Data         144  foc_motor.o(.data)
    bldc_ctrl                                0x20000360   Data          80  bldc_motor.o(.data)
    AS5048_para                              0x200003b0   Data          16  encoder.o(.data)
    hall_index_calibrated                    0x200003c0   Data          32  hall.o(.data)
    hall_deg_calibrated                      0x200003e0   Data          32  hall.o(.data)
    hall_rad_calibrated                      0x20000400   Data          32  hall.o(.data)
    sensor_calibration_status                0x20000420   Data           1  sensor.o(.data)
    sensor_calibration_err                   0x20000424   Data           4  sensor.o(.data)
    adc_cali                                 0x20000428   Data          28  voltagecurrentsensor.o(.data)
    Vbus_ADC                                 0x20000444   Data           2  voltagecurrentsensor.o(.data)
    p_phase_voltage_V                        0x20000448   Data           4  voltagecurrentsensor.o(.data)
    p_phase_current_A                        0x2000044c   Data           4  voltagecurrentsensor.o(.data)
    debug_arr                                0x20000450   Data          44  main.o(.bss)
    hadc1                                    0x2000047c   Data          72  main.o(.bss)
    hadc2                                    0x200004c4   Data          72  main.o(.bss)
    hadc3                                    0x2000050c   Data          72  main.o(.bss)
    hspi1                                    0x20000554   Data          88  main.o(.bss)
    hspi3                                    0x200005ac   Data          88  main.o(.bss)
    htim1                                    0x20000604   Data          72  main.o(.bss)
    hdma_adc3                                0x2000064c   Data          96  main.o(.bss)
    hdma_tim4_ch1                            0x200006ac   Data          96  main.o(.bss)
    hdma_tim4_ch2                            0x2000070c   Data          96  main.o(.bss)
    htim7                                    0x2000076c   Data          72  stm32f4xx_hal_timebase_tim.o(.bss)
    hUsbDeviceFS                             0x200007b4   Data         732  usb_device.o(.bss)
    USBD_StrDesc                             0x20000a90   Data         512  usbd_desc.o(.bss)
    UserRxBufferFS                           0x20000c90   Data        2048  usbd_cdc_if.o(.bss)
    UserTxBufferFS                           0x20001490   Data        2048  usbd_cdc_if.o(.bss)
    hpcd_USB_OTG_FS                          0x20001eb0   Data        1292  usbd_conf.o(.bss)
    xQueueRegistry                           0x200023bc   Data          64  queue.o(.bss)
    timer_cnt_arr                            0x20006c90   Data          20  motor.o(.bss)
    vis_run                                  0x20006ccc   Data          40  vis.o(.bss)
    inverter_run                             0x20006d0c   Data          32  inverter.o(.bss)
    foc_para                                 0x20006d2c   Data         208  foc_motor.o(.bss)
    foc_run                                  0x20006dfc   Data          84  foc_motor.o(.bss)
    ID_PID                                   0x20006e50   Data          64  foc_motor.o(.bss)
    IQ_PID                                   0x20006e90   Data          64  foc_motor.o(.bss)
    Speed_PID                                0x20006ed0   Data          64  foc_motor.o(.bss)
    Position_PID                             0x20006f10   Data          64  foc_motor.o(.bss)
    NFO_observer                             0x20006f50   Data         136  foc_motor.o(.bss)
    Encoder_PLL                              0x20006fd8   Data          56  foc_motor.o(.bss)
    Hall_PLL                                 0x20007010   Data          56  foc_motor.o(.bss)
    HFI_PLL                                  0x20007048   Data          56  foc_motor.o(.bss)
    bldc_run                                 0x20007080   Data         224  bldc_motor.o(.bss)
    Hall_Sensor                              0x20007160   Data          84  hall.o(.bss)
    adc_cali_temp                            0x200071b4   Data          28  voltagecurrentsensor.o(.bss)
    adc_value                                0x200071d0   Data          24  voltagecurrentsensor.o(.bss)
    phase_voltage_V                          0x200071e8   Data          12  voltagecurrentsensor.o(.bss)
    phase_voltage_V_f                        0x200071f4   Data          12  voltagecurrentsensor.o(.bss)
    phase_current_A                          0x20007200   Data          12  voltagecurrentsensor.o(.bss)
    phase_current_A_f                        0x2000720c   Data          12  voltagecurrentsensor.o(.bss)
    __libspace_start                         0x20007218   Data          96  libspace.o(.bss)
    __temporary_stack_top$libspace           0x20007278   Data           0  libspace.o(.bss)



==============================================================================

Memory Map of the image

  Image Entry point : 0x08000189

  Load Region LR_IROM1 (Base: 0x08000000, Size: 0x0000f838, Max: 0x00100000, ABSOLUTE, COMPRESSED[0x0000f5ec])

    Execution Region ER_IROM1 (Exec base: 0x08000000, Load base: 0x08000000, Size: 0x0000f3e8, Max: 0x00100000, ABSOLUTE)

    Exec Addr    Load Addr    Size         Type   Attr      Idx    E Section Name        Object

    0x08000000   0x08000000   0x00000188   Data   RO            3    RESET               startup_stm32f405xx.o
    0x08000188   0x08000188   0x00000008   Code   RO         8371  * !!!main             c_w.l(__main.o)
    0x08000190   0x08000190   0x00000034   Code   RO         8838    !!!scatter          c_w.l(__scatter.o)
    0x080001c4   0x080001c4   0x0000005a   Code   RO         8836    !!dczerorl2         c_w.l(__dczerorl2.o)
    0x0800021e   0x0800021e   0x00000002   PAD
    0x08000220   0x08000220   0x0000001c   Code   RO         8840    !!handler_zi        c_w.l(__scatter_zi.o)
    0x0800023c   0x0800023c   0x00000002   Code   RO         8585    .ARM.Collect$$libinit$$00000000  c_w.l(libinit.o)
    0x0800023e   0x0800023e   0x00000004   Code   RO         8586    .ARM.Collect$$libinit$$00000001  c_w.l(libinit2.o)
    0x08000242   0x08000242   0x00000000   Code   RO         8589    .ARM.Collect$$libinit$$00000004  c_w.l(libinit2.o)
    0x08000242   0x08000242   0x00000000   Code   RO         8592    .ARM.Collect$$libinit$$0000000A  c_w.l(libinit2.o)
    0x08000242   0x08000242   0x00000000   Code   RO         8594    .ARM.Collect$$libinit$$0000000C  c_w.l(libinit2.o)
    0x08000242   0x08000242   0x00000000   Code   RO         8596    .ARM.Collect$$libinit$$0000000E  c_w.l(libinit2.o)
    0x08000242   0x08000242   0x00000006   Code   RO         8597    .ARM.Collect$$libinit$$0000000F  c_w.l(libinit2.o)
    0x08000248   0x08000248   0x00000000   Code   RO         8599    .ARM.Collect$$libinit$$00000011  c_w.l(libinit2.o)
    0x08000248   0x08000248   0x0000000c   Code   RO         8600    .ARM.Collect$$libinit$$00000012  c_w.l(libinit2.o)
    0x08000254   0x08000254   0x00000000   Code   RO         8601    .ARM.Collect$$libinit$$00000013  c_w.l(libinit2.o)
    0x08000254   0x08000254   0x00000000   Code   RO         8603    .ARM.Collect$$libinit$$00000015  c_w.l(libinit2.o)
    0x08000254   0x08000254   0x0000000a   Code   RO         8604    .ARM.Collect$$libinit$$00000016  c_w.l(libinit2.o)
    0x0800025e   0x0800025e   0x00000000   Code   RO         8605    .ARM.Collect$$libinit$$00000017  c_w.l(libinit2.o)
    0x0800025e   0x0800025e   0x00000000   Code   RO         8607    .ARM.Collect$$libinit$$00000019  c_w.l(libinit2.o)
    0x0800025e   0x0800025e   0x00000000   Code   RO         8609    .ARM.Collect$$libinit$$0000001B  c_w.l(libinit2.o)
    0x0800025e   0x0800025e   0x00000000   Code   RO         8611    .ARM.Collect$$libinit$$0000001D  c_w.l(libinit2.o)
    0x0800025e   0x0800025e   0x00000000   Code   RO         8613    .ARM.Collect$$libinit$$0000001F  c_w.l(libinit2.o)
    0x0800025e   0x0800025e   0x00000000   Code   RO         8615    .ARM.Collect$$libinit$$00000021  c_w.l(libinit2.o)
    0x0800025e   0x0800025e   0x00000000   Code   RO         8617    .ARM.Collect$$libinit$$00000023  c_w.l(libinit2.o)
    0x0800025e   0x0800025e   0x00000000   Code   RO         8619    .ARM.Collect$$libinit$$00000025  c_w.l(libinit2.o)
    0x0800025e   0x0800025e   0x00000000   Code   RO         8623    .ARM.Collect$$libinit$$0000002C  c_w.l(libinit2.o)
    0x0800025e   0x0800025e   0x00000000   Code   RO         8625    .ARM.Collect$$libinit$$0000002E  c_w.l(libinit2.o)
    0x0800025e   0x0800025e   0x00000000   Code   RO         8627    .ARM.Collect$$libinit$$00000030  c_w.l(libinit2.o)
    0x0800025e   0x0800025e   0x00000000   Code   RO         8629    .ARM.Collect$$libinit$$00000032  c_w.l(libinit2.o)
    0x0800025e   0x0800025e   0x00000002   Code   RO         8630    .ARM.Collect$$libinit$$00000033  c_w.l(libinit2.o)
    0x08000260   0x08000260   0x00000002   Code   RO         8746    .ARM.Collect$$libshutdown$$00000000  c_w.l(libshutdown.o)
    0x08000262   0x08000262   0x00000000   Code   RO         8782    .ARM.Collect$$libshutdown$$00000002  c_w.l(libshutdown2.o)
    0x08000262   0x08000262   0x00000000   Code   RO         8784    .ARM.Collect$$libshutdown$$00000004  c_w.l(libshutdown2.o)
    0x08000262   0x08000262   0x00000000   Code   RO         8786    .ARM.Collect$$libshutdown$$00000006  c_w.l(libshutdown2.o)
    0x08000262   0x08000262   0x00000000   Code   RO         8789    .ARM.Collect$$libshutdown$$00000009  c_w.l(libshutdown2.o)
    0x08000262   0x08000262   0x00000000   Code   RO         8792    .ARM.Collect$$libshutdown$$0000000C  c_w.l(libshutdown2.o)
    0x08000262   0x08000262   0x00000000   Code   RO         8794    .ARM.Collect$$libshutdown$$0000000E  c_w.l(libshutdown2.o)
    0x08000262   0x08000262   0x00000000   Code   RO         8797    .ARM.Collect$$libshutdown$$00000011  c_w.l(libshutdown2.o)
    0x08000262   0x08000262   0x00000002   Code   RO         8798    .ARM.Collect$$libshutdown$$00000012  c_w.l(libshutdown2.o)
    0x08000264   0x08000264   0x00000000   Code   RO         8483    .ARM.Collect$$rtentry$$00000000  c_w.l(__rtentry.o)
    0x08000264   0x08000264   0x00000000   Code   RO         8527    .ARM.Collect$$rtentry$$00000002  c_w.l(__rtentry2.o)
    0x08000264   0x08000264   0x00000006   Code   RO         8539    .ARM.Collect$$rtentry$$00000004  c_w.l(__rtentry4.o)
    0x0800026a   0x0800026a   0x00000000   Code   RO         8529    .ARM.Collect$$rtentry$$00000009  c_w.l(__rtentry2.o)
    0x0800026a   0x0800026a   0x00000004   Code   RO         8530    .ARM.Collect$$rtentry$$0000000A  c_w.l(__rtentry2.o)
    0x0800026e   0x0800026e   0x00000000   Code   RO         8532    .ARM.Collect$$rtentry$$0000000C  c_w.l(__rtentry2.o)
    0x0800026e   0x0800026e   0x00000008   Code   RO         8533    .ARM.Collect$$rtentry$$0000000D  c_w.l(__rtentry2.o)
    0x08000276   0x08000276   0x00000002   Code   RO         8631    .ARM.Collect$$rtexit$$00000000  c_w.l(rtexit.o)
    0x08000278   0x08000278   0x00000000   Code   RO         8697    .ARM.Collect$$rtexit$$00000002  c_w.l(rtexit2.o)
    0x08000278   0x08000278   0x00000004   Code   RO         8698    .ARM.Collect$$rtexit$$00000003  c_w.l(rtexit2.o)
    0x0800027c   0x0800027c   0x00000006   Code   RO         8699    .ARM.Collect$$rtexit$$00000004  c_w.l(rtexit2.o)
    0x08000282   0x08000282   0x00000002   PAD
    0x08000284   0x08000284   0x000000be   Code   RO         6395    .emb_text           port.o
    0x08000342   0x08000342   0x00000002   PAD
    0x08000344   0x08000344   0x00000040   Code   RO            4    .text               startup_stm32f405xx.o
    0x08000384   0x08000384   0x000000ee   Code   RO         8351    .text               c_w.l(lludivv7m.o)
    0x08000472   0x08000472   0x00000058   Code   RO         8355    .text               c_w.l(memcmp.o)
    0x080004ca   0x080004ca   0x00000096   Code   RO         8357    .text               c_w.l(strncmp.o)
    0x08000560   0x08000560   0x0000008a   Code   RO         8359    .text               c_w.l(rt_memcpy_v6.o)
    0x080005ea   0x080005ea   0x00000064   Code   RO         8361    .text               c_w.l(rt_memcpy_w.o)
    0x0800064e   0x0800064e   0x00000010   Code   RO         8365    .text               c_w.l(aeabi_memset.o)
    0x0800065e   0x0800065e   0x0000004e   Code   RO         8367    .text               c_w.l(rt_memclr_w.o)
    0x080006ac   0x080006ac   0x00000006   Code   RO         8369    .text               c_w.l(heapauxi.o)
    0x080006b2   0x080006b2   0x00000016   Code   RO         8488    .text               c_w.l(_rserrno.o)
    0x080006c8   0x080006c8   0x000000a4   Code   RO         8490    .text               c_w.l(strtod.o)
    0x0800076c   0x0800076c   0x00000044   Code   RO         8492    .text               c_w.l(rt_memclr.o)
    0x080007b0   0x080007b0   0x00000008   Code   RO         8546    .text               c_w.l(rt_errno_addr_intlibspace.o)
    0x080007b8   0x080007b8   0x00000012   Code   RO         8548    .text               c_w.l(isspace.o)
    0x080007ca   0x080007ca   0x00000040   Code   RO         8550    .text               c_w.l(_sgetc.o)
    0x0800080a   0x0800080a   0x00000002   PAD
    0x0800080c   0x0800080c   0x00000008   Code   RO         8561    .text               c_w.l(libspace.o)
    0x08000814   0x08000814   0x0000004a   Code   RO         8564    .text               c_w.l(sys_stackheap_outer.o)
    0x0800085e   0x0800085e   0x00000002   PAD
    0x08000860   0x08000860   0x00000010   Code   RO         8566    .text               c_w.l(rt_ctype_table.o)
    0x08000870   0x08000870   0x000004f8   Code   RO         8568    .text               c_w.l(scanf_fp.o)
    0x08000d68   0x08000d68   0x00000012   Code   RO         8572    .text               c_w.l(exit.o)
    0x08000d7a   0x08000d7a   0x00000002   PAD
    0x08000d7c   0x08000d7c   0x00000080   Code   RO         8578    .text               c_w.l(strcmpv7m.o)
    0x08000dfc   0x08000dfc   0x00000008   Code   RO         8638    .text               c_w.l(rt_locale_intlibspace.o)
    0x08000e04   0x08000e04   0x000000e4   Code   RO         8640    .text               c_w.l(bigflt0.o)
    0x08000ee8   0x08000ee8   0x0000000c   Code   RO         8694    .text               c_w.l(sys_exit.o)
    0x08000ef4   0x08000ef4   0x00000320   Code   RO         8703    .text               c_w.l(scanf_hexfp.o)
    0x08001214   0x08001214   0x00000134   Code   RO         8705    .text               c_w.l(scanf_infnan.o)
    0x08001348   0x08001348   0x00000002   Code   RO         8729    .text               c_w.l(use_no_semi.o)
    0x0800134a   0x0800134a   0x00000000   Code   RO         8731    .text               c_w.l(indicate_semi.o)
    0x0800134a   0x0800134a   0x00000026   Code   RO         8734    .text               c_w.l(llshl.o)
    0x08001370   0x08001370   0x0000001c   Code   RO         8736    .text               c_w.l(_chval.o)
    0x0800138c   0x0800138c   0x00000338   Code   RO         8653    CL$$btod_div_common  c_w.l(btod.o)
    0x080016c4   0x080016c4   0x00000084   Code   RO         8651    CL$$btod_e2d        c_w.l(btod.o)
    0x08001748   0x08001748   0x000000dc   Code   RO         8650    CL$$btod_e2e        c_w.l(btod.o)
    0x08001824   0x08001824   0x0000002a   Code   RO         8647    CL$$btod_ediv       c_w.l(btod.o)
    0x0800184e   0x0800184e   0x0000002a   Code   RO         8649    CL$$btod_edivd      c_w.l(btod.o)
    0x08001878   0x08001878   0x0000002a   Code   RO         8646    CL$$btod_emul       c_w.l(btod.o)
    0x080018a2   0x080018a2   0x0000002a   Code   RO         8648    CL$$btod_emuld      c_w.l(btod.o)
    0x080018cc   0x080018cc   0x00000244   Code   RO         8652    CL$$btod_mult_common  c_w.l(btod.o)
    0x08001b10   0x08001b10   0x00000048   Code   RO         7134    i.ABS_Rad_Diff      angle_utils.o
    0x08001b58   0x08001b58   0x0000006e   Code   RO         2872    i.ADC_DMAConvCplt   stm32f4xx_hal_adc.o
    0x08001bc6   0x08001bc6   0x00000016   Code   RO         2873    i.ADC_DMAError      stm32f4xx_hal_adc.o
    0x08001bdc   0x08001bdc   0x0000000a   Code   RO         2874    i.ADC_DMAHalfConvCplt  stm32f4xx_hal_adc.o
    0x08001be6   0x08001be6   0x00000002   PAD
    0x08001be8   0x08001be8   0x00000260   Code   RO          455    i.ADC_IRQHandler    stm32f4xx_it.o
    0x08001e48   0x08001e48   0x00000128   Code   RO         2875    i.ADC_Init          stm32f4xx_hal_adc.o
    0x08001f70   0x08001f70   0x00000060   Code   RO         8131    i.AS5048_Read_M_Ang  as5048a.o
    0x08001fd0   0x08001fd0   0x00000024   Code   RO         8132    i.AS5048a_Clear_Err  as5048a.o
    0x08001ff4   0x08001ff4   0x00000060   Code   RO         8133    i.AS5048a_Read_Raw  as5048a.o
    0x08002054   0x08002054   0x00000060   Code   RO         7135    i.Angle_Average     angle_utils.o
    0x080020b4   0x080020b4   0x000000ac   Code   RO         7928    i.BLDC_Current_Process  bldc_motor.o
    0x08002160   0x08002160   0x00000a30   Code   RO         7929    i.BLDC_Process      bldc_motor.o
    0x08002b90   0x08002b90   0x00000030   Code   RO         7930    i.Brake             bldc_motor.o
    0x08002bc0   0x08002bc0   0x0000003a   Code   RO         7332    i.Bubble_Sort_U16   sort.o
    0x08002bfa   0x08002bfa   0x00000002   Code   RO          456    i.BusFault_Handler  stm32f4xx_it.o
    0x08002bfc   0x08002bfc   0x00000004   Code   RO          891    i.CDC_Control_FS    usbd_cdc_if.o
    0x08002c00   0x08002c00   0x00000004   Code   RO          892    i.CDC_DeInit_FS     usbd_cdc_if.o
    0x08002c04   0x08002c04   0x00000024   Code   RO          893    i.CDC_Init_FS       usbd_cdc_if.o
    0x08002c28   0x08002c28   0x00000024   Code   RO          894    i.CDC_Receive_FS    usbd_cdc_if.o
    0x08002c4c   0x08002c4c   0x00000004   Code   RO          895    i.CDC_TransmitCplt_FS  usbd_cdc_if.o
    0x08002c50   0x08002c50   0x0000002c   Code   RO          896    i.CDC_Transmit_FS   usbd_cdc_if.o
    0x08002c7c   0x08002c7c   0x0000004c   Code   RO         7694    i.Clarke_Transmission  foc.o
    0x08002cc8   0x08002cc8   0x0000001c   Code   RO         7555    i.Clear_Vis         vis.o
    0x08002ce4   0x08002ce4   0x0000008c   Code   RO         6982    i.Current_Loop_Parallel_PID_Tune  pid.o
    0x08002d70   0x08002d70   0x0000000c   Code   RO          457    i.DMA1_Stream0_IRQHandler  stm32f4xx_it.o
    0x08002d7c   0x08002d7c   0x0000000c   Code   RO          458    i.DMA1_Stream3_IRQHandler  stm32f4xx_it.o
    0x08002d88   0x08002d88   0x0000000c   Code   RO          459    i.DMA2_Stream0_IRQHandler  stm32f4xx_it.o
    0x08002d94   0x08002d94   0x00000028   Code   RO         2199    i.DMA_CalcBaseAndBitshift  stm32f4xx_hal_dma.o
    0x08002dbc   0x08002dbc   0x00000054   Code   RO         2200    i.DMA_CheckFifoParam  stm32f4xx_hal_dma.o
    0x08002e10   0x08002e10   0x00000028   Code   RO         2201    i.DMA_SetConfig     stm32f4xx_hal_dma.o
    0x08002e38   0x08002e38   0x00000138   Code   RO           13    i.Dead_Time_Cal     main.o
    0x08002f70   0x08002f70   0x00000020   Code   RO           14    i.Dead_Time_Compensation_Cal  main.o
    0x08002f90   0x08002f90   0x00000002   Code   RO          460    i.DebugMon_Handler  stm32f4xx_it.o
    0x08002f92   0x08002f92   0x00000002   PAD
    0x08002f94   0x08002f94   0x000000b4   Code   RO         7794    i.Encoder_Angle_Speed_Cal  foc_motor.o
    0x08003048   0x08003048   0x00000560   Code   RO         8177    i.Encoder_Calibration  encoder.o
    0x080035a8   0x080035a8   0x00000004   Code   RO           15    i.Error_Handler     main.o
    0x080035ac   0x080035ac   0x000005dc   Code   RO         7795    i.FOC_Process       foc_motor.o
    0x08003b88   0x08003b88   0x000000be   Code   RO         6986    i.FeedForward_Parallel_PID_Position_Run  pid.o
    0x08003c46   0x08003c46   0x00000002   PAD
    0x08003c48   0x08003c48   0x00000056   Code   RO         7334    i.Find_Most_Repeated_Element  sort.o
    0x08003c9e   0x08003c9e   0x00000002   PAD
    0x08003ca0   0x08003ca0   0x00000030   Code   RO         7931    i.Full_Brake        bldc_motor.o
    0x08003cd0   0x08003cd0   0x0000026c   Code   RO         7796    i.HALL_Angle_Speed_Cal  foc_motor.o
    0x08003f3c   0x08003f3c   0x000004c4   Code   RO         8219    i.HALL_Calibration  hall.o
    0x08004400   0x08004400   0x000001bc   Code   RO         3045    i.HAL_ADCEx_InjectedConfigChannel  stm32f4xx_hal_adc_ex.o
    0x080045bc   0x080045bc   0x000000e4   Code   RO         3050    i.HAL_ADCEx_InjectedStart_IT  stm32f4xx_hal_adc_ex.o
    0x080046a0   0x080046a0   0x00000054   Code   RO         3053    i.HAL_ADCEx_MultiModeConfigChannel  stm32f4xx_hal_adc_ex.o
    0x080046f4   0x080046f4   0x0000014c   Code   RO         2877    i.HAL_ADC_ConfigChannel  stm32f4xx_hal_adc.o
    0x08004840   0x08004840   0x00000002   Code   RO         2878    i.HAL_ADC_ConvCpltCallback  stm32f4xx_hal_adc.o
    0x08004842   0x08004842   0x00000002   Code   RO         2879    i.HAL_ADC_ConvHalfCpltCallback  stm32f4xx_hal_adc.o
    0x08004844   0x08004844   0x00000002   Code   RO         2881    i.HAL_ADC_ErrorCallback  stm32f4xx_hal_adc.o
    0x08004846   0x08004846   0x00000054   Code   RO         2886    i.HAL_ADC_Init      stm32f4xx_hal_adc.o
    0x0800489a   0x0800489a   0x00000002   PAD
    0x0800489c   0x0800489c   0x00000184   Code   RO          592    i.HAL_ADC_MspInit   stm32f4xx_hal_msp.o
    0x08004a20   0x08004a20   0x000000fc   Code   RO         2892    i.HAL_ADC_Start     stm32f4xx_hal_adc.o
    0x08004b1c   0x08004b1c   0x00000154   Code   RO         2893    i.HAL_ADC_Start_DMA  stm32f4xx_hal_adc.o
    0x08004c70   0x08004c70   0x000001a0   Code   RO         2207    i.HAL_DMA_IRQHandler  stm32f4xx_hal_dma.o
    0x08004e10   0x08004e10   0x000000d4   Code   RO         2208    i.HAL_DMA_Init      stm32f4xx_hal_dma.o
    0x08004ee4   0x08004ee4   0x0000006e   Code   RO         2212    i.HAL_DMA_Start_IT  stm32f4xx_hal_dma.o
    0x08004f52   0x08004f52   0x00000002   PAD
    0x08004f54   0x08004f54   0x00000024   Code   RO         2621    i.HAL_Delay         stm32f4xx_hal.o
    0x08004f78   0x08004f78   0x000001f0   Code   RO         2095    i.HAL_GPIO_Init     stm32f4xx_hal_gpio.o
    0x08005168   0x08005168   0x0000000a   Code   RO         2099    i.HAL_GPIO_WritePin  stm32f4xx_hal_gpio.o
    0x08005172   0x08005172   0x00000002   PAD
    0x08005174   0x08005174   0x0000000c   Code   RO         2627    i.HAL_GetTick       stm32f4xx_hal.o
    0x08005180   0x08005180   0x00000010   Code   RO         2633    i.HAL_IncTick       stm32f4xx_hal.o
    0x08005190   0x08005190   0x00000034   Code   RO         2634    i.HAL_Init          stm32f4xx_hal.o
    0x080051c4   0x080051c4   0x00000074   Code   RO          670    i.HAL_InitTick      stm32f4xx_hal_timebase_tim.o
    0x08005238   0x08005238   0x00000038   Code   RO          595    i.HAL_MspInit       stm32f4xx_hal_msp.o
    0x08005270   0x08005270   0x0000001a   Code   RO         2484    i.HAL_NVIC_EnableIRQ  stm32f4xx_hal_cortex.o
    0x0800528a   0x0800528a   0x00000002   PAD
    0x0800528c   0x0800528c   0x00000040   Code   RO         2490    i.HAL_NVIC_SetPriority  stm32f4xx_hal_cortex.o
    0x080052cc   0x080052cc   0x00000024   Code   RO         2491    i.HAL_NVIC_SetPriorityGrouping  stm32f4xx_hal_cortex.o
    0x080052f0   0x080052f0   0x00000002   Code   RO         1394    i.HAL_PCDEx_LPM_Callback  stm32f4xx_hal_pcd_ex.o
    0x080052f2   0x080052f2   0x00000008   Code   RO         1395    i.HAL_PCDEx_SetRxFiFo  stm32f4xx_hal_pcd_ex.o
    0x080052fa   0x080052fa   0x00000044   Code   RO         1396    i.HAL_PCDEx_SetTxFiFo  stm32f4xx_hal_pcd_ex.o
    0x0800533e   0x0800533e   0x00000008   Code   RO          948    i.HAL_PCD_ConnectCallback  usbd_conf.o
    0x08005346   0x08005346   0x00000012   Code   RO          949    i.HAL_PCD_DataInStageCallback  usbd_conf.o
    0x08005358   0x08005358   0x00000014   Code   RO          950    i.HAL_PCD_DataOutStageCallback  usbd_conf.o
    0x0800536c   0x0800536c   0x00000008   Code   RO          951    i.HAL_PCD_DisconnectCallback  usbd_conf.o
    0x08005374   0x08005374   0x0000001e   Code   RO         1164    i.HAL_PCD_EP_Abort  stm32f4xx_hal_pcd.o
    0x08005392   0x08005392   0x0000004c   Code   RO         1165    i.HAL_PCD_EP_Close  stm32f4xx_hal_pcd.o
    0x080053de   0x080053de   0x0000005c   Code   RO         1166    i.HAL_PCD_EP_ClrStall  stm32f4xx_hal_pcd.o
    0x0800543a   0x0800543a   0x00000012   Code   RO         1168    i.HAL_PCD_EP_GetRxCount  stm32f4xx_hal_pcd.o
    0x0800544c   0x0800544c   0x00000060   Code   RO         1169    i.HAL_PCD_EP_Open   stm32f4xx_hal_pcd.o
    0x080054ac   0x080054ac   0x00000048   Code   RO         1170    i.HAL_PCD_EP_Receive  stm32f4xx_hal_pcd.o
    0x080054f4   0x080054f4   0x00000074   Code   RO         1171    i.HAL_PCD_EP_SetStall  stm32f4xx_hal_pcd.o
    0x08005568   0x08005568   0x00000040   Code   RO         1172    i.HAL_PCD_EP_Transmit  stm32f4xx_hal_pcd.o
    0x080055a8   0x080055a8   0x00000560   Code   RO         1174    i.HAL_PCD_IRQHandler  stm32f4xx_hal_pcd.o
    0x08005b08   0x08005b08   0x00000008   Code   RO          952    i.HAL_PCD_ISOINIncompleteCallback  usbd_conf.o
    0x08005b10   0x08005b10   0x00000008   Code   RO          953    i.HAL_PCD_ISOOUTIncompleteCallback  usbd_conf.o
    0x08005b18   0x08005b18   0x000000e2   Code   RO         1177    i.HAL_PCD_Init      stm32f4xx_hal_pcd.o
    0x08005bfa   0x08005bfa   0x00000002   PAD
    0x08005bfc   0x08005bfc   0x00000084   Code   RO          955    i.HAL_PCD_MspInit   usbd_conf.o
    0x08005c80   0x08005c80   0x0000002c   Code   RO          956    i.HAL_PCD_ResetCallback  usbd_conf.o
    0x08005cac   0x08005cac   0x00000008   Code   RO          957    i.HAL_PCD_ResumeCallback  usbd_conf.o
    0x08005cb4   0x08005cb4   0x00000008   Code   RO          958    i.HAL_PCD_SOFCallback  usbd_conf.o
    0x08005cbc   0x08005cbc   0x00000028   Code   RO         1183    i.HAL_PCD_SetAddress  stm32f4xx_hal_pcd.o
    0x08005ce4   0x08005ce4   0x0000000e   Code   RO          959    i.HAL_PCD_SetupStageCallback  usbd_conf.o
    0x08005cf2   0x08005cf2   0x00000042   Code   RO         1186    i.HAL_PCD_Start     stm32f4xx_hal_pcd.o
    0x08005d34   0x08005d34   0x00000030   Code   RO          960    i.HAL_PCD_SuspendCallback  usbd_conf.o
    0x08005d64   0x08005d64   0x00000134   Code   RO         1741    i.HAL_RCC_ClockConfig  stm32f4xx_hal_rcc.o
    0x08005e98   0x08005e98   0x00000040   Code   RO         1745    i.HAL_RCC_GetClockConfig  stm32f4xx_hal_rcc.o
    0x08005ed8   0x08005ed8   0x0000000c   Code   RO         1746    i.HAL_RCC_GetHCLKFreq  stm32f4xx_hal_rcc.o
    0x08005ee4   0x08005ee4   0x00000020   Code   RO         1748    i.HAL_RCC_GetPCLK1Freq  stm32f4xx_hal_rcc.o
    0x08005f04   0x08005f04   0x00000060   Code   RO         1750    i.HAL_RCC_GetSysClockFreq  stm32f4xx_hal_rcc.o
    0x08005f64   0x08005f64   0x0000036c   Code   RO         1753    i.HAL_RCC_OscConfig  stm32f4xx_hal_rcc.o
    0x080062d0   0x080062d0   0x000000bc   Code   RO         3161    i.HAL_SPI_Init      stm32f4xx_hal_spi.o
    0x0800638c   0x0800638c   0x000000b0   Code   RO          597    i.HAL_SPI_MspInit   stm32f4xx_hal_msp.o
    0x0800643c   0x0800643c   0x00000054   Code   RO         4181    i.HAL_TIMEx_ConfigBreakDeadTime  stm32f4xx_hal_tim_ex.o
    0x08006490   0x08006490   0x00000090   Code   RO         4197    i.HAL_TIMEx_MasterConfigSynchronization  stm32f4xx_hal_tim_ex.o
    0x08006520   0x08006520   0x000000c0   Code   RO         4208    i.HAL_TIMEx_PWMN_Start  stm32f4xx_hal_tim_ex.o
    0x080065e0   0x080065e0   0x0000005a   Code   RO         3474    i.HAL_TIM_Base_Init  stm32f4xx_hal_tim.o
    0x0800663a   0x0800663a   0x00000002   PAD
    0x0800663c   0x0800663c   0x00000170   Code   RO          599    i.HAL_TIM_Base_MspInit  stm32f4xx_hal_msp.o
    0x080067ac   0x080067ac   0x00000078   Code   RO         3477    i.HAL_TIM_Base_Start  stm32f4xx_hal_tim.o
    0x08006824   0x08006824   0x00000080   Code   RO         3479    i.HAL_TIM_Base_Start_IT  stm32f4xx_hal_tim.o
    0x080068a4   0x080068a4   0x000000dc   Code   RO         3483    i.HAL_TIM_ConfigClockSource  stm32f4xx_hal_tim.o
    0x08006980   0x08006980   0x00000080   Code   RO          600    i.HAL_TIM_MspPostInit  stm32f4xx_hal_msp.o
    0x08006a00   0x08006a00   0x000000cc   Code   RO         3546    i.HAL_TIM_PWM_ConfigChannel  stm32f4xx_hal_tim.o
    0x08006acc   0x08006acc   0x0000005a   Code   RO         3549    i.HAL_TIM_PWM_Init  stm32f4xx_hal_tim.o
    0x08006b26   0x08006b26   0x00000002   Code   RO         3551    i.HAL_TIM_PWM_MspInit  stm32f4xx_hal_tim.o
    0x08006b28   0x08006b28   0x000000c8   Code   RO         3554    i.HAL_TIM_PWM_Start  stm32f4xx_hal_tim.o
    0x08006bf0   0x08006bf0   0x0000027c   Code   RO         7797    i.HFI_Angle_Speed_Cal  foc_motor.o
    0x08006e6c   0x08006e6c   0x0000003e   Code   RO         7932    i.HallLess_MOS_Switch  bldc_motor.o
    0x08006eaa   0x08006eaa   0x0000003e   Code   RO         7933    i.HallLess_MOS_Switch_Demagnetization  bldc_motor.o
    0x08006ee8   0x08006ee8   0x0000003a   Code   RO         7934    i.Hall_MOS_Switch   bldc_motor.o
    0x08006f22   0x08006f22   0x00000002   PAD
    0x08006f24   0x08006f24   0x00000018   Code   RO         8220    i.Hall_Sensor_Init  hall.o
    0x08006f3c   0x08006f3c   0x00000002   Code   RO          461    i.HardFault_Handler  stm32f4xx_it.o
    0x08006f3e   0x08006f3e   0x00000002   PAD
    0x08006f40   0x08006f40   0x0000006c   Code   RO         7238    i.IIR_Filter_Update  filter.o
    0x08006fac   0x08006fac   0x00000062   Code   RO         6988    i.IP_Run            pid.o
    0x0800700e   0x0800700e   0x00000002   PAD
    0x08007010   0x08007010   0x00000080   Code   RO         7935    i.Init_BLDC_Motor   bldc_motor.o
    0x08007090   0x08007090   0x000002d8   Code   RO         7798    i.Init_FOC_Motor    foc_motor.o
    0x08007368   0x08007368   0x00000098   Code   RO         7476    i.Init_Motor        motor.o
    0x08007400   0x08007400   0x0000006c   Code   RO         7556    i.Init_VIS          vis.o
    0x0800746c   0x0800746c   0x00000038   Code   RO          805    i.IntToUnicode      usbd_desc.o
    0x080074a4   0x080074a4   0x00000040   Code   RO         7696    i.Inverse_Clarke_Transmission  foc.o
    0x080074e4   0x080074e4   0x00000050   Code   RO         7697    i.Inverse_Park_Transmission  foc.o
    0x08007534   0x08007534   0x0000008c   Code   RO         7646    i.Inverter_Process  inverter.o
    0x080075c0   0x080075c0   0x00000040   Code   RO         7243    i.LPF_Alpha_Cal     filter.o
    0x08007600   0x08007600   0x00000010   Code   RO         7477    i.MOS_Driver_Disable  motor.o
    0x08007610   0x08007610   0x00000010   Code   RO         7478    i.MOS_Driver_Enable  motor.o
    0x08007620   0x08007620   0x0000002e   Code   RO         7936    i.MOS_Q15PWM        bldc_motor.o
    0x0800764e   0x0800764e   0x00000026   Code   RO         7937    i.MOS_Q15PWM_Q6_OFF  bldc_motor.o
    0x08007674   0x08007674   0x00000030   Code   RO         7938    i.MOS_Q16PWM        bldc_motor.o
    0x080076a4   0x080076a4   0x00000028   Code   RO         7939    i.MOS_Q16PWM_Q2_ON  bldc_motor.o
    0x080076cc   0x080076cc   0x0000002e   Code   RO         7940    i.MOS_Q24PWM        bldc_motor.o
    0x080076fa   0x080076fa   0x00000028   Code   RO         7941    i.MOS_Q24PWM_Q3_ON  bldc_motor.o
    0x08007722   0x08007722   0x0000002e   Code   RO         7942    i.MOS_Q26PWM        bldc_motor.o
    0x08007750   0x08007750   0x00000026   Code   RO         7943    i.MOS_Q26PWM_Q4_OFF  bldc_motor.o
    0x08007776   0x08007776   0x00000030   Code   RO         7944    i.MOS_Q34PWM        bldc_motor.o
    0x080077a6   0x080077a6   0x00000026   Code   RO         7945    i.MOS_Q34PWM_Q5_OFF  bldc_motor.o
    0x080077cc   0x080077cc   0x0000002e   Code   RO         7946    i.MOS_Q35PWM        bldc_motor.o
    0x080077fa   0x080077fa   0x00000028   Code   RO         7947    i.MOS_Q35PWM_Q1_ON  bldc_motor.o
    0x08007822   0x08007822   0x0000004c   Code   RO         7698    i.MTPA_Cal          foc.o
    0x0800786e   0x0800786e   0x00000002   PAD
    0x08007870   0x08007870   0x000000f0   Code   RO           17    i.MX_ADC1_Init      main.o
    0x08007960   0x08007960   0x000000c4   Code   RO           18    i.MX_ADC2_Init      main.o
    0x08007a24   0x08007a24   0x000000c4   Code   RO           19    i.MX_ADC3_Init      main.o
    0x08007ae8   0x08007ae8   0x000000c4   Code   RO           20    i.MX_GPIO_Init      main.o
    0x08007bac   0x08007bac   0x0000004c   Code   RO           21    i.MX_SPI1_Init      main.o
    0x08007bf8   0x08007bf8   0x00000048   Code   RO           22    i.MX_SPI3_Init      main.o
    0x08007c40   0x08007c40   0x0000010c   Code   RO           23    i.MX_TIM1_Init      main.o
    0x08007d4c   0x08007d4c   0x00000054   Code   RO          774    i.MX_USB_DEVICE_Init  usb_device.o
    0x08007da0   0x08007da0   0x00000002   Code   RO          462    i.MemManage_Handler  stm32f4xx_it.o
    0x08007da2   0x08007da2   0x00000002   PAD
    0x08007da4   0x08007da4   0x00000010   Code   RO         7480    i.Motor_Is_Running  motor.o
    0x08007db4   0x08007db4   0x00000080   Code   RO         8098    i.NFO_Init          nfo.o
    0x08007e34   0x08007e34   0x0000016c   Code   RO         8099    i.NFO_Run           nfo.o
    0x08007fa0   0x08007fa0   0x00000002   Code   RO          463    i.NMI_Handler       stm32f4xx_it.o
    0x08007fa2   0x08007fa2   0x00000002   PAD
    0x08007fa4   0x08007fa4   0x0000002c   Code   RO         7140    i.Normalize_Angle   angle_utils.o
    0x08007fd0   0x08007fd0   0x000000dc   Code   RO         7097    i.Normalize_PLL_Run  pll.o
    0x080080ac   0x080080ac   0x0000002c   Code   RO         7142    i.Normalize_Rad     angle_utils.o
    0x080080d8   0x080080d8   0x0000000c   Code   RO          464    i.OTG_FS_IRQHandler  stm32f4xx_it.o
    0x080080e4   0x080080e4   0x00000078   Code   RO         7799    i.Open_Loop_Angle_Speed_Cal  foc_motor.o
    0x0800815c   0x0800815c   0x000000cc   Code   RO         1190    i.PCD_EP_OutXfrComplete_int  stm32f4xx_hal_pcd.o
    0x08008228   0x08008228   0x000000a2   Code   RO         1191    i.PCD_WriteEmptyTxFifo  stm32f4xx_hal_pcd.o
    0x080082ca   0x080082ca   0x0000004c   Code   RO         6990    i.PID_Init          pid.o
    0x08008316   0x08008316   0x00000002   PAD
    0x08008318   0x08008318   0x00000028   Code   RO         6991    i.PID_Reset         pid.o
    0x08008340   0x08008340   0x0000000e   Code   RO         6992    i.PID_Set_Abs_Limit  pid.o
    0x0800834e   0x0800834e   0x00000002   PAD
    0x08008350   0x08008350   0x00000078   Code   RO         7098    i.PLL_Init          pll.o
    0x080083c8   0x080083c8   0x000000ba   Code   RO         6994    i.Parallel_PID_Position_Run  pid.o
    0x08008482   0x08008482   0x00000050   Code   RO         7699    i.Park_Transmission  foc.o
    0x080084d2   0x080084d2   0x00000002   PAD
    0x080084d4   0x080084d4   0x000000d8   Code   RO         7948    i.Plug_Brake        bldc_motor.o
    0x080085ac   0x080085ac   0x0000006c   Code   RO         7336    i.Quick_Sort        sort.o
    0x08008618   0x08008618   0x0000004e   Code   RO         7144    i.Rad_Average       angle_utils.o
    0x08008666   0x08008666   0x00000002   PAD
    0x08008668   0x08008668   0x00000078   Code   RO         7146    i.Rad_Diff_Dir      angle_utils.o
    0x080086e0   0x080086e0   0x00000160   Code   RO         7701    i.SPWM_AB_Voltage   foc.o
    0x08008840   0x08008840   0x000001dc   Code   RO         7704    i.SVPWM_DQ          foc.o
    0x08008a1c   0x08008a1c   0x00000150   Code   RO         7801    i.SVPWM_Update      foc_motor.o
    0x08008b6c   0x08008b6c   0x0000000a   Code   RO         6634    i.SWAPBYTE          usbd_ctlreq.o
    0x08008b76   0x08008b76   0x00000002   PAD
    0x08008b78   0x08008b78   0x00000070   Code   RO         7421    i.Saturate_Vector_2d  vector_utils.o
    0x08008be8   0x08008be8   0x0000009c   Code   RO           24    i.ScheduleTask      main.o
    0x08008c84   0x08008c84   0x00000470   Code   RO         7802    i.SensorLess_Angle_Speed_Cal  foc_motor.o
    0x080090f4   0x080090f4   0x0000003c   Code   RO           25    i.SensorTask        main.o
    0x08009130   0x08009130   0x00000074   Code   RO         8262    i.Sensor_Calibration  sensor.o
    0x080091a4   0x080091a4   0x00000120   Code   RO         7647    i.Sine_Wave_Generate  inverter.o
    0x080092c4   0x080092c4   0x00000050   Code   RO           26    i.StartDefaultTask  main.o
    0x08009314   0x08009314   0x00000114   Code   RO         7949    i.Start_BLDC_Motor  bldc_motor.o
    0x08009428   0x08009428   0x00000278   Code   RO         7803    i.Start_FOC_Motor   foc_motor.o
    0x080096a0   0x080096a0   0x00000074   Code   RO         7648    i.Start_Inverter    inverter.o
    0x08009714   0x08009714   0x0000003c   Code   RO         7481    i.Start_Motor       motor.o
    0x08009750   0x08009750   0x00000034   Code   RO         7557    i.Start_VIS         vis.o
    0x08009784   0x08009784   0x00000020   Code   RO         7950    i.Stop_BLDC_Motor   bldc_motor.o
    0x080097a4   0x080097a4   0x00000050   Code   RO         7804    i.Stop_FOC_Motor    foc_motor.o
    0x080097f4   0x080097f4   0x00000018   Code   RO         7649    i.Stop_Inverter     inverter.o
    0x0800980c   0x0800980c   0x0000003c   Code   RO         7482    i.Stop_Motor        motor.o
    0x08009848   0x08009848   0x00000040   Code   RO         7558    i.Stop_VIS          vis.o
    0x08009888   0x08009888   0x0000001a   Code   RO         5827    i.SysTick_Handler   cmsis_os2.o
    0x080098a2   0x080098a2   0x00000002   PAD
    0x080098a4   0x080098a4   0x00000098   Code   RO           27    i.SystemClock_Config  main.o
    0x0800993c   0x0800993c   0x00000010   Code   RO         4686    i.SystemInit        system_stm32f4xx.o
    0x0800994c   0x0800994c   0x00000010   Code   RO          465    i.TIM1_TRG_COM_TIM11_IRQHandler  stm32f4xx_it.o
    0x0800995c   0x0800995c   0x00000010   Code   RO          466    i.TIM1_UP_TIM10_IRQHandler  stm32f4xx_it.o
    0x0800996c   0x0800996c   0x0000000c   Code   RO          467    i.TIM3_IRQHandler   stm32f4xx_it.o
    0x08009978   0x08009978   0x00000048   Code   RO          468    i.TIM4_IRQHandler   stm32f4xx_it.o
    0x080099c0   0x080099c0   0x00000010   Code   RO          469    i.TIM7_IRQHandler   stm32f4xx_it.o
    0x080099d0   0x080099d0   0x000000c8   Code   RO         3567    i.TIM_Base_SetConfig  stm32f4xx_hal_tim.o
    0x08009a98   0x08009a98   0x0000001a   Code   RO         3568    i.TIM_CCxChannelCmd  stm32f4xx_hal_tim.o
    0x08009ab2   0x08009ab2   0x0000001a   Code   RO         4217    i.TIM_CCxNChannelCmd  stm32f4xx_hal_tim_ex.o
    0x08009acc   0x08009acc   0x00000014   Code   RO         3578    i.TIM_ETR_SetConfig  stm32f4xx_hal_tim.o
    0x08009ae0   0x08009ae0   0x00000010   Code   RO         3579    i.TIM_ITRx_SetConfig  stm32f4xx_hal_tim.o
    0x08009af0   0x08009af0   0x00000060   Code   RO         3580    i.TIM_OC1_SetConfig  stm32f4xx_hal_tim.o
    0x08009b50   0x08009b50   0x0000006c   Code   RO         3581    i.TIM_OC2_SetConfig  stm32f4xx_hal_tim.o
    0x08009bbc   0x08009bbc   0x00000068   Code   RO         3582    i.TIM_OC3_SetConfig  stm32f4xx_hal_tim.o
    0x08009c24   0x08009c24   0x00000050   Code   RO         3583    i.TIM_OC4_SetConfig  stm32f4xx_hal_tim.o
    0x08009c74   0x08009c74   0x00000022   Code   RO         3585    i.TIM_TI1_ConfigInputStage  stm32f4xx_hal_tim.o
    0x08009c96   0x08009c96   0x00000024   Code   RO         3587    i.TIM_TI2_ConfigInputStage  stm32f4xx_hal_tim.o
    0x08009cba   0x08009cba   0x00000076   Code   RO         6767    i.USBD_CDC_DataIn   usbd_cdc.o
    0x08009d30   0x08009d30   0x0000003c   Code   RO         6768    i.USBD_CDC_DataOut  usbd_cdc.o
    0x08009d6c   0x08009d6c   0x00000090   Code   RO         6769    i.USBD_CDC_DeInit   usbd_cdc.o
    0x08009dfc   0x08009dfc   0x00000036   Code   RO         6770    i.USBD_CDC_EP0_RxReady  usbd_cdc.o
    0x08009e32   0x08009e32   0x00000002   PAD
    0x08009e34   0x08009e34   0x0000000c   Code   RO         6771    i.USBD_CDC_GetDeviceQualifierDescriptor  usbd_cdc.o
    0x08009e40   0x08009e40   0x0000003c   Code   RO         6772    i.USBD_CDC_GetFSCfgDesc  usbd_cdc.o
    0x08009e7c   0x08009e7c   0x00000040   Code   RO         6773    i.USBD_CDC_GetHSCfgDesc  usbd_cdc.o
    0x08009ebc   0x08009ebc   0x0000003c   Code   RO         6774    i.USBD_CDC_GetOtherSpeedCfgDesc  usbd_cdc.o
    0x08009ef8   0x08009ef8   0x00000118   Code   RO         6775    i.USBD_CDC_Init     usbd_cdc.o
    0x0800a010   0x0800a010   0x00000038   Code   RO         6776    i.USBD_CDC_ReceivePacket  usbd_cdc.o
    0x0800a048   0x0800a048   0x00000016   Code   RO         6777    i.USBD_CDC_RegisterInterface  usbd_cdc.o
    0x0800a05e   0x0800a05e   0x0000001a   Code   RO         6778    i.USBD_CDC_SetRxBuffer  usbd_cdc.o
    0x0800a078   0x0800a078   0x0000001e   Code   RO         6779    i.USBD_CDC_SetTxBuffer  usbd_cdc.o
    0x0800a096   0x0800a096   0x000000d4   Code   RO         6780    i.USBD_CDC_Setup    usbd_cdc.o
    0x0800a16a   0x0800a16a   0x00000002   PAD
    0x0800a16c   0x0800a16c   0x00000050   Code   RO         6781    i.USBD_CDC_TransmitPacket  usbd_cdc.o
    0x0800a1bc   0x0800a1bc   0x00000014   Code   RO         6475    i.USBD_ClrClassConfig  usbd_core.o
    0x0800a1d0   0x0800a1d0   0x00000004   Code   RO         6476    i.USBD_CoreFindEP   usbd_core.o
    0x0800a1d4   0x0800a1d4   0x00000004   Code   RO         6477    i.USBD_CoreFindIF   usbd_core.o
    0x0800a1d8   0x0800a1d8   0x00000010   Code   RO         6707    i.USBD_CtlContinueRx  usbd_ioreq.o
    0x0800a1e8   0x0800a1e8   0x00000010   Code   RO         6708    i.USBD_CtlContinueSendData  usbd_ioreq.o
    0x0800a1f8   0x0800a1f8   0x00000016   Code   RO         6635    i.USBD_CtlError     usbd_ctlreq.o
    0x0800a20e   0x0800a20e   0x0000001e   Code   RO         6709    i.USBD_CtlPrepareRx  usbd_ioreq.o
    0x0800a22c   0x0800a22c   0x00000016   Code   RO         6710    i.USBD_CtlReceiveStatus  usbd_ioreq.o
    0x0800a242   0x0800a242   0x0000001a   Code   RO         6711    i.USBD_CtlSendData  usbd_ioreq.o
    0x0800a25c   0x0800a25c   0x00000016   Code   RO         6712    i.USBD_CtlSendStatus  usbd_ioreq.o
    0x0800a272   0x0800a272   0x00000002   PAD
    0x0800a274   0x0800a274   0x00000020   Code   RO          806    i.USBD_FS_ConfigStrDescriptor  usbd_desc.o
    0x0800a294   0x0800a294   0x0000000c   Code   RO          807    i.USBD_FS_DeviceDescriptor  usbd_desc.o
    0x0800a2a0   0x0800a2a0   0x00000024   Code   RO          808    i.USBD_FS_InterfaceStrDescriptor  usbd_desc.o
    0x0800a2c4   0x0800a2c4   0x0000000c   Code   RO          809    i.USBD_FS_LangIDStrDescriptor  usbd_desc.o
    0x0800a2d0   0x0800a2d0   0x00000028   Code   RO          810    i.USBD_FS_ManufacturerStrDescriptor  usbd_desc.o
    0x0800a2f8   0x0800a2f8   0x0000002c   Code   RO          811    i.USBD_FS_ProductStrDescriptor  usbd_desc.o
    0x0800a324   0x0800a324   0x00000038   Code   RO          812    i.USBD_FS_SerialStrDescriptor  usbd_desc.o
    0x0800a35c   0x0800a35c   0x000000e6   Code   RO         6636    i.USBD_GetDescriptor  usbd_ctlreq.o
    0x0800a442   0x0800a442   0x0000003a   Code   RO         6479    i.USBD_GetEpDesc    usbd_core.o
    0x0800a47c   0x0800a47c   0x0000000e   Code   RO         6480    i.USBD_GetNextDesc  usbd_core.o
    0x0800a48a   0x0800a48a   0x00000048   Code   RO         6637    i.USBD_GetString    usbd_ctlreq.o
    0x0800a4d2   0x0800a4d2   0x00000018   Code   RO          961    i.USBD_Get_USB_Status  usbd_conf.o
    0x0800a4ea   0x0800a4ea   0x00000026   Code   RO         6481    i.USBD_Init         usbd_core.o
    0x0800a510   0x0800a510   0x00000012   Code   RO          962    i.USBD_LL_ClearStallEP  usbd_conf.o
    0x0800a522   0x0800a522   0x00000012   Code   RO          963    i.USBD_LL_CloseEP   usbd_conf.o
    0x0800a534   0x0800a534   0x000000b6   Code   RO         6482    i.USBD_LL_DataInStage  usbd_core.o
    0x0800a5ea   0x0800a5ea   0x0000008e   Code   RO         6483    i.USBD_LL_DataOutStage  usbd_core.o
    0x0800a678   0x0800a678   0x00000004   Code   RO         6484    i.USBD_LL_DevConnected  usbd_core.o
    0x0800a67c   0x0800a67c   0x0000001e   Code   RO         6485    i.USBD_LL_DevDisconnected  usbd_core.o
    0x0800a69a   0x0800a69a   0x00000008   Code   RO          967    i.USBD_LL_GetRxDataSize  usbd_conf.o
    0x0800a6a2   0x0800a6a2   0x00000002   PAD
    0x0800a6a4   0x0800a6a4   0x00000060   Code   RO          968    i.USBD_LL_Init      usbd_conf.o
    0x0800a704   0x0800a704   0x00000020   Code   RO          969    i.USBD_LL_IsStallEP  usbd_conf.o
    0x0800a724   0x0800a724   0x00000028   Code   RO         6486    i.USBD_LL_IsoINIncomplete  usbd_core.o
    0x0800a74c   0x0800a74c   0x00000028   Code   RO         6487    i.USBD_LL_IsoOUTIncomplete  usbd_core.o
    0x0800a774   0x0800a774   0x00000018   Code   RO          970    i.USBD_LL_OpenEP    usbd_conf.o
    0x0800a78c   0x0800a78c   0x00000012   Code   RO          971    i.USBD_LL_PrepareReceive  usbd_conf.o
    0x0800a79e   0x0800a79e   0x0000005c   Code   RO         6488    i.USBD_LL_Reset     usbd_core.o
    0x0800a7fa   0x0800a7fa   0x00000014   Code   RO         6489    i.USBD_LL_Resume    usbd_core.o
    0x0800a80e   0x0800a80e   0x0000001a   Code   RO         6490    i.USBD_LL_SOF       usbd_core.o
    0x0800a828   0x0800a828   0x00000006   Code   RO         6491    i.USBD_LL_SetSpeed  usbd_core.o
    0x0800a82e   0x0800a82e   0x00000012   Code   RO          972    i.USBD_LL_SetUSBAddress  usbd_conf.o
    0x0800a840   0x0800a840   0x00000060   Code   RO         6492    i.USBD_LL_SetupStage  usbd_core.o
    0x0800a8a0   0x0800a8a0   0x00000012   Code   RO          973    i.USBD_LL_StallEP   usbd_conf.o
    0x0800a8b2   0x0800a8b2   0x00000012   Code   RO          974    i.USBD_LL_Start     usbd_conf.o
    0x0800a8c4   0x0800a8c4   0x00000012   Code   RO         6493    i.USBD_LL_Suspend   usbd_core.o
    0x0800a8d6   0x0800a8d6   0x00000012   Code   RO          976    i.USBD_LL_Transmit  usbd_conf.o
    0x0800a8e8   0x0800a8e8   0x0000002c   Code   RO         6638    i.USBD_ParseSetupRequest  usbd_ctlreq.o
    0x0800a914   0x0800a914   0x0000003a   Code   RO         6494    i.USBD_RegisterClass  usbd_core.o
    0x0800a94e   0x0800a94e   0x00000014   Code   RO         6496    i.USBD_SetClassConfig  usbd_core.o
    0x0800a962   0x0800a962   0x00000002   PAD
    0x0800a964   0x0800a964   0x000000b8   Code   RO         6639    i.USBD_SetConfig    usbd_ctlreq.o
    0x0800aa1c   0x0800aa1c   0x00000004   Code   RO         6497    i.USBD_Start        usbd_core.o
    0x0800aa20   0x0800aa20   0x0000012c   Code   RO         6640    i.USBD_StdDevReq    usbd_ctlreq.o
    0x0800ab4c   0x0800ab4c   0x00000160   Code   RO         6641    i.USBD_StdEPReq     usbd_ctlreq.o
    0x0800acac   0x0800acac   0x00000072   Code   RO         6642    i.USBD_StdItfReq    usbd_ctlreq.o
    0x0800ad1e   0x0800ad1e   0x00000002   Code   RO          977    i.USBD_static_free  usbd_conf.o
    0x0800ad20   0x0800ad20   0x00000008   Code   RO          978    i.USBD_static_malloc  usbd_conf.o
    0x0800ad28   0x0800ad28   0x00000080   Code   RO         1436    i.USB_ActivateEndpoint  stm32f4xx_ll_usb.o
    0x0800ada8   0x0800ada8   0x0000001c   Code   RO         1438    i.USB_ActivateSetup  stm32f4xx_ll_usb.o
    0x0800adc4   0x0800adc4   0x00000074   Code   RO         1440    i.USB_CoreInit      stm32f4xx_ll_usb.o
    0x0800ae38   0x0800ae38   0x00000040   Code   RO         1441    i.USB_CoreReset     stm32f4xx_ll_usb.o
    0x0800ae78   0x0800ae78   0x000000cc   Code   RO         1444    i.USB_DeactivateEndpoint  stm32f4xx_ll_usb.o
    0x0800af44   0x0800af44   0x0000001c   Code   RO         1445    i.USB_DevConnect    stm32f4xx_ll_usb.o
    0x0800af60   0x0800af60   0x0000001c   Code   RO         1446    i.USB_DevDisconnect  stm32f4xx_ll_usb.o
    0x0800af7c   0x0800af7c   0x00000174   Code   RO         1447    i.USB_DevInit       stm32f4xx_ll_usb.o
    0x0800b0f0   0x0800b0f0   0x0000000c   Code   RO         1448    i.USB_DisableGlobalInt  stm32f4xx_ll_usb.o
    0x0800b0fc   0x0800b0fc   0x0000011c   Code   RO         1451    i.USB_EP0StartXfer  stm32f4xx_ll_usb.o
    0x0800b218   0x0800b218   0x00000058   Code   RO         1452    i.USB_EP0_OutStart  stm32f4xx_ll_usb.o
    0x0800b270   0x0800b270   0x00000058   Code   RO         1453    i.USB_EPClearStall  stm32f4xx_ll_usb.o
    0x0800b2c8   0x0800b2c8   0x00000058   Code   RO         1454    i.USB_EPSetStall    stm32f4xx_ll_usb.o
    0x0800b320   0x0800b320   0x000001e4   Code   RO         1455    i.USB_EPStartXfer   stm32f4xx_ll_usb.o
    0x0800b504   0x0800b504   0x0000009e   Code   RO         1456    i.USB_EPStopXfer    stm32f4xx_ll_usb.o
    0x0800b5a2   0x0800b5a2   0x0000000c   Code   RO         1457    i.USB_EnableGlobalInt  stm32f4xx_ll_usb.o
    0x0800b5ae   0x0800b5ae   0x00000002   PAD
    0x0800b5b0   0x0800b5b0   0x0000003c   Code   RO         1458    i.USB_FlushRxFifo   stm32f4xx_ll_usb.o
    0x0800b5ec   0x0800b5ec   0x00000040   Code   RO         1459    i.USB_FlushTxFifo   stm32f4xx_ll_usb.o
    0x0800b62c   0x0800b62c   0x0000001a   Code   RO         1461    i.USB_GetDevSpeed   stm32f4xx_ll_usb.o
    0x0800b646   0x0800b646   0x00000008   Code   RO         1463    i.USB_GetMode       stm32f4xx_ll_usb.o
    0x0800b64e   0x0800b64e   0x0000000e   Code   RO         1470    i.USB_ReadDevAllInEpInterrupt  stm32f4xx_ll_usb.o
    0x0800b65c   0x0800b65c   0x0000000e   Code   RO         1471    i.USB_ReadDevAllOutEpInterrupt  stm32f4xx_ll_usb.o
    0x0800b66a   0x0800b66a   0x00000024   Code   RO         1472    i.USB_ReadDevInEPInterrupt  stm32f4xx_ll_usb.o
    0x0800b68e   0x0800b68e   0x00000010   Code   RO         1473    i.USB_ReadDevOutEPInterrupt  stm32f4xx_ll_usb.o
    0x0800b69e   0x0800b69e   0x00000008   Code   RO         1474    i.USB_ReadInterrupts  stm32f4xx_ll_usb.o
    0x0800b6a6   0x0800b6a6   0x0000003e   Code   RO         1475    i.USB_ReadPacket    stm32f4xx_ll_usb.o
    0x0800b6e4   0x0800b6e4   0x0000005c   Code   RO         1477    i.USB_SetCurrentMode  stm32f4xx_ll_usb.o
    0x0800b740   0x0800b740   0x00000022   Code   RO         1478    i.USB_SetDevAddress  stm32f4xx_ll_usb.o
    0x0800b762   0x0800b762   0x00000002   PAD
    0x0800b764   0x0800b764   0x000000e8   Code   RO         1480    i.USB_SetTurnaroundTime  stm32f4xx_ll_usb.o
    0x0800b84c   0x0800b84c   0x00000028   Code   RO         1483    i.USB_WritePacket   stm32f4xx_ll_usb.o
    0x0800b874   0x0800b874   0x00000024   Code   RO         7951    i.Update_Filter_Value_Fast  bldc_motor.o
    0x0800b898   0x0800b898   0x0000002c   Code   RO         8221    i.Update_Hall_Filter_Value  hall.o
    0x0800b8c4   0x0800b8c4   0x00000002   Code   RO          470    i.UsageFault_Handler  stm32f4xx_it.o
    0x0800b8c6   0x0800b8c6   0x00000008   Code   RO           28    i.VCPTask           main.o
    0x0800b8ce   0x0800b8ce   0x00000002   PAD
    0x0800b8d0   0x0800b8d0   0x000002c4   Code   RO         7559    i.VIS_Process       vis.o
    0x0800bb94   0x0800bb94   0x00000100   Code   RO           29    i.VOFA_Cmd_Analyze  main.o
    0x0800bc94   0x0800bc94   0x00000158   Code   RO         7952    i.VVVF_Process      bldc_motor.o
    0x0800bdec   0x0800bdec   0x0000001c   Code   RO         7560    i.Vector_0          vis.o
    0x0800be08   0x0800be08   0x0000001c   Code   RO         7561    i.Vector_1          vis.o
    0x0800be24   0x0800be24   0x0000001c   Code   RO         7562    i.Vector_2          vis.o
    0x0800be40   0x0800be40   0x0000001c   Code   RO         7563    i.Vector_3          vis.o
    0x0800be5c   0x0800be5c   0x0000001c   Code   RO         7564    i.Vector_4          vis.o
    0x0800be78   0x0800be78   0x0000001c   Code   RO         7565    i.Vector_5          vis.o
    0x0800be94   0x0800be94   0x0000001c   Code   RO         7566    i.Vector_6          vis.o
    0x0800beb0   0x0800beb0   0x0000008c   Code   RO         8313    i.Voltage_Current_Sensor_Calibration  voltagecurrentsensor.o
    0x0800bf3c   0x0800bf3c   0x00000026   Code   RO         8507    i.__ARM_fpclassifyf  m_wm.l(fpclassifyf.o)
    0x0800bf62   0x0800bf62   0x00000020   Code   RO         2497    i.__NVIC_SetPriority  stm32f4xx_hal_cortex.o
    0x0800bf82   0x0800bf82   0x00000006   PAD
    0x0800bf88   0x0800bf88   0x000000f8   Code   RO         8686    i.__hardfp___mathlib_tofloat  m_wm.l(narrow.o)
    0x0800c080   0x0800c080   0x000002ac   Code   RO         8385    i.__hardfp_atan2f   m_wm.l(atan2f.o)
    0x0800c32c   0x0800c32c   0x00000150   Code   RO         8397    i.__hardfp_cosf     m_wm.l(cosf.o)
    0x0800c47c   0x0800c47c   0x000001e8   Code   RO         8409    i.__hardfp_expf     m_wm.l(expf.o)
    0x0800c664   0x0800c664   0x00000070   Code   RO         8423    i.__hardfp_floorf   m_wm.l(floorf.o)
    0x0800c6d4   0x0800c6d4   0x000000b0   Code   RO         8429    i.__hardfp_fmodf    m_wm.l(fmodf.o)
    0x0800c784   0x0800c784   0x00000004   PAD
    0x0800c788   0x0800c788   0x000000d0   Code   RO         8749    i.__hardfp_ldexp    m_wm.l(ldexp.o)
    0x0800c858   0x0800c858   0x00000190   Code   RO         8441    i.__hardfp_sinf     m_wm.l(sinf.o)
    0x0800c9e8   0x0800c9e8   0x0000007a   Code   RO         8453    i.__hardfp_sqrt     m_wm.l(sqrt.o)
    0x0800ca62   0x0800ca62   0x0000003a   Code   RO         8465    i.__hardfp_sqrtf    m_wm.l(sqrtf.o)
    0x0800ca9c   0x0800ca9c   0x00000004   PAD
    0x0800caa0   0x0800caa0   0x00000028   Code   RO         8477    i.__hardfp_strtod   m_wm.l(strtod.o)
    0x0800cac8   0x0800cac8   0x00000020   Code   RO         8807    i.__mathlib_dbl_overflow  m_wm.l(dunder.o)
    0x0800cae8   0x0800cae8   0x00000020   Code   RO         8809    i.__mathlib_dbl_underflow  m_wm.l(dunder.o)
    0x0800cb08   0x0800cb08   0x00000006   Code   RO         8510    i.__mathlib_flt_infnan  m_wm.l(funder.o)
    0x0800cb0e   0x0800cb0e   0x00000006   Code   RO         8511    i.__mathlib_flt_infnan2  m_wm.l(funder.o)
    0x0800cb14   0x0800cb14   0x00000010   Code   RO         8512    i.__mathlib_flt_invalid  m_wm.l(funder.o)
    0x0800cb24   0x0800cb24   0x00000010   Code   RO         8513    i.__mathlib_flt_overflow  m_wm.l(funder.o)
    0x0800cb34   0x0800cb34   0x00000010   Code   RO         8515    i.__mathlib_flt_underflow  m_wm.l(funder.o)
    0x0800cb44   0x0800cb44   0x00000012   Code   RO         8687    i.__mathlib_narrow  m_wm.l(narrow.o)
    0x0800cb56   0x0800cb56   0x00000002   PAD
    0x0800cb58   0x0800cb58   0x00000154   Code   RO         8523    i.__mathlib_rredf2  m_wm.l(rredf.o)
    0x0800ccac   0x0800ccac   0x00000014   Code   RO         8751    i.__support_ldexp   m_wm.l(ldexp.o)
    0x0800ccc0   0x0800ccc0   0x0000000e   Code   RO         8570    i._is_digit         c_w.l(scanf_fp.o)
    0x0800ccce   0x0800ccce   0x00000002   PAD
    0x0800ccd0   0x0800ccd0   0x0000008c   Code   RO         8721    i.frexp             m_wm.l(frexp.o)
    0x0800cd5c   0x0800cd5c   0x00000110   Code   RO           30    i.main              main.o
    0x0800ce6c   0x0800ce6c   0x0000001a   Code   RO         5829    i.osDelay           cmsis_os2.o
    0x0800ce86   0x0800ce86   0x00000002   PAD
    0x0800ce88   0x0800ce88   0x00000024   Code   RO         5843    i.osKernelInitialize  cmsis_os2.o
    0x0800ceac   0x0800ceac   0x00000038   Code   RO         5846    i.osKernelStart     cmsis_os2.o
    0x0800cee4   0x0800cee4   0x0000008a   Code   RO         5888    i.osThreadNew       cmsis_os2.o
    0x0800cf6e   0x0800cf6e   0x00000020   Code   RO         5891    i.osThreadSuspend   cmsis_os2.o
    0x0800cf8e   0x0800cf8e   0x00000002   PAD
    0x0800cf90   0x0800cf90   0x0000005c   Code   RO         5288    i.prvAddCurrentTaskToDelayedList  tasks.o
    0x0800cfec   0x0800cfec   0x000000d0   Code   RO         5289    i.prvAddNewTaskToReadyList  tasks.o
    0x0800d0bc   0x0800d0bc   0x00000058   Code   RO         5653    i.prvCheckForValidListAndQueue  timers.o
    0x0800d114   0x0800d114   0x00000026   Code   RO         4888    i.prvCopyDataFromQueue  queue.o
    0x0800d13a   0x0800d13a   0x0000006c   Code   RO         4889    i.prvCopyDataToQueue  queue.o
    0x0800d1a6   0x0800d1a6   0x00000034   Code   RO         5290    i.prvDeleteTCB      tasks.o
    0x0800d1da   0x0800d1da   0x00000002   PAD
    0x0800d1dc   0x0800d1dc   0x0000004c   Code   RO         6340    i.prvHeapInit       heap_4.o
    0x0800d228   0x0800d228   0x00000060   Code   RO         5291    i.prvIdleTask       tasks.o
    0x0800d288   0x0800d288   0x00000022   Code   RO         4891    i.prvInitialiseNewQueue  queue.o
    0x0800d2aa   0x0800d2aa   0x00000002   PAD
    0x0800d2ac   0x0800d2ac   0x000000b0   Code   RO         5292    i.prvInitialiseNewTask  tasks.o
    0x0800d35c   0x0800d35c   0x0000004c   Code   RO         6341    i.prvInsertBlockIntoFreeList  heap_4.o
    0x0800d3a8   0x0800d3a8   0x00000038   Code   RO         5655    i.prvInsertTimerInActiveList  timers.o
    0x0800d3e0   0x0800d3e0   0x0000001c   Code   RO         4892    i.prvIsQueueEmpty   queue.o
    0x0800d3fc   0x0800d3fc   0x000000fc   Code   RO         5656    i.prvProcessReceivedCommands  timers.o
    0x0800d4f8   0x0800d4f8   0x000000c0   Code   RO         5657    i.prvProcessTimerOrBlockTask  timers.o
    0x0800d5b8   0x0800d5b8   0x00000020   Code   RO         5294    i.prvResetNextTaskUnblockTime  tasks.o
    0x0800d5d8   0x0800d5d8   0x00000028   Code   RO         5658    i.prvSampleTimeNow  timers.o
    0x0800d600   0x0800d600   0x0000006c   Code   RO         5659    i.prvSwitchTimerLists  timers.o
    0x0800d66c   0x0800d66c   0x00000028   Code   RO         6396    i.prvTaskExitError  port.o
    0x0800d694   0x0800d694   0x00000024   Code   RO         5660    i.prvTimerTask      timers.o
    0x0800d6b8   0x0800d6b8   0x0000006a   Code   RO         4893    i.prvUnlockQueue    queue.o
    0x0800d722   0x0800d722   0x00000002   PAD
    0x0800d724   0x0800d724   0x000000dc   Code   RO         6342    i.pvPortMalloc      heap_4.o
    0x0800d800   0x0800d800   0x0000002c   Code   RO         6397    i.pxPortInitialiseStack  port.o
    0x0800d82c   0x0800d82c   0x00000026   Code   RO         4848    i.uxListRemove      list.o
    0x0800d852   0x0800d852   0x00000002   PAD
    0x0800d854   0x0800d854   0x00000014   Code   RO         5900    i.vApplicationGetIdleTaskMemory  cmsis_os2.o
    0x0800d868   0x0800d868   0x00000018   Code   RO         5901    i.vApplicationGetTimerTaskMemory  cmsis_os2.o
    0x0800d880   0x0800d880   0x00000016   Code   RO         4849    i.vListInitialise   list.o
    0x0800d896   0x0800d896   0x00000006   Code   RO         4850    i.vListInitialiseItem  list.o
    0x0800d89c   0x0800d89c   0x00000030   Code   RO         4851    i.vListInsert       list.o
    0x0800d8cc   0x0800d8cc   0x00000018   Code   RO         4852    i.vListInsertEnd    list.o
    0x0800d8e4   0x0800d8e4   0x00000040   Code   RO         6399    i.vPortEnterCritical  port.o
    0x0800d924   0x0800d924   0x00000028   Code   RO         6400    i.vPortExitCritical  port.o
    0x0800d94c   0x0800d94c   0x00000064   Code   RO         6343    i.vPortFree         heap_4.o
    0x0800d9b0   0x0800d9b0   0x00000024   Code   RO         6401    i.vPortSetupTimerInterrupt  port.o
    0x0800d9d4   0x0800d9d4   0x00000054   Code   RO         6402    i.vPortValidateInterruptPriority  port.o
    0x0800da28   0x0800da28   0x00000028   Code   RO         4899    i.vQueueAddToRegistry  queue.o
    0x0800da50   0x0800da50   0x00000044   Code   RO         4903    i.vQueueWaitForMessageRestricted  queue.o
    0x0800da94   0x0800da94   0x0000004c   Code   RO         5307    i.vTaskDelay        tasks.o
    0x0800dae0   0x0800dae0   0x00000010   Code   RO         5312    i.vTaskInternalSetTimeOutState  tasks.o
    0x0800daf0   0x0800daf0   0x0000000c   Code   RO         5313    i.vTaskMissedYield  tasks.o
    0x0800dafc   0x0800dafc   0x00000030   Code   RO         5315    i.vTaskPlaceOnEventList  tasks.o
    0x0800db2c   0x0800db2c   0x00000038   Code   RO         5316    i.vTaskPlaceOnEventListRestricted  tasks.o
    0x0800db64   0x0800db64   0x00000088   Code   RO         5324    i.vTaskStartScheduler  tasks.o
    0x0800dbec   0x0800dbec   0x0000009c   Code   RO         5325    i.vTaskSuspend      tasks.o
    0x0800dc88   0x0800dc88   0x00000010   Code   RO         5326    i.vTaskSuspendAll   tasks.o
    0x0800dc98   0x0800dc98   0x00000064   Code   RO         5327    i.vTaskSwitchContext  tasks.o
    0x0800dcfc   0x0800dcfc   0x000000f4   Code   RO         6403    i.xPortStartScheduler  port.o
    0x0800ddf0   0x0800ddf0   0x0000002c   Code   RO         6404    i.xPortSysTickHandler  port.o
    0x0800de1c   0x0800de1c   0x00000066   Code   RO         4909    i.xQueueGenericCreateStatic  queue.o
    0x0800de82   0x0800de82   0x00000002   PAD
    0x0800de84   0x0800de84   0x00000088   Code   RO         4910    i.xQueueGenericReset  queue.o
    0x0800df0c   0x0800df0c   0x00000160   Code   RO         4911    i.xQueueGenericSend  queue.o
    0x0800e06c   0x0800e06c   0x000000be   Code   RO         4912    i.xQueueGenericSendFromISR  queue.o
    0x0800e12a   0x0800e12a   0x00000002   PAD
    0x0800e12c   0x0800e12c   0x00000138   Code   RO         4921    i.xQueueReceive     queue.o
    0x0800e264   0x0800e264   0x00000074   Code   RO         5329    i.xTaskCheckForTimeOut  tasks.o
    0x0800e2d8   0x0800e2d8   0x0000005a   Code   RO         5330    i.xTaskCreate       tasks.o
    0x0800e332   0x0800e332   0x00000056   Code   RO         5331    i.xTaskCreateStatic  tasks.o
    0x0800e388   0x0800e388   0x0000001c   Code   RO         5335    i.xTaskGetSchedulerState  tasks.o
    0x0800e3a4   0x0800e3a4   0x0000000c   Code   RO         5336    i.xTaskGetTickCount  tasks.o
    0x0800e3b0   0x0800e3b0   0x000000c8   Code   RO         5338    i.xTaskIncrementTick  tasks.o
    0x0800e478   0x0800e478   0x00000080   Code   RO         5341    i.xTaskPriorityDisinherit  tasks.o
    0x0800e4f8   0x0800e4f8   0x00000070   Code   RO         5343    i.xTaskRemoveFromEventList  tasks.o
    0x0800e568   0x0800e568   0x000000c4   Code   RO         5344    i.xTaskResumeAll    tasks.o
    0x0800e62c   0x0800e62c   0x00000060   Code   RO         5669    i.xTimerCreateTimerTask  timers.o
    0x0800e68c   0x0800e68c   0x00000068   Code   RO         5670    i.xTimerGenericCommand  timers.o
    0x0800e6f4   0x0800e6f4   0x0000002c   Code   RO         8553    locale$$code        c_w.l(lc_numeric_c.o)
    0x0800e720   0x0800e720   0x0000002c   Code   RO         8666    locale$$code        c_w.l(lc_ctype_c.o)
    0x0800e74c   0x0800e74c   0x00000062   Code   RO         8373    x$fpl$d2f           fz_wm.l(d2f.o)
    0x0800e7ae   0x0800e7ae   0x00000002   PAD
    0x0800e7b0   0x0800e7b0   0x00000010   Code   RO         8824    x$fpl$dcheck1       fz_wm.l(dcheck1.o)
    0x0800e7c0   0x0800e7c0   0x00000018   Code   RO         8555    x$fpl$dcmpinf       fz_wm.l(dcmpi.o)
    0x0800e7d8   0x0800e7d8   0x00000078   Code   RO         8715    x$fpl$deqf          fz_wm.l(deqf.o)
    0x0800e850   0x0800e850   0x0000005e   Code   RO         8375    x$fpl$dfix          fz_wm.l(dfix.o)
    0x0800e8ae   0x0800e8ae   0x0000002e   Code   RO         8380    x$fpl$dflt          fz_wm.l(dflt_clz.o)
    0x0800e8dc   0x0800e8dc   0x00000078   Code   RO         8494    x$fpl$dleqf         fz_wm.l(dleqf.o)
    0x0800e954   0x0800e954   0x00000154   Code   RO         8747    x$fpl$dmul          fz_wm.l(dmul.o)
    0x0800eaa8   0x0800eaa8   0x0000009c   Code   RO         8496    x$fpl$dnaninf       fz_wm.l(dnaninf.o)
    0x0800eb44   0x0800eb44   0x0000000c   Code   RO         8799    x$fpl$dretinf       fz_wm.l(dretinf.o)
    0x0800eb50   0x0800eb50   0x0000006c   Code   RO         8717    x$fpl$drleqf        fz_wm.l(drleqf.o)
    0x0800ebbc   0x0800ebbc   0x00000198   Code   RO         8498    x$fpl$dsqrt         fz_wm.l(dsqrt_umaal.o)
    0x0800ed54   0x0800ed54   0x0000008c   Code   RO         8557    x$fpl$fnaninf       fz_wm.l(fnaninf.o)
    0x0800ede0   0x0800ede0   0x0000000a   Code   RO         8678    x$fpl$fpinit        fz_wm.l(fpinit.o)
    0x0800edea   0x0800edea   0x00000002   PAD
    0x0800edec   0x0800edec   0x000000f4   Code   RO         8500    x$fpl$frem          fz_wm.l(frem_clz.o)
    0x0800eee0   0x0800eee0   0x0000000a   Code   RO         8502    x$fpl$fretinf       fz_wm.l(fretinf.o)
    0x0800eeea   0x0800eeea   0x00000006   Code   RO         8504    x$fpl$ieeestatus    fz_wm.l(istatus.o)
    0x0800eef0   0x0800eef0   0x00000064   Code   RO         8830    x$fpl$retnan        fz_wm.l(retnan.o)
    0x0800ef54   0x0800ef54   0x0000005c   Code   RO         8801    x$fpl$scalbn        fz_wm.l(scalbn.o)
    0x0800efb0   0x0800efb0   0x00000004   Code   RO         8559    x$fpl$scanf1        fz_wm.l(scanf1.o)
    0x0800efb4   0x0800efb4   0x00000008   Code   RO         8680    x$fpl$scanf2        fz_wm.l(scanf2.o)
    0x0800efbc   0x0800efbc   0x00000030   Code   RO         8832    x$fpl$trapveneer    fz_wm.l(trapv.o)
    0x0800efec   0x0800efec   0x00000000   Code   RO         8506    x$fpl$usenofp       fz_wm.l(usenofp.o)
    0x0800efec   0x0800efec   0x00000090   Data   RO           38    .constdata          main.o
    0x0800f07c   0x0800f07c   0x00000008   Data   RO         2214    .constdata          stm32f4xx_hal_dma.o
    0x0800f084   0x0800f084   0x00000010   Data   RO         4687    .constdata          system_stm32f4xx.o
    0x0800f094   0x0800f094   0x00000008   Data   RO         4688    .constdata          system_stm32f4xx.o
    0x0800f09c   0x0800f09c   0x000000dc   Data   RO         7954    .constdata          bldc_motor.o
    0x0800f178   0x0800f178   0x00000030   Data   RO         8412    .constdata          m_wm.l(expf.o)
    0x0800f1a8   0x0800f1a8   0x00000020   Data   RO         8524    .constdata          m_wm.l(rredf.o)
    0x0800f1c8   0x0800f1c8   0x00000094   Data   RO         8641    .constdata          c_w.l(bigflt0.o)
    0x0800f25c   0x0800f25c   0x00000030   Data   RO           39    .conststring        main.o
    0x0800f28c   0x0800f28c   0x00000020   Data   RO         8834    Region$$Table       anon$$obj.o
    0x0800f2ac   0x0800f2ac   0x00000008   Data   RO         8674    c$$dinf             fz_wm.l(fpconst.o)
    0x0800f2b4   0x0800f2b4   0x00000008   Data   RO         8677    c$$dmax             fz_wm.l(fpconst.o)
    0x0800f2bc   0x0800f2bc   0x0000001c   Data   RO         8552    locale$$data        c_w.l(lc_numeric_c.o)
    0x0800f2d8   0x0800f2d8   0x00000110   Data   RO         8665    locale$$data        c_w.l(lc_ctype_c.o)


    Execution Region RW_IRAM1 (Exec base: 0x20000000, Load base: 0x0800f3e8, Size: 0x00017278, Max: 0x0001c000, ABSOLUTE, COMPRESSED[0x00000204])

    Exec Addr    Load Addr    Size         Type   Attr      Idx    E Section Name        Object

    0x20000000   COMPRESSED   0x00000042   Data   RW           40    .data               main.o
    0x20000042   COMPRESSED   0x00000002   PAD
    0x20000044   COMPRESSED   0x00000010   Data   RW          471    .data               stm32f4xx_it.o
    0x20000054   COMPRESSED   0x0000001c   Data   RW          814    .data               usbd_desc.o
    0x20000070   COMPRESSED   0x00000032   Data   RW          815    .data               usbd_desc.o
    0x200000a2   COMPRESSED   0x00000002   PAD
    0x200000a4   COMPRESSED   0x00000014   Data   RW          898    .data               usbd_cdc_if.o
    0x200000b8   COMPRESSED   0x0000000c   Data   RW         2641    .data               stm32f4xx_hal.o
    0x200000c4   COMPRESSED   0x00000004   Data   RW         4689    .data               system_stm32f4xx.o
    0x200000c8   COMPRESSED   0x0000003c   Data   RW         5347    .data               tasks.o
    0x20000104   COMPRESSED   0x00000014   Data   RW         5678    .data               timers.o
    0x20000118   COMPRESSED   0x00000004   Data   RW         5903    .data               cmsis_os2.o
    0x2000011c   COMPRESSED   0x00000020   Data   RW         6349    .data               heap_4.o
    0x2000013c   COMPRESSED   0x0000000c   Data   RW         6405    .data               port.o
    0x20000148   COMPRESSED   0x00000001   Data   RW         6643    .data               usbd_ctlreq.o
    0x20000149   COMPRESSED   0x00000003   PAD
    0x2000014c   COMPRESSED   0x00000053   Data   RW         6782    .data               usbd_cdc.o
    0x2000019f   COMPRESSED   0x00000001   PAD
    0x200001a0   COMPRESSED   0x00000038   Data   RW         6783    .data               usbd_cdc.o
    0x200001d8   COMPRESSED   0x0000002c   Data   RW         7484    .data               motor.o
    0x20000204   COMPRESSED   0x00000003   Data   RW         7485    .data               motor.o
    0x20000207   COMPRESSED   0x00000001   PAD
    0x20000208   COMPRESSED   0x0000001c   Data   RW         7568    .data               vis.o
    0x20000224   COMPRESSED   0x0000000c   Data   RW         7651    .data               inverter.o
    0x20000230   COMPRESSED   0x00000130   Data   RW         7807    .data               foc_motor.o
    0x20000360   COMPRESSED   0x00000050   Data   RW         7955    .data               bldc_motor.o
    0x200003b0   COMPRESSED   0x00000010   Data   RW         8178    .data               encoder.o
    0x200003c0   COMPRESSED   0x00000060   Data   RW         8223    .data               hall.o
    0x20000420   COMPRESSED   0x00000001   Data   RW         8263    .data               sensor.o
    0x20000421   COMPRESSED   0x00000003   PAD
    0x20000424   COMPRESSED   0x00000004   Data   RW         8264    .data               sensor.o
    0x20000428   COMPRESSED   0x0000001c   Data   RW         8320    .data               voltagecurrentsensor.o
    0x20000444   COMPRESSED   0x00000002   Data   RW         8321    .data               voltagecurrentsensor.o
    0x20000446   COMPRESSED   0x00000002   PAD
    0x20000448   COMPRESSED   0x00000004   Data   RW         8322    .data               voltagecurrentsensor.o
    0x2000044c   COMPRESSED   0x00000004   Data   RW         8323    .data               voltagecurrentsensor.o
    0x20000450        -       0x000001fc   Zero   RW           31    .bss                main.o
    0x2000064c        -       0x00000060   Zero   RW           32    .bss                main.o
    0x200006ac        -       0x00000060   Zero   RW           36    .bss                main.o
    0x2000070c        -       0x00000060   Zero   RW           37    .bss                main.o
    0x2000076c        -       0x00000048   Zero   RW          673    .bss                stm32f4xx_hal_timebase_tim.o
    0x200007b4        -       0x000002dc   Zero   RW          775    .bss                usb_device.o
    0x20000a90        -       0x00000200   Zero   RW          813    .bss                usbd_desc.o
    0x20000c90        -       0x00001000   Zero   RW          897    .bss                usbd_cdc_if.o
    0x20001c90        -       0x0000072c   Zero   RW          979    .bss                usbd_conf.o
    0x200023bc        -       0x00000040   Zero   RW         4925    .bss                queue.o
    0x200023fc        -       0x000004c4   Zero   RW         5346    .bss                tasks.o
    0x200028c0        -       0x00000118   Zero   RW         5677    .bss                timers.o
    0x200029d8        -       0x000006b8   Zero   RW         5902    .bss                cmsis_os2.o
    0x20003090        -       0x00003c00   Zero   RW         6348    .bss                heap_4.o
    0x20006c90        -       0x00000014   Zero   RW         7483    .bss                motor.o
    0x20006ca4        -       0x00000068   Zero   RW         7567    .bss                vis.o
    0x20006d0c        -       0x00000020   Zero   RW         7650    .bss                inverter.o
    0x20006d2c        -       0x00000354   Zero   RW         7805    .bss                foc_motor.o
    0x20007080        -       0x000000e0   Zero   RW         7953    .bss                bldc_motor.o
    0x20007160        -       0x00000054   Zero   RW         8222    .bss                hall.o
    0x200071b4        -       0x0000001c   Zero   RW         8314    .bss                voltagecurrentsensor.o
    0x200071d0        -       0x00000018   Zero   RW         8315    .bss                voltagecurrentsensor.o
    0x200071e8        -       0x0000000c   Zero   RW         8316    .bss                voltagecurrentsensor.o
    0x200071f4        -       0x0000000c   Zero   RW         8317    .bss                voltagecurrentsensor.o
    0x20007200        -       0x0000000c   Zero   RW         8318    .bss                voltagecurrentsensor.o
    0x2000720c        -       0x0000000c   Zero   RW         8319    .bss                voltagecurrentsensor.o
    0x20007218        -       0x00000060   Zero   RW         8562    .bss                c_w.l(libspace.o)
    0x20007278        -       0x00008000   Zero   RW            2    HEAP                startup_stm32f405xx.o
    0x2000f278        -       0x00008000   Zero   RW            1    STACK               startup_stm32f405xx.o


    Execution Region RW_IRAM2 (Exec base: 0x2001c000, Load base: 0x0800f5ec, Size: 0x00000000, Max: 0x00004000, ABSOLUTE)

    **** No section assigned to this execution region ****


==============================================================================

Image component sizes


      Code (inc. data)   RO Data    RW Data    ZI Data      Debug   Object Name

       454         40          0          0          0       4132   angle_utils.o
       228         30          0          0          0       2221   as5048a.o
      4604        270        220         80        224      19986   bldc_motor.o
       358         22          0          4       1720      65537   cmsis_os2.o
         0          0          0          0          0       1468   datatransmit.o
      1376         60          0         16          0       4587   encoder.o
         0          0          0          0          0      17888   event_groups.o
       172         14          0          0          0       1800   filter.o
      1204         48          0          0          0       9821   foc.o
      5968        380          0        304        852      15808   foc_motor.o
      1288         50          0         96         84       5373   hall.o
       472         24          0         32      15360       4751   heap_4.o
       568         58          0         12         32       3949   inverter.o
       138          0          0          0          0       3434   list.o
      2576        210        192         66        796     707481   main.o
       320         48          0         47         20       5421   motor.o
         0          0          0          0          0        676   my_math.o
       492         14          0          0          0       2501   nfo.o
       744         12          0          0          0       5509   pid.o
       340         24          0          0          0       2331   pll.o
       786         82          0         12          0      11289   port.o
      1514         20          0          0         64      17140   queue.o
       116         12          0          5          0       2028   sensor.o
       252          0          0          0          0       2564   sort.o
        64         26        392          0      65536        824   startup_stm32f405xx.o
       116         18          0         12          0       8590   stm32f4xx_hal.o
      1452         90          0          0          0       8101   stm32f4xx_hal_adc.o
       756         38          0          0          0       3166   stm32f4xx_hal_adc_ex.o
       158         14          0          0          0      33062   stm32f4xx_hal_cortex.o
       902         16          8          0          0       5683   stm32f4xx_hal_dma.o
       506         46          0          0          0       2140   stm32f4xx_hal_gpio.o
      1116        114          0          0          0       4667   stm32f4xx_hal_msp.o
      2638         12          0          0          0      13428   stm32f4xx_hal_pcd.o
        78          0          0          0          0       2329   stm32f4xx_hal_pcd_ex.o
      1388         76          0          0          0       5658   stm32f4xx_hal_rcc.o
       188          0          0          0          0       1159   stm32f4xx_hal_spi.o
      1774        166          0          0          0      14081   stm32f4xx_hal_tim.o
       446         56          0          0          0       3543   stm32f4xx_hal_tim_ex.o
       116         16          0          0         72       1367   stm32f4xx_hal_timebase_tim.o
       800        138          0         16          0       7986   stm32f4xx_it.o
      2888        134          0          0          0      23431   stm32f4xx_ll_usb.o
         0          0          0          0          0        384   stream_buffer.o
        16          4         24          4          0       1075   system_stm32f4xx.o
      2240        180          0         60       1220      27347   tasks.o
       972         80          0         20        280      31819   timers.o
        84         18          0          0        732        772   usb_device.o
      1278         36          0        139          0      14073   usbd_cdc.o
       128         22          0         20       4096       3856   usbd_cdc_if.o
       644         24          0          0       1836      16304   usbd_conf.o
       916          0          0          0          0      15055   usbd_core.o
      1328         28          0          1          0      14696   usbd_ctlreq.o
       288        104          0         78        512       6001   usbd_desc.o
       132          0          0          0          0       4400   usbd_ioreq.o
       112         10          0          0          0        785   vector_utils.o
      1156        178          0         28        104       8016   vis.o
       140         22          0         38        100       2481   voltagecurrentsensor.o

    ----------------------------------------------------------------------
     48874       3084        868       1104      93640    1203974   Object Totals
         0          0         32          0          0          0   (incl. Generated)
        84          0          0         14          0          0   (incl. Padding)

    ----------------------------------------------------------------------

      Code (inc. data)   RO Data    RW Data    ZI Data      Debug   Library Member Name

        90          0          0          0          0          0   __dczerorl2.o
         8          0          0          0          0         68   __main.o
         0          0          0          0          0          0   __rtentry.o
        12          0          0          0          0          0   __rtentry2.o
         6          0          0          0          0          0   __rtentry4.o
        52          8          0          0          0          0   __scatter.o
        28          0          0          0          0          0   __scatter_zi.o
        28          0          0          0          0         68   _chval.o
        22          0          0          0          0        100   _rserrno.o
        64          0          0          0          0         84   _sgetc.o
        16          0          0          0          0         68   aeabi_memset.o
       228          4        148          0          0         96   bigflt0.o
      1924        136          0          0          0        756   btod.o
        18          0          0          0          0         80   exit.o
         6          0          0          0          0        152   heapauxi.o
         0          0          0          0          0          0   indicate_semi.o
        18          0          0          0          0         76   isspace.o
        44         10        272          0          0         76   lc_ctype_c.o
        44         10         28          0          0         76   lc_numeric_c.o
         2          0          0          0          0          0   libinit.o
        34          0          0          0          0          0   libinit2.o
         2          0          0          0          0          0   libshutdown.o
         2          0          0          0          0          0   libshutdown2.o
         8          4          0          0         96         68   libspace.o
        38          0          0          0          0         68   llshl.o
       238          0          0          0          0        100   lludivv7m.o
        88          0          0          0          0         76   memcmp.o
        16          4          0          0          0         76   rt_ctype_table.o
         8          4          0          0          0         68   rt_errno_addr_intlibspace.o
         8          4          0          0          0         68   rt_locale_intlibspace.o
        68          0          0          0          0         68   rt_memclr.o
        78          0          0          0          0         80   rt_memclr_w.o
       138          0          0          0          0         68   rt_memcpy_v6.o
       100          0          0          0          0         80   rt_memcpy_w.o
         2          0          0          0          0          0   rtexit.o
        10          0          0          0          0          0   rtexit2.o
      1286         16          0          0          0        236   scanf_fp.o
       800         14          0          0          0        100   scanf_hexfp.o
       308         16          0          0          0        100   scanf_infnan.o
       128          0          0          0          0         68   strcmpv7m.o
       150          0          0          0          0         80   strncmp.o
       164         14          0          0          0        120   strtod.o
        12          4          0          0          0         68   sys_exit.o
        74          0          0          0          0         80   sys_stackheap_outer.o
         2          0          0          0          0         68   use_no_semi.o
        98          4          0          0          0        140   d2f.o
        16          4          0          0          0        116   dcheck1.o
        24          0          0          0          0        116   dcmpi.o
       120          4          0          0          0        140   deqf.o
        94          4          0          0          0        140   dfix.o
        46          0          0          0          0        116   dflt_clz.o
       120          4          0          0          0        140   dleqf.o
       340         12          0          0          0        152   dmul.o
       156          4          0          0          0        140   dnaninf.o
        12          0          0          0          0        116   dretinf.o
       108          0          0          0          0        128   drleqf.o
       408         56          0          0          0        168   dsqrt_umaal.o
       140          4          0          0          0        132   fnaninf.o
         0          0         16          0          0          0   fpconst.o
        10          0          0          0          0        116   fpinit.o
       244          8          0          0          0        132   frem_clz.o
        10          0          0          0          0        116   fretinf.o
         6          0          0          0          0        116   istatus.o
       100          0          0          0          0        116   retnan.o
        92          0          0          0          0        116   scalbn.o
         4          0          0          0          0        116   scanf1.o
         8          0          0          0          0        132   scanf2.o
        48          0          0          0          0        116   trapv.o
         0          0          0          0          0          0   usenofp.o
       684         90          0          0          0        208   atan2f.o
       336         56          0          0          0        136   cosf.o
        64         16          0          0          0        248   dunder.o
       488         62         48          0          0        236   expf.o
       112         14          0          0          0        116   floorf.o
       176          0          0          0          0        168   fmodf.o
        38          0          0          0          0        116   fpclassifyf.o
       140         22          0          0          0        132   frexp.o
        60         18          0          0          0        580   funder.o
       228          8          0          0          0        308   ldexp.o
       266         16          0          0          0        308   narrow.o
       340         24         32          0          0        160   rredf.o
       400         56          0          0          0        212   sinf.o
       122          0          0          0          0        148   sqrt.o
        58          0          0          0          0        136   sqrtf.o
        40         10          0          0          0        128   strtod.o

    ----------------------------------------------------------------------
     12154        744        544          0         96       9600   Library Totals
        26          0          0          0          0          0   (incl. Padding)

    ----------------------------------------------------------------------

      Code (inc. data)   RO Data    RW Data    ZI Data      Debug   Library Name

      6372        248        448          0         96       3440   c_w.l
      2204        104         16          0          0       2820   fz_wm.l
      3552        392         80          0          0       3340   m_wm.l

    ----------------------------------------------------------------------
     12154        744        544          0         96       9600   Library Totals

    ----------------------------------------------------------------------

==============================================================================


      Code (inc. data)   RO Data    RW Data    ZI Data      Debug   

     61028       3828       1412       1104      93736    1168502   Grand Totals
     61028       3828       1412        516      93736    1168502   ELF Image Totals (compressed)
     61028       3828       1412        516          0          0   ROM Totals

==============================================================================

    Total RO  Size (Code + RO Data)                62440 (  60.98kB)
    Total RW  Size (RW Data + ZI Data)             94840 (  92.62kB)
    Total ROM Size (Code + RO Data + RW Data)      62956 (  61.48kB)

==============================================================================

