Component: ARM Compiler 5.06 update 7 (build 960) Tool: armlink [4d3601]

==============================================================================

Section Cross References

    startup_stm32f405xx.o(STACK) refers (Special) to heapauxi.o(.text) for __use_two_region_memory
    startup_stm32f405xx.o(HEAP) refers (Special) to heapauxi.o(.text) for __use_two_region_memory
    startup_stm32f405xx.o(RESET) refers (Special) to heapauxi.o(.text) for __use_two_region_memory
    startup_stm32f405xx.o(RESET) refers to startup_stm32f405xx.o(STACK) for __initial_sp
    startup_stm32f405xx.o(RESET) refers to startup_stm32f405xx.o(.text) for Reset_Handler
    startup_stm32f405xx.o(RESET) refers to stm32f4xx_it.o(i.NMI_Handler) for NMI_Handler
    startup_stm32f405xx.o(RESET) refers to stm32f4xx_it.o(i.HardFault_Handler) for HardFault_Handler
    startup_stm32f405xx.o(RESET) refers to stm32f4xx_it.o(i.MemManage_Handler) for MemManage_Handler
    startup_stm32f405xx.o(RESET) refers to stm32f4xx_it.o(i.BusFault_Handler) for BusFault_Handler
    startup_stm32f405xx.o(RESET) refers to stm32f4xx_it.o(i.UsageFault_Handler) for UsageFault_Handler
    startup_stm32f405xx.o(RESET) refers to port.o(.emb_text) for SVC_Handler
    startup_stm32f405xx.o(RESET) refers to stm32f4xx_it.o(i.DebugMon_Handler) for DebugMon_Handler
    startup_stm32f405xx.o(RESET) refers to cmsis_os2.o(i.SysTick_Handler) for SysTick_Handler
    startup_stm32f405xx.o(RESET) refers to stm32f4xx_it.o(i.DMA1_Stream0_IRQHandler) for DMA1_Stream0_IRQHandler
    startup_stm32f405xx.o(RESET) refers to stm32f4xx_it.o(i.DMA1_Stream3_IRQHandler) for DMA1_Stream3_IRQHandler
    startup_stm32f405xx.o(RESET) refers to stm32f4xx_it.o(i.ADC_IRQHandler) for ADC_IRQHandler
    startup_stm32f405xx.o(RESET) refers to stm32f4xx_it.o(i.TIM1_UP_TIM10_IRQHandler) for TIM1_UP_TIM10_IRQHandler
    startup_stm32f405xx.o(RESET) refers to stm32f4xx_it.o(i.TIM1_TRG_COM_TIM11_IRQHandler) for TIM1_TRG_COM_TIM11_IRQHandler
    startup_stm32f405xx.o(RESET) refers to stm32f4xx_it.o(i.TIM3_IRQHandler) for TIM3_IRQHandler
    startup_stm32f405xx.o(RESET) refers to stm32f4xx_it.o(i.TIM4_IRQHandler) for TIM4_IRQHandler
    startup_stm32f405xx.o(RESET) refers to stm32f4xx_it.o(i.TIM7_IRQHandler) for TIM7_IRQHandler
    startup_stm32f405xx.o(RESET) refers to stm32f4xx_it.o(i.DMA2_Stream0_IRQHandler) for DMA2_Stream0_IRQHandler
    startup_stm32f405xx.o(RESET) refers to stm32f4xx_it.o(i.OTG_FS_IRQHandler) for OTG_FS_IRQHandler
    startup_stm32f405xx.o(.text) refers (Special) to heapauxi.o(.text) for __use_two_region_memory
    startup_stm32f405xx.o(.text) refers to system_stm32f4xx.o(i.SystemInit) for SystemInit
    startup_stm32f405xx.o(.text) refers to __main.o(!!!main) for __main
    startup_stm32f405xx.o(.text) refers to startup_stm32f405xx.o(HEAP) for Heap_Mem
    startup_stm32f405xx.o(.text) refers to startup_stm32f405xx.o(STACK) for Stack_Mem
    main.o(i.Dead_Time_Compensation_Cal) refers to lludivv7m.o(.text) for __aeabi_uldivmod
    main.o(i.HAL_TIM_PeriodElapsedCallback) refers to stm32f4xx_hal.o(i.HAL_IncTick) for HAL_IncTick
    main.o(i.MX_ADC1_Init) refers to rt_memclr_w.o(.text) for __aeabi_memclr4
    main.o(i.MX_ADC1_Init) refers to stm32f4xx_hal_adc.o(i.HAL_ADC_Init) for HAL_ADC_Init
    main.o(i.MX_ADC1_Init) refers to stm32f4xx_hal_adc_ex.o(i.HAL_ADCEx_MultiModeConfigChannel) for HAL_ADCEx_MultiModeConfigChannel
    main.o(i.MX_ADC1_Init) refers to stm32f4xx_hal_adc.o(i.HAL_ADC_ConfigChannel) for HAL_ADC_ConfigChannel
    main.o(i.MX_ADC1_Init) refers to stm32f4xx_hal_adc_ex.o(i.HAL_ADCEx_InjectedConfigChannel) for HAL_ADCEx_InjectedConfigChannel
    main.o(i.MX_ADC1_Init) refers to main.o(.bss) for .bss
    main.o(i.MX_ADC2_Init) refers to rt_memclr_w.o(.text) for __aeabi_memclr4
    main.o(i.MX_ADC2_Init) refers to stm32f4xx_hal_adc.o(i.HAL_ADC_Init) for HAL_ADC_Init
    main.o(i.MX_ADC2_Init) refers to stm32f4xx_hal_adc.o(i.HAL_ADC_ConfigChannel) for HAL_ADC_ConfigChannel
    main.o(i.MX_ADC2_Init) refers to stm32f4xx_hal_adc_ex.o(i.HAL_ADCEx_InjectedConfigChannel) for HAL_ADCEx_InjectedConfigChannel
    main.o(i.MX_ADC2_Init) refers to main.o(.bss) for .bss
    main.o(i.MX_ADC3_Init) refers to rt_memclr_w.o(.text) for __aeabi_memclr4
    main.o(i.MX_ADC3_Init) refers to stm32f4xx_hal_adc.o(i.HAL_ADC_Init) for HAL_ADC_Init
    main.o(i.MX_ADC3_Init) refers to stm32f4xx_hal_adc.o(i.HAL_ADC_ConfigChannel) for HAL_ADC_ConfigChannel
    main.o(i.MX_ADC3_Init) refers to stm32f4xx_hal_adc_ex.o(i.HAL_ADCEx_InjectedConfigChannel) for HAL_ADCEx_InjectedConfigChannel
    main.o(i.MX_ADC3_Init) refers to main.o(.bss) for .bss
    main.o(i.MX_GPIO_Init) refers to stm32f4xx_hal_gpio.o(i.HAL_GPIO_Init) for HAL_GPIO_Init
    main.o(i.MX_GPIO_Init) refers to stm32f4xx_hal_gpio.o(i.HAL_GPIO_WritePin) for HAL_GPIO_WritePin
    main.o(i.MX_SPI1_Init) refers to stm32f4xx_hal_spi.o(i.HAL_SPI_Init) for HAL_SPI_Init
    main.o(i.MX_SPI1_Init) refers to main.o(.bss) for .bss
[...]
    USBD_LL_SetUSBAddress                    0x08008157   Thumb Code    18  usbd_conf.o(i.USBD_LL_SetUSBAddress)
    USBD_LL_SetupStage                       0x08008169   Thumb Code    96  usbd_core.o(i.USBD_LL_SetupStage)
    USBD_LL_StallEP                          0x080081c9   Thumb Code    18  usbd_conf.o(i.USBD_LL_StallEP)
    USBD_LL_Start                            0x080081db   Thumb Code    18  usbd_conf.o(i.USBD_LL_Start)
    USBD_LL_Suspend                          0x080081ed   Thumb Code    18  usbd_core.o(i.USBD_LL_Suspend)
    USBD_LL_Transmit                         0x080081ff   Thumb Code    18  usbd_conf.o(i.USBD_LL_Transmit)
    USBD_ParseSetupRequest                   0x08008211   Thumb Code    44  usbd_ctlreq.o(i.USBD_ParseSetupRequest)
    USBD_RegisterClass                       0x0800823d   Thumb Code    58  usbd_core.o(i.USBD_RegisterClass)
    USBD_SetClassConfig                      0x08008277   Thumb Code    20  usbd_core.o(i.USBD_SetClassConfig)
    USBD_Start                               0x08008345   Thumb Code     4  usbd_core.o(i.USBD_Start)
    USBD_StdDevReq                           0x08008349   Thumb Code   300  usbd_ctlreq.o(i.USBD_StdDevReq)
    USBD_StdEPReq                            0x08008475   Thumb Code   352  usbd_ctlreq.o(i.USBD_StdEPReq)
    USBD_StdItfReq                           0x080085d5   Thumb Code   114  usbd_ctlreq.o(i.USBD_StdItfReq)
    USBD_static_free                         0x08008647   Thumb Code     2  usbd_conf.o(i.USBD_static_free)
    USBD_static_malloc                       0x08008649   Thumb Code     4  usbd_conf.o(i.USBD_static_malloc)
    USB_ActivateEndpoint                     0x08008651   Thumb Code   122  stm32f4xx_ll_usb.o(i.USB_ActivateEndpoint)
    USB_ActivateSetup                        0x080086d1   Thumb Code    28  stm32f4xx_ll_usb.o(i.USB_ActivateSetup)
    USB_CoreInit                             0x080086ed   Thumb Code   112  stm32f4xx_ll_usb.o(i.USB_CoreInit)
    USB_DeactivateEndpoint                   0x080087a1   Thumb Code   194  stm32f4xx_ll_usb.o(i.USB_DeactivateEndpoint)
    USB_DevConnect                           0x0800886d   Thumb Code    28  stm32f4xx_ll_usb.o(i.USB_DevConnect)
    USB_DevDisconnect                        0x08008889   Thumb Code    28  stm32f4xx_ll_usb.o(i.USB_DevDisconnect)
    USB_DevInit                              0x080088a5   Thumb Code   362  stm32f4xx_ll_usb.o(i.USB_DevInit)
    USB_DisableGlobalInt                     0x08008a19   Thumb Code    12  stm32f4xx_ll_usb.o(i.USB_DisableGlobalInt)
    USB_EP0StartXfer                         0x08008a25   Thumb Code   280  stm32f4xx_ll_usb.o(i.USB_EP0StartXfer)
    USB_EP0_OutStart                         0x08008b41   Thumb Code    84  stm32f4xx_ll_usb.o(i.USB_EP0_OutStart)
    USB_EPClearStall                         0x08008b99   Thumb Code    88  stm32f4xx_ll_usb.o(i.USB_EPClearStall)
    USB_EPSetStall                           0x08008bf1   Thumb Code    88  stm32f4xx_ll_usb.o(i.USB_EPSetStall)
    USB_EPStartXfer                          0x08008c49   Thumb Code   480  stm32f4xx_ll_usb.o(i.USB_EPStartXfer)
    USB_EPStopXfer                           0x08008e2d   Thumb Code   158  stm32f4xx_ll_usb.o(i.USB_EPStopXfer)
    USB_EnableGlobalInt                      0x08008ecb   Thumb Code    12  stm32f4xx_ll_usb.o(i.USB_EnableGlobalInt)
    USB_FlushRxFifo                          0x08008ed9   Thumb Code    54  stm32f4xx_ll_usb.o(i.USB_FlushRxFifo)
    USB_FlushTxFifo                          0x08008f15   Thumb Code    58  stm32f4xx_ll_usb.o(i.USB_FlushTxFifo)
    USB_GetDevSpeed                          0x08008f55   Thumb Code    26  stm32f4xx_ll_usb.o(i.USB_GetDevSpeed)
    USB_GetMode                              0x08008f6f   Thumb Code     8  stm32f4xx_ll_usb.o(i.USB_GetMode)
    USB_ReadDevAllInEpInterrupt              0x08008f77   Thumb Code    14  stm32f4xx_ll_usb.o(i.USB_ReadDevAllInEpInterrupt)
    USB_ReadDevAllOutEpInterrupt             0x08008f85   Thumb Code    14  stm32f4xx_ll_usb.o(i.USB_ReadDevAllOutEpInterrupt)
    USB_ReadDevInEPInterrupt                 0x08008f93   Thumb Code    36  stm32f4xx_ll_usb.o(i.USB_ReadDevInEPInterrupt)
    USB_ReadDevOutEPInterrupt                0x08008fb7   Thumb Code    16  stm32f4xx_ll_usb.o(i.USB_ReadDevOutEPInterrupt)
    USB_ReadInterrupts                       0x08008fc7   Thumb Code     8  stm32f4xx_ll_usb.o(i.USB_ReadInterrupts)
    USB_ReadPacket                           0x08008fcf   Thumb Code    62  stm32f4xx_ll_usb.o(i.USB_ReadPacket)
    USB_SetCurrentMode                       0x0800900d   Thumb Code    92  stm32f4xx_ll_usb.o(i.USB_SetCurrentMode)
    USB_SetDevAddress                        0x08009069   Thumb Code    34  stm32f4xx_ll_usb.o(i.USB_SetDevAddress)
    USB_SetTurnaroundTime                    0x0800908d   Thumb Code   158  stm32f4xx_ll_usb.o(i.USB_SetTurnaroundTime)
    USB_WritePacket                          0x08009175   Thumb Code    40  stm32f4xx_ll_usb.o(i.USB_WritePacket)
    Update_Hall_Filter_Value                 0x080091c5   Thumb Code    40  hall.o(i.Update_Hall_Filter_Value)
    UsageFault_Handler                       0x080091f1   Thumb Code     2  stm32f4xx_it.o(i.UsageFault_Handler)
    VCPTask                                  0x080091f3   Thumb Code     8  main.o(i.VCPTask)
    VIS_Process                              0x080091fd   Thumb Code   650  vis.o(i.VIS_Process)
    Vector_0                                 0x080095dd   Thumb Code    24  vis.o(i.Vector_0)
    Vector_1                                 0x080095f9   Thumb Code    24  vis.o(i.Vector_1)
    Vector_2                                 0x08009615   Thumb Code    24  vis.o(i.Vector_2)
    Vector_3                                 0x08009631   Thumb Code    24  vis.o(i.Vector_3)
    Vector_4                                 0x0800964d   Thumb Code    24  vis.o(i.Vector_4)
    Vector_5                                 0x08009669   Thumb Code    24  vis.o(i.Vector_5)
    Vector_6                                 0x08009685   Thumb Code    24  vis.o(i.Vector_6)
    Voltage_Current_Sensor_Calibration       0x080096a1   Thumb Code   180  voltagecurrentsensor.o(i.Voltage_Current_Sensor_Calibration)
    __ARM_fpclassifyf                        0x08009769   Thumb Code    38  fpclassifyf.o(i.__ARM_fpclassifyf)
    __hardfp_atan2f                          0x080097b1   Thumb Code   594  atan2f.o(i.__hardfp_atan2f)
    __hardfp_cosf                            0x08009a5d   Thumb Code   280  cosf.o(i.__hardfp_cosf)
    __hardfp_expf                            0x08009bad   Thumb Code   426  expf.o(i.__hardfp_expf)
    __mathlib_expf                           0x08009bad   Thumb Code     0  expf.o(i.__hardfp_expf)
    __hardfp_floorf                          0x08009d95   Thumb Code    98  floorf.o(i.__hardfp_floorf)
    __hardfp_fmodf                           0x08009e05   Thumb Code   176  fmodf.o(i.__hardfp_fmodf)
    __hardfp_sinf                            0x08009eb5   Thumb Code   344  sinf.o(i.__hardfp_sinf)
    __hardfp_sqrt                            0x0800a045   Thumb Code   122  sqrt.o(i.__hardfp_sqrt)
    __hardfp_sqrtf                           0x0800a0bf   Thumb Code    58  sqrtf.o(i.__hardfp_sqrtf)
    __mathlib_flt_infnan                     0x0800a0f9   Thumb Code     6  funder.o(i.__mathlib_flt_infnan)
    __mathlib_flt_infnan2                    0x0800a0ff   Thumb Code     6  funder.o(i.__mathlib_flt_infnan2)
    __mathlib_flt_invalid                    0x0800a105   Thumb Code    10  funder.o(i.__mathlib_flt_invalid)
    __mathlib_flt_overflow                   0x0800a115   Thumb Code    10  funder.o(i.__mathlib_flt_overflow)
    __mathlib_flt_underflow                  0x0800a125   Thumb Code    10  funder.o(i.__mathlib_flt_underflow)
    __mathlib_rredf2                         0x0800a135   Thumb Code   316  rredf.o(i.__mathlib_rredf2)
    bubbleSort_u16                           0x0800a289   Thumb Code    58  my_math.o(i.bubbleSort_u16)
    bubbleSort_u8                            0x0800a2c3   Thumb Code    54  my_math.o(i.bubbleSort_u8)
    main                                     0x0800a2f9   Thumb Code   236  main.o(i.main)
    osDelay                                  0x0800a40d   Thumb Code    26  cmsis_os2.o(i.osDelay)
    osKernelInitialize                       0x0800a429   Thumb Code    32  cmsis_os2.o(i.osKernelInitialize)
    osKernelStart                            0x0800a44d   Thumb Code    48  cmsis_os2.o(i.osKernelStart)
    osThreadNew                              0x0800a485   Thumb Code   138  cmsis_os2.o(i.osThreadNew)
    osThreadSuspend                          0x0800a50f   Thumb Code    32  cmsis_os2.o(i.osThreadSuspend)
    pvPortMalloc                             0x0800acc5   Thumb Code   216  heap_4.o(i.pvPortMalloc)
    pxPortInitialiseStack                    0x0800ada1   Thumb Code    40  port.o(i.pxPortInitialiseStack)
    quickSort                                0x0800adcd   Thumb Code   108  my_math.o(i.quickSort)
    saturate_vector_2d                       0x0800ae39   Thumb Code   102  my_math.o(i.saturate_vector_2d)
    uxListRemove                             0x0800aea9   Thumb Code    38  list.o(i.uxListRemove)
    vApplicationGetIdleTaskMemory            0x0800aed1   Thumb Code    16  cmsis_os2.o(i.vApplicationGetIdleTaskMemory)
    vApplicationGetTimerTaskMemory           0x0800aee5   Thumb Code    18  cmsis_os2.o(i.vApplicationGetTimerTaskMemory)
    vListInitialise                          0x0800aefd   Thumb Code    22  list.o(i.vListInitialise)
    vListInitialiseItem                      0x0800af13   Thumb Code     6  list.o(i.vListInitialiseItem)
    vListInsert                              0x0800af19   Thumb Code    48  list.o(i.vListInsert)
    vListInsertEnd                           0x0800af49   Thumb Code    24  list.o(i.vListInsertEnd)
    vPortEnterCritical                       0x0800af61   Thumb Code    54  port.o(i.vPortEnterCritical)
    vPortExitCritical                        0x0800afa1   Thumb Code    34  port.o(i.vPortExitCritical)
    vPortFree                                0x0800afc9   Thumb Code    94  heap_4.o(i.vPortFree)
    vPortSetupTimerInterrupt                 0x0800b02d   Thumb Code    32  port.o(i.vPortSetupTimerInterrupt)
    vPortValidateInterruptPriority           0x0800b051   Thumb Code    74  port.o(i.vPortValidateInterruptPriority)
    vQueueAddToRegistry                      0x0800b0a5   Thumb Code    34  queue.o(i.vQueueAddToRegistry)
    vQueueWaitForMessageRestricted           0x0800b0cd   Thumb Code    68  queue.o(i.vQueueWaitForMessageRestricted)
    vTaskDelay                               0x0800b111   Thumb Code    66  tasks.o(i.vTaskDelay)
    vTaskInternalSetTimeOutState             0x0800b15d   Thumb Code    12  tasks.o(i.vTaskInternalSetTimeOutState)
    vTaskMissedYield                         0x0800b16d   Thumb Code     8  tasks.o(i.vTaskMissedYield)
    vTaskPlaceOnEventList                    0x0800b179   Thumb Code    44  tasks.o(i.vTaskPlaceOnEventList)
    vTaskPlaceOnEventListRestricted          0x0800b1a9   Thumb Code    52  tasks.o(i.vTaskPlaceOnEventListRestricted)
    vTaskStartScheduler                      0x0800b1e1   Thumb Code   118  tasks.o(i.vTaskStartScheduler)
    vTaskSuspend                             0x0800b269   Thumb Code   144  tasks.o(i.vTaskSuspend)
    vTaskSuspendAll                          0x0800b305   Thumb Code    10  tasks.o(i.vTaskSuspendAll)
    vTaskSwitchContext                       0x0800b315   Thumb Code    90  tasks.o(i.vTaskSwitchContext)
    xPortStartScheduler                      0x0800b379   Thumb Code   222  port.o(i.xPortStartScheduler)
    xPortSysTickHandler                      0x0800b46d   Thumb Code    38  port.o(i.xPortSysTickHandler)
    xQueueGenericCreateStatic                0x0800b499   Thumb Code   102  queue.o(i.xQueueGenericCreateStatic)
    xQueueGenericReset                       0x0800b501   Thumb Code   132  queue.o(i.xQueueGenericReset)
    xQueueGenericSend                        0x0800b589   Thumb Code   346  queue.o(i.xQueueGenericSend)
    xQueueGenericSendFromISR                 0x0800b6e9   Thumb Code   190  queue.o(i.xQueueGenericSendFromISR)
    xQueueReceive                            0x0800b7a9   Thumb Code   308  queue.o(i.xQueueReceive)
    xTaskCheckForTimeOut                     0x0800b8e1   Thumb Code   112  tasks.o(i.xTaskCheckForTimeOut)
    xTaskCreate                              0x0800b955   Thumb Code    90  tasks.o(i.xTaskCreate)
    xTaskCreateStatic                        0x0800b9af   Thumb Code    86  tasks.o(i.xTaskCreateStatic)
    xTaskGetSchedulerState                   0x0800ba05   Thumb Code    22  tasks.o(i.xTaskGetSchedulerState)
    xTaskGetTickCount                        0x0800ba21   Thumb Code     6  tasks.o(i.xTaskGetTickCount)
    xTaskIncrementTick                       0x0800ba2d   Thumb Code   192  tasks.o(i.xTaskIncrementTick)
    xTaskPriorityDisinherit                  0x0800baf5   Thumb Code   118  tasks.o(i.xTaskPriorityDisinherit)
    xTaskRemoveFromEventList                 0x0800bb75   Thumb Code    98  tasks.o(i.xTaskRemoveFromEventList)
    xTaskResumeAll                           0x0800bbe5   Thumb Code   182  tasks.o(i.xTaskResumeAll)
    xTimerCreateTimerTask                    0x0800bca9   Thumb Code    78  timers.o(i.xTimerCreateTimerTask)
    xTimerGenericCommand                     0x0800bd09   Thumb Code    98  timers.o(i.xTimerGenericCommand)
    __aeabi_d2iz                             0x0800bd71   Thumb Code     0  dfix.o(x$fpl$dfix)
    _dfix                                    0x0800bd71   Thumb Code    94  dfix.o(x$fpl$dfix)
    __aeabi_i2d                              0x0800bdcf   Thumb Code     0  dflt_clz.o(x$fpl$dflt)
    _dflt                                    0x0800bdcf   Thumb Code    46  dflt_clz.o(x$fpl$dflt)
    __fpl_dnaninf                            0x0800bdfd   Thumb Code   156  dnaninf.o(x$fpl$dnaninf)
    _dsqrt                                   0x0800be99   Thumb Code   404  dsqrt_umaal.o(x$fpl$dsqrt)
    __fpl_fnaninf                            0x0800c031   Thumb Code   140  fnaninf.o(x$fpl$fnaninf)
    _fp_init                                 0x0800c0bd   Thumb Code    10  fpinit.o(x$fpl$fpinit)
    __fplib_config_fpu_vfp                   0x0800c0c5   Thumb Code     0  fpinit.o(x$fpl$fpinit)
    __fplib_config_pureend_doubles           0x0800c0c5   Thumb Code     0  fpinit.o(x$fpl$fpinit)
    _frem                                    0x0800c0c9   Thumb Code   240  frem_clz.o(x$fpl$frem)
    __I$use$fp                               0x0800c1bc   Number         0  usenofp.o(x$fpl$usenofp)
    defaultTask_attributes                   0x0800c1bc   Data          36  main.o(.constdata)
    SensorTask_attributes                    0x0800c1e0   Data          36  main.o(.constdata)
    ScheduleTask_attributes                  0x0800c204   Data          36  main.o(.constdata)
    VCPTask_attributes                       0x0800c228   Data          36  main.o(.constdata)
    AHBPrescTable                            0x0800c254   Data          16  system_stm32f4xx.o(.constdata)
    APBPrescTable                            0x0800c264   Data           8  system_stm32f4xx.o(.constdata)
    Region$$Table$$Base                      0x0800c3c8   Number         0  anon$$obj.o(Region$$Table)
    Region$$Table$$Limit                     0x0800c3e8   Number         0  anon$$obj.o(Region$$Table)
    motor_start                              0x20000000   Data           1  main.o(.data)
    tail                                     0x20000004   Data           4  main.o(.data)
    restart_delay_ms                         0x20000008   Data           4  main.o(.data)
    defaultTaskHandle                        0x2000000c   Data           4  main.o(.data)
    SensorTaskHandle                         0x20000010   Data           4  main.o(.data)
    ScheduleTaskHandle                       0x20000014   Data           4  main.o(.data)
    VCPTaskHandle                            0x20000018   Data           4  main.o(.data)
    PWM_T_us                                 0x2000001c   Data           2  stm32f4xx_it.o(.data)
    PWM_H_us                                 0x2000001e   Data           2  stm32f4xx_it.o(.data)
    PWM_T_Count                              0x20000020   Data           4  stm32f4xx_it.o(.data)
    PWM_H_Count                              0x20000024   Data           4  stm32f4xx_it.o(.data)
    PWM_Duty                                 0x20000028   Data           4  stm32f4xx_it.o(.data)
    FS_Desc                                  0x2000002c   Data          28  usbd_desc.o(.data)
    USBD_LangIDDesc                          0x20000048   Data           4  usbd_desc.o(.data)
    USBD_FS_DeviceDesc                       0x2000004c   Data          18  usbd_desc.o(.data)
    USBD_StringSerial                        0x20000060   Data          26  usbd_desc.o(.data)
    USBD_Interface_fops_FS                   0x2000007c   Data          20  usbd_cdc_if.o(.data)
    uwTickFreq                               0x20000090   Data           1  stm32f4xx_hal.o(.data)
    uwTickPrio                               0x20000094   Data           4  stm32f4xx_hal.o(.data)
    uwTick                                   0x20000098   Data           4  stm32f4xx_hal.o(.data)
    SystemCoreClock                          0x2000009c   Data           4  system_stm32f4xx.o(.data)
    pxCurrentTCB                             0x200000a0   Data           4  tasks.o(.data)
    USBD_CDC                                 0x20000178   Data          56  usbd_cdc.o(.data)
    motor_type_now                           0x200001b0   Data           1  motor.o(.data)
    Virtual_Moto                             0x200001b4   Data          20  motor.o(.data)
    Motor_Config                             0x200001c8   Data           3  motor.o(.data)
    Filter_Rate                              0x200001cc   Data          20  motor.o(.data)
    vis_ctrl                                 0x200001e4   Data          24  vis.o(.data)
    inverter_ctrl                            0x200001fc   Data          12  inverter.o(.data)
    foc_ctrl                                 0x20000208   Data          44  foc_motor.o(.data)
    HFI_ctrl                                 0x20000234   Data          16  foc_motor.o(.data)
    HFI_run                                  0x20000244   Data          88  foc_motor.o(.data)
    bldc_ctrl                                0x2000029c   Data          72  bldc_motor.o(.data)
    AS5048_para                              0x200002e4   Data          16  encoder.o(.data)
    hall_seq_ideal_120                       0x200002f4   Data           6  hall.o(.data)
    hall_seq_ideal_60                        0x200002fa   Data           6  hall.o(.data)
    hall_seq_calibration_120                 0x20000300   Data           6  hall.o(.data)
    hall_seq_calibration_60                  0x20000306   Data           8  hall.o(.data)
    hall_deg_seq_ccw                         0x20000310   Data          24  hall.o(.data)
    hall_deg_seq_cw                          0x20000328   Data          24  hall.o(.data)
    sensor_calibration_status                0x20000340   Data           1  sensor.o(.data)
    sensor_calibration_err                   0x20000344   Data           4  sensor.o(.data)
    sensor_calibration_current               0x20000348   Data           4  sensor.o(.data)
    adc_cali                                 0x2000034c   Data          28  voltagecurrentsensor.o(.data)
    Vbus_ADC                                 0x20000368   Data           2  voltagecurrentsensor.o(.data)
    p_phase_voltage_V                        0x2000036c   Data          12  voltagecurrentsensor.o(.data)
    p_phase_current_A                        0x20000378   Data          12  voltagecurrentsensor.o(.data)
    debug_arr                                0x20000384   Data          84  main.o(.bss)
    hadc1                                    0x200003d8   Data          72  main.o(.bss)
    hadc2                                    0x20000420   Data          72  main.o(.bss)
    hadc3                                    0x20000468   Data          72  main.o(.bss)
    hspi1                                    0x200004b0   Data          88  main.o(.bss)
    hspi3                                    0x20000508   Data          88  main.o(.bss)
    htim1                                    0x20000560   Data          72  main.o(.bss)
    hdma_adc3                                0x200005a8   Data          96  main.o(.bss)
    hdma_tim4_ch1                            0x20000608   Data          96  main.o(.bss)
    hdma_tim4_ch2                            0x20000668   Data          96  main.o(.bss)
    htim7                                    0x200006c8   Data          72  stm32f4xx_hal_timebase_tim.o(.bss)
    hUsbDeviceFS                             0x20000710   Data         732  usb_device.o(.bss)
    USBD_StrDesc                             0x200009ec   Data         512  usbd_desc.o(.bss)
    UserRxBufferFS                           0x20000bec   Data        2048  usbd_cdc_if.o(.bss)
    UserTxBufferFS                           0x200013ec   Data        2048  usbd_cdc_if.o(.bss)
    hpcd_USB_OTG_FS                          0x20001e0c   Data        1292  usbd_conf.o(.bss)
    xQueueRegistry                           0x20002318   Data          64  queue.o(.bss)
    vis_run                                  0x20006c14   Data          40  vis.o(.bss)
    inverter_run                             0x20006c54   Data          32  inverter.o(.bss)
    flo_observer                             0x20006c74   Data         120  fluxlinkageobserver.o(.bss)
    foc_para                                 0x20006cec   Data         168  foc_motor.o(.bss)
    foc_run                                  0x20006d94   Data          72  foc_motor.o(.bss)
    ID_PID                                   0x20006ddc   Data          60  foc_motor.o(.bss)
    IQ_PID                                   0x20006e18   Data          60  foc_motor.o(.bss)
    Speed_PID                                0x20006e54   Data          60  foc_motor.o(.bss)
    Position_PID                             0x20006e90   Data          60  foc_motor.o(.bss)
    Encoder_PLL                              0x20006ecc   Data          48  foc_motor.o(.bss)
    Hall_PLL                                 0x20006efc   Data          48  foc_motor.o(.bss)
    bldc_run                                 0x20006f2c   Data         196  bldc_motor.o(.bss)
    Hall_Sensor                              0x20006ff0   Data          84  hall.o(.bss)
    adc_value                                0x20007044   Data          24  voltagecurrentsensor.o(.bss)
    phase_voltage_V                          0x2000705c   Data          12  voltagecurrentsensor.o(.bss)
    phase_voltage_V_f                        0x20007068   Data          12  voltagecurrentsensor.o(.bss)
    phase_current_A                          0x20007074   Data          12  voltagecurrentsensor.o(.bss)
    phase_current_A_f                        0x20007080   Data          12  voltagecurrentsensor.o(.bss)
    __libspace_start                         0x2000708c   Data          96  libspace.o(.bss)
    __temporary_stack_top$libspace           0x200070ec   Data           0  libspace.o(.bss)



==============================================================================

Memory Map of the image

  Image Entry point : 0x08000189

  Load Region LR_IROM1 (Base: 0x08000000, Size: 0x0000c76c, Max: 0x00100000, ABSOLUTE, COMPRESSED[0x0000c590])

    Execution Region ER_IROM1 (Exec base: 0x08000000, Load base: 0x08000000, Size: 0x0000c3e8, Max: 0x00100000, ABSOLUTE)

    Exec Addr    Load Addr    Size         Type   Attr      Idx    E Section Name        Object

    0x08000000   0x08000000   0x00000188   Data   RO            3    RESET               startup_stm32f405xx.o
    0x08000188   0x08000188   0x00000008   Code   RO         8017  * !!!main             c_w.l(__main.o)
    0x08000190   0x08000190   0x00000034   Code   RO         8333    !!!scatter          c_w.l(__scatter.o)
    0x080001c4   0x080001c4   0x0000005a   Code   RO         8331    !!dczerorl2         c_w.l(__dczerorl2.o)
    0x0800021e   0x0800021e   0x00000002   PAD
    0x08000220   0x08000220   0x0000001c   Code   RO         8335    !!handler_zi        c_w.l(__scatter_zi.o)
    0x0800023c   0x0800023c   0x00000002   Code   RO         8202    .ARM.Collect$$libinit$$00000000  c_w.l(libinit.o)
    0x0800023e   0x0800023e   0x00000004   Code   RO         8211    .ARM.Collect$$libinit$$00000001  c_w.l(libinit2.o)
    0x08000242   0x08000242   0x00000000   Code   RO         8214    .ARM.Collect$$libinit$$00000004  c_w.l(libinit2.o)
    0x08000242   0x08000242   0x00000000   Code   RO         8217    .ARM.Collect$$libinit$$0000000A  c_w.l(libinit2.o)
    0x08000242   0x08000242   0x00000000   Code   RO         8219    .ARM.Collect$$libinit$$0000000C  c_w.l(libinit2.o)
    0x08000242   0x08000242   0x00000000   Code   RO         8221    .ARM.Collect$$libinit$$0000000E  c_w.l(libinit2.o)
    0x08000242   0x08000242   0x00000000   Code   RO         8224    .ARM.Collect$$libinit$$00000011  c_w.l(libinit2.o)
    0x08000242   0x08000242   0x00000000   Code   RO         8226    .ARM.Collect$$libinit$$00000013  c_w.l(libinit2.o)
    0x08000242   0x08000242   0x00000000   Code   RO         8228    .ARM.Collect$$libinit$$00000015  c_w.l(libinit2.o)
    0x08000242   0x08000242   0x00000000   Code   RO         8230    .ARM.Collect$$libinit$$00000017  c_w.l(libinit2.o)
    0x08000242   0x08000242   0x00000000   Code   RO         8232    .ARM.Collect$$libinit$$00000019  c_w.l(libinit2.o)
    0x08000242   0x08000242   0x00000000   Code   RO         8234    .ARM.Collect$$libinit$$0000001B  c_w.l(libinit2.o)
    0x08000242   0x08000242   0x00000000   Code   RO         8236    .ARM.Collect$$libinit$$0000001D  c_w.l(libinit2.o)
    0x08000242   0x08000242   0x00000000   Code   RO         8238    .ARM.Collect$$libinit$$0000001F  c_w.l(libinit2.o)
    0x08000242   0x08000242   0x00000000   Code   RO         8240    .ARM.Collect$$libinit$$00000021  c_w.l(libinit2.o)
    0x08000242   0x08000242   0x00000000   Code   RO         8242    .ARM.Collect$$libinit$$00000023  c_w.l(libinit2.o)
    0x08000242   0x08000242   0x00000000   Code   RO         8244    .ARM.Collect$$libinit$$00000025  c_w.l(libinit2.o)
    0x08000242   0x08000242   0x00000000   Code   RO         8248    .ARM.Collect$$libinit$$0000002C  c_w.l(libinit2.o)
    0x08000242   0x08000242   0x00000000   Code   RO         8250    .ARM.Collect$$libinit$$0000002E  c_w.l(libinit2.o)
    0x08000242   0x08000242   0x00000000   Code   RO         8252    .ARM.Collect$$libinit$$00000030  c_w.l(libinit2.o)
    0x08000242   0x08000242   0x00000000   Code   RO         8254    .ARM.Collect$$libinit$$00000032  c_w.l(libinit2.o)
    0x08000242   0x08000242   0x00000002   Code   RO         8255    .ARM.Collect$$libinit$$00000033  c_w.l(libinit2.o)
    0x08000244   0x08000244   0x00000002   Code   RO         8286    .ARM.Collect$$libshutdown$$00000000  c_w.l(libshutdown.o)
    0x08000246   0x08000246   0x00000000   Code   RO         8312    .ARM.Collect$$libshutdown$$00000002  c_w.l(libshutdown2.o)
    0x08000246   0x08000246   0x00000000   Code   RO         8314    .ARM.Collect$$libshutdown$$00000004  c_w.l(libshutdown2.o)
    0x08000246   0x08000246   0x00000000   Code   RO         8316    .ARM.Collect$$libshutdown$$00000006  c_w.l(libshutdown2.o)
    0x08000246   0x08000246   0x00000000   Code   RO         8319    .ARM.Collect$$libshutdown$$00000009  c_w.l(libshutdown2.o)
    0x08000246   0x08000246   0x00000000   Code   RO         8322    .ARM.Collect$$libshutdown$$0000000C  c_w.l(libshutdown2.o)
    0x08000246   0x08000246   0x00000000   Code   RO         8324    .ARM.Collect$$libshutdown$$0000000E  c_w.l(libshutdown2.o)
    0x08000246   0x08000246   0x00000000   Code   RO         8327    .ARM.Collect$$libshutdown$$00000011  c_w.l(libshutdown2.o)
    0x08000246   0x08000246   0x00000002   Code   RO         8328    .ARM.Collect$$libshutdown$$00000012  c_w.l(libshutdown2.o)
    0x08000248   0x08000248   0x00000000   Code   RO         8121    .ARM.Collect$$rtentry$$00000000  c_w.l(__rtentry.o)
    0x08000248   0x08000248   0x00000000   Code   RO         8161    .ARM.Collect$$rtentry$$00000002  c_w.l(__rtentry2.o)
    0x08000248   0x08000248   0x00000006   Code   RO         8173    .ARM.Collect$$rtentry$$00000004  c_w.l(__rtentry4.o)
    0x0800024e   0x0800024e   0x00000000   Code   RO         8163    .ARM.Collect$$rtentry$$00000009  c_w.l(__rtentry2.o)
    0x0800024e   0x0800024e   0x00000004   Code   RO         8164    .ARM.Collect$$rtentry$$0000000A  c_w.l(__rtentry2.o)
    0x08000252   0x08000252   0x00000000   Code   RO         8166    .ARM.Collect$$rtentry$$0000000C  c_w.l(__rtentry2.o)
    0x08000252   0x08000252   0x00000008   Code   RO         8167    .ARM.Collect$$rtentry$$0000000D  c_w.l(__rtentry2.o)
    0x0800025a   0x0800025a   0x00000002   Code   RO         8203    .ARM.Collect$$rtexit$$00000000  c_w.l(rtexit.o)
    0x0800025c   0x0800025c   0x00000000   Code   RO         8259    .ARM.Collect$$rtexit$$00000002  c_w.l(rtexit2.o)
    0x0800025c   0x0800025c   0x00000004   Code   RO         8260    .ARM.Collect$$rtexit$$00000003  c_w.l(rtexit2.o)
    0x08000260   0x08000260   0x00000006   Code   RO         8261    .ARM.Collect$$rtexit$$00000004  c_w.l(rtexit2.o)
    0x08000266   0x08000266   0x00000002   PAD
    0x08000268   0x08000268   0x000000be   Code   RO         6368    .emb_text           port.o
    0x08000326   0x08000326   0x00000002   PAD
    0x08000328   0x08000328   0x00000040   Code   RO            4    .text               startup_stm32f405xx.o
    0x08000368   0x08000368   0x000000ee   Code   RO         7999    .text               c_w.l(lludivv7m.o)
    0x08000456   0x08000456   0x00000058   Code   RO         8003    .text               c_w.l(memcmp.o)
    0x080004ae   0x080004ae   0x0000008a   Code   RO         8005    .text               c_w.l(rt_memcpy_v6.o)
    0x08000538   0x08000538   0x00000064   Code   RO         8007    .text               c_w.l(rt_memcpy_w.o)
    0x0800059c   0x0800059c   0x00000010   Code   RO         8011    .text               c_w.l(aeabi_memset.o)
    0x080005ac   0x080005ac   0x0000004e   Code   RO         8013    .text               c_w.l(rt_memclr_w.o)
    0x080005fa   0x080005fa   0x00000006   Code   RO         8015    .text               c_w.l(heapauxi.o)
    0x08000600   0x08000600   0x00000016   Code   RO         8126    .text               c_w.l(_rserrno.o)
    0x08000616   0x08000616   0x00000044   Code   RO         8128    .text               c_w.l(rt_memclr.o)
    0x0800065a   0x0800065a   0x00000002   PAD
    0x0800065c   0x0800065c   0x00000008   Code   RO         8180    .text               c_w.l(rt_errno_addr_intlibspace.o)
    0x08000664   0x08000664   0x00000008   Code   RO         8186    .text               c_w.l(libspace.o)
    0x0800066c   0x0800066c   0x0000004a   Code   RO         8189    .text               c_w.l(sys_stackheap_outer.o)
    0x080006b6   0x080006b6   0x00000012   Code   RO         8191    .text               c_w.l(exit.o)
    0x080006c8   0x080006c8   0x0000000c   Code   RO         8256    .text               c_w.l(sys_exit.o)
    0x080006d4   0x080006d4   0x00000002   Code   RO         8275    .text               c_w.l(use_no_semi.o)
    0x080006d6   0x080006d6   0x00000000   Code   RO         8277    .text               c_w.l(indicate_semi.o)
    0x080006d6   0x080006d6   0x00000002   PAD
    0x080006d8   0x080006d8   0x00000048   Code   RO         6912    i.ABS_Angle_Delta   my_math.o
    0x08000720   0x08000720   0x0000006e   Code   RO         2845    i.ADC_DMAConvCplt   stm32f4xx_hal_adc.o
    0x0800078e   0x0800078e   0x00000016   Code   RO         2846    i.ADC_DMAError      stm32f4xx_hal_adc.o
    0x080007a4   0x080007a4   0x0000000a   Code   RO         2847    i.ADC_DMAHalfConvCplt  stm32f4xx_hal_adc.o
    0x080007ae   0x080007ae   0x00000002   PAD
    0x080007b0   0x080007b0   0x0000023c   Code   RO          428    i.ADC_IRQHandler    stm32f4xx_it.o
    0x080009ec   0x080009ec   0x00000128   Code   RO         2848    i.ADC_Init          stm32f4xx_hal_adc.o
    0x08000b14   0x08000b14   0x00000060   Code   RO         7788    i.AS5048_Read_M_Ang  as5048a.o
    0x08000b74   0x08000b74   0x00000054   Code   RO         7789    i.AS5048a_Read_Raw  as5048a.o
    0x08000bc8   0x08000bc8   0x00000850   Code   RO         7651    i.BLDC_Process      bldc_motor.o
    0x08001418   0x08001418   0x0000002c   Code   RO         7652    i.Brake             bldc_motor.o
    0x08001444   0x08001444   0x00000002   Code   RO          429    i.BusFault_Handler  stm32f4xx_it.o
    0x08001446   0x08001446   0x00000004   Code   RO          864    i.CDC_Control_FS    usbd_cdc_if.o
    0x0800144a   0x0800144a   0x00000004   Code   RO          865    i.CDC_DeInit_FS     usbd_cdc_if.o
    0x0800144e   0x0800144e   0x00000002   PAD
    0x08001450   0x08001450   0x00000024   Code   RO          866    i.CDC_Init_FS       usbd_cdc_if.o
    0x08001474   0x08001474   0x00000018   Code   RO          867    i.CDC_Receive_FS    usbd_cdc_if.o
    0x0800148c   0x0800148c   0x00000004   Code   RO          868    i.CDC_TransmitCplt_FS  usbd_cdc_if.o
    0x08001490   0x08001490   0x0000002c   Code   RO          869    i.CDC_Transmit_FS   usbd_cdc_if.o
    0x080014bc   0x080014bc   0x00000038   Code   RO         7461    i.Clarke_Transmission  foc.o
    0x080014f4   0x080014f4   0x0000001c   Code   RO         7273    i.Clear_Vis         vis.o
    0x08001510   0x08001510   0x0000000c   Code   RO          430    i.DMA1_Stream0_IRQHandler  stm32f4xx_it.o
    0x0800151c   0x0800151c   0x0000000c   Code   RO          431    i.DMA1_Stream3_IRQHandler  stm32f4xx_it.o
    0x08001528   0x08001528   0x0000000c   Code   RO          432    i.DMA2_Stream0_IRQHandler  stm32f4xx_it.o
    0x08001534   0x08001534   0x00000028   Code   RO         2172    i.DMA_CalcBaseAndBitshift  stm32f4xx_hal_dma.o
    0x0800155c   0x0800155c   0x00000054   Code   RO         2173    i.DMA_CheckFifoParam  stm32f4xx_hal_dma.o
    0x080015b0   0x080015b0   0x00000028   Code   RO         2174    i.DMA_SetConfig     stm32f4xx_hal_dma.o
    0x080015d8   0x080015d8   0x00000002   Code   RO          433    i.DebugMon_Handler  stm32f4xx_it.o
    0x080015da   0x080015da   0x00000002   PAD
    0x080015dc   0x080015dc   0x000005d4   Code   RO         7822    i.Encoder_Calibration  encoder.o
    0x08001bb0   0x08001bb0   0x00000004   Code   RO           15    i.Error_Handler     main.o
    0x08001bb4   0x08001bb4   0x00000074   Code   RO         7412    i.FLO_Init          fluxlinkageobserver.o
    0x08001c28   0x08001c28   0x000000d8   Code   RO         7413    i.FLO_Run           fluxlinkageobserver.o
    0x08001d00   0x08001d00   0x0000033c   Code   RO         7527    i.FOC_Process       foc_motor.o
    0x0800203c   0x0800203c   0x00000086   Code   RO         7091    i.FeedForward_PID_Position_Run  pid.o
    0x080020c2   0x080020c2   0x00000002   PAD
    0x080020c4   0x080020c4   0x00000056   Code   RO         6914    i.Find_Most_Repeated_Element  my_math.o
    0x0800211a   0x0800211a   0x00000002   PAD
    0x0800211c   0x0800211c   0x00000030   Code   RO         7653    i.Full_Brake        bldc_motor.o
    0x0800214c   0x0800214c   0x000002f4   Code   RO         7528    i.HALL_Angle_Speed_Cali  foc_motor.o
    0x08002440   0x08002440   0x00000404   Code   RO         7864    i.HALL_Calibration  hall.o
    0x08002844   0x08002844   0x000001bc   Code   RO         3018    i.HAL_ADCEx_InjectedConfigChannel  stm32f4xx_hal_adc_ex.o
    0x08002a00   0x08002a00   0x000000e4   Code   RO         3023    i.HAL_ADCEx_InjectedStart_IT  stm32f4xx_hal_adc_ex.o
    0x08002ae4   0x08002ae4   0x00000054   Code   RO         3026    i.HAL_ADCEx_MultiModeConfigChannel  stm32f4xx_hal_adc_ex.o
    0x08002b38   0x08002b38   0x0000014c   Code   RO         2850    i.HAL_ADC_ConfigChannel  stm32f4xx_hal_adc.o
    0x08002c84   0x08002c84   0x00000002   Code   RO         2851    i.HAL_ADC_ConvCpltCallback  stm32f4xx_hal_adc.o
    0x08002c86   0x08002c86   0x00000002   Code   RO         2852    i.HAL_ADC_ConvHalfCpltCallback  stm32f4xx_hal_adc.o
    0x08002c88   0x08002c88   0x00000002   Code   RO         2854    i.HAL_ADC_ErrorCallback  stm32f4xx_hal_adc.o
    0x08002c8a   0x08002c8a   0x00000054   Code   RO         2859    i.HAL_ADC_Init      stm32f4xx_hal_adc.o
    0x08002cde   0x08002cde   0x00000002   PAD
    0x08002ce0   0x08002ce0   0x00000184   Code   RO          565    i.HAL_ADC_MspInit   stm32f4xx_hal_msp.o
    0x08002e64   0x08002e64   0x000000fc   Code   RO         2865    i.HAL_ADC_Start     stm32f4xx_hal_adc.o
    0x08002f60   0x08002f60   0x00000154   Code   RO         2866    i.HAL_ADC_Start_DMA  stm32f4xx_hal_adc.o
    0x080030b4   0x080030b4   0x000001a0   Code   RO         2180    i.HAL_DMA_IRQHandler  stm32f4xx_hal_dma.o
    0x08003254   0x08003254   0x000000d4   Code   RO         2181    i.HAL_DMA_Init      stm32f4xx_hal_dma.o
    0x08003328   0x08003328   0x0000006e   Code   RO         2185    i.HAL_DMA_Start_IT  stm32f4xx_hal_dma.o
    0x08003396   0x08003396   0x00000002   PAD
    0x08003398   0x08003398   0x00000024   Code   RO         2594    i.HAL_Delay         stm32f4xx_hal.o
    0x080033bc   0x080033bc   0x000001f0   Code   RO         2068    i.HAL_GPIO_Init     stm32f4xx_hal_gpio.o
    0x080035ac   0x080035ac   0x0000000a   Code   RO         2072    i.HAL_GPIO_WritePin  stm32f4xx_hal_gpio.o
    0x080035b6   0x080035b6   0x00000002   PAD
    0x080035b8   0x080035b8   0x0000000c   Code   RO         2600    i.HAL_GetTick       stm32f4xx_hal.o
    0x080035c4   0x080035c4   0x00000010   Code   RO         2606    i.HAL_IncTick       stm32f4xx_hal.o
    0x080035d4   0x080035d4   0x00000034   Code   RO         2607    i.HAL_Init          stm32f4xx_hal.o
    0x08003608   0x08003608   0x00000074   Code   RO          643    i.HAL_InitTick      stm32f4xx_hal_timebase_tim.o
    0x0800367c   0x0800367c   0x00000038   Code   RO          568    i.HAL_MspInit       stm32f4xx_hal_msp.o
    0x080036b4   0x080036b4   0x0000001a   Code   RO         2457    i.HAL_NVIC_EnableIRQ  stm32f4xx_hal_cortex.o
    0x080036ce   0x080036ce   0x00000002   PAD
    0x080036d0   0x080036d0   0x00000040   Code   RO         2463    i.HAL_NVIC_SetPriority  stm32f4xx_hal_cortex.o
    0x08003710   0x08003710   0x00000024   Code   RO         2464    i.HAL_NVIC_SetPriorityGrouping  stm32f4xx_hal_cortex.o
    0x08003734   0x08003734   0x00000002   Code   RO         1367    i.HAL_PCDEx_LPM_Callback  stm32f4xx_hal_pcd_ex.o
    0x08003736   0x08003736   0x00000008   Code   RO         1368    i.HAL_PCDEx_SetRxFiFo  stm32f4xx_hal_pcd_ex.o
    0x0800373e   0x0800373e   0x00000044   Code   RO         1369    i.HAL_PCDEx_SetTxFiFo  stm32f4xx_hal_pcd_ex.o
    0x08003782   0x08003782   0x00000008   Code   RO          921    i.HAL_PCD_ConnectCallback  usbd_conf.o
    0x0800378a   0x0800378a   0x00000012   Code   RO          922    i.HAL_PCD_DataInStageCallback  usbd_conf.o
    0x0800379c   0x0800379c   0x00000014   Code   RO          923    i.HAL_PCD_DataOutStageCallback  usbd_conf.o
    0x080037b0   0x080037b0   0x00000008   Code   RO          924    i.HAL_PCD_DisconnectCallback  usbd_conf.o
    0x080037b8   0x080037b8   0x0000001e   Code   RO         1137    i.HAL_PCD_EP_Abort  stm32f4xx_hal_pcd.o
    0x080037d6   0x080037d6   0x0000004c   Code   RO         1138    i.HAL_PCD_EP_Close  stm32f4xx_hal_pcd.o
    0x08003822   0x08003822   0x0000005c   Code   RO         1139    i.HAL_PCD_EP_ClrStall  stm32f4xx_hal_pcd.o
    0x0800387e   0x0800387e   0x00000012   Code   RO         1141    i.HAL_PCD_EP_GetRxCount  stm32f4xx_hal_pcd.o
    0x08003890   0x08003890   0x00000060   Code   RO         1142    i.HAL_PCD_EP_Open   stm32f4xx_hal_pcd.o
    0x080038f0   0x080038f0   0x00000048   Code   RO         1143    i.HAL_PCD_EP_Receive  stm32f4xx_hal_pcd.o
    0x08003938   0x08003938   0x00000074   Code   RO         1144    i.HAL_PCD_EP_SetStall  stm32f4xx_hal_pcd.o
    0x080039ac   0x080039ac   0x00000040   Code   RO         1145    i.HAL_PCD_EP_Transmit  stm32f4xx_hal_pcd.o
    0x080039ec   0x080039ec   0x00000560   Code   RO         1147    i.HAL_PCD_IRQHandler  stm32f4xx_hal_pcd.o
    0x08003f4c   0x08003f4c   0x00000008   Code   RO          925    i.HAL_PCD_ISOINIncompleteCallback  usbd_conf.o
    0x08003f54   0x08003f54   0x00000008   Code   RO          926    i.HAL_PCD_ISOOUTIncompleteCallback  usbd_conf.o
    0x08003f5c   0x08003f5c   0x000000e2   Code   RO         1150    i.HAL_PCD_Init      stm32f4xx_hal_pcd.o
    0x0800403e   0x0800403e   0x00000002   PAD
    0x08004040   0x08004040   0x00000084   Code   RO          928    i.HAL_PCD_MspInit   usbd_conf.o
    0x080040c4   0x080040c4   0x0000002c   Code   RO          929    i.HAL_PCD_ResetCallback  usbd_conf.o
    0x080040f0   0x080040f0   0x00000008   Code   RO          930    i.HAL_PCD_ResumeCallback  usbd_conf.o
    0x080040f8   0x080040f8   0x00000008   Code   RO          931    i.HAL_PCD_SOFCallback  usbd_conf.o
    0x08004100   0x08004100   0x00000028   Code   RO         1156    i.HAL_PCD_SetAddress  stm32f4xx_hal_pcd.o
    0x08004128   0x08004128   0x0000000e   Code   RO          932    i.HAL_PCD_SetupStageCallback  usbd_conf.o
    0x08004136   0x08004136   0x00000042   Code   RO         1159    i.HAL_PCD_Start     stm32f4xx_hal_pcd.o
    0x08004178   0x08004178   0x00000030   Code   RO          933    i.HAL_PCD_SuspendCallback  usbd_conf.o
    0x080041a8   0x080041a8   0x00000134   Code   RO         1714    i.HAL_RCC_ClockConfig  stm32f4xx_hal_rcc.o
    0x080042dc   0x080042dc   0x00000040   Code   RO         1718    i.HAL_RCC_GetClockConfig  stm32f4xx_hal_rcc.o
    0x0800431c   0x0800431c   0x0000000c   Code   RO         1719    i.HAL_RCC_GetHCLKFreq  stm32f4xx_hal_rcc.o
    0x08004328   0x08004328   0x00000020   Code   RO         1721    i.HAL_RCC_GetPCLK1Freq  stm32f4xx_hal_rcc.o
    0x08004348   0x08004348   0x00000060   Code   RO         1723    i.HAL_RCC_GetSysClockFreq  stm32f4xx_hal_rcc.o
    0x080043a8   0x080043a8   0x0000036c   Code   RO         1726    i.HAL_RCC_OscConfig  stm32f4xx_hal_rcc.o
    0x08004714   0x08004714   0x000000bc   Code   RO         3134    i.HAL_SPI_Init      stm32f4xx_hal_spi.o
    0x080047d0   0x080047d0   0x000000b0   Code   RO          570    i.HAL_SPI_MspInit   stm32f4xx_hal_msp.o
    0x08004880   0x08004880   0x00000054   Code   RO         4154    i.HAL_TIMEx_ConfigBreakDeadTime  stm32f4xx_hal_tim_ex.o
    0x080048d4   0x080048d4   0x00000090   Code   RO         4170    i.HAL_TIMEx_MasterConfigSynchronization  stm32f4xx_hal_tim_ex.o
    0x08004964   0x08004964   0x000000c0   Code   RO         4181    i.HAL_TIMEx_PWMN_Start  stm32f4xx_hal_tim_ex.o
    0x08004a24   0x08004a24   0x0000005a   Code   RO         3447    i.HAL_TIM_Base_Init  stm32f4xx_hal_tim.o
    0x08004a7e   0x08004a7e   0x00000002   PAD
    0x08004a80   0x08004a80   0x00000170   Code   RO          572    i.HAL_TIM_Base_MspInit  stm32f4xx_hal_msp.o
    0x08004bf0   0x08004bf0   0x00000078   Code   RO         3450    i.HAL_TIM_Base_Start  stm32f4xx_hal_tim.o
    0x08004c68   0x08004c68   0x00000080   Code   RO         3452    i.HAL_TIM_Base_Start_IT  stm32f4xx_hal_tim.o
    0x08004ce8   0x08004ce8   0x000000dc   Code   RO         3456    i.HAL_TIM_ConfigClockSource  stm32f4xx_hal_tim.o
    0x08004dc4   0x08004dc4   0x00000080   Code   RO          573    i.HAL_TIM_MspPostInit  stm32f4xx_hal_msp.o
    0x08004e44   0x08004e44   0x000000cc   Code   RO         3519    i.HAL_TIM_PWM_ConfigChannel  stm32f4xx_hal_tim.o
    0x08004f10   0x08004f10   0x0000005a   Code   RO         3522    i.HAL_TIM_PWM_Init  stm32f4xx_hal_tim.o
    0x08004f6a   0x08004f6a   0x00000002   Code   RO         3524    i.HAL_TIM_PWM_MspInit  stm32f4xx_hal_tim.o
    0x08004f6c   0x08004f6c   0x000000c8   Code   RO         3527    i.HAL_TIM_PWM_Start  stm32f4xx_hal_tim.o
    0x08005034   0x08005034   0x00000056   Code   RO         3536    i.HAL_TIM_SlaveConfigSynchro  stm32f4xx_hal_tim.o
    0x0800508a   0x0800508a   0x00000002   PAD
    0x0800508c   0x0800508c   0x000001c0   Code   RO         7529    i.HFI_Angle_Speed_Cali  foc_motor.o
    0x0800524c   0x0800524c   0x0000007c   Code   RO         7654    i.HallLess_Current_Process  bldc_motor.o
    0x080052c8   0x080052c8   0x00000058   Code   RO         7655    i.HallLess_MOS_Switch  bldc_motor.o
    0x08005320   0x08005320   0x0000007c   Code   RO         7656    i.Hall_Current_Process  bldc_motor.o
    0x0800539c   0x0800539c   0x00000058   Code   RO         7657    i.Hall_MOS_Switch   bldc_motor.o
    0x080053f4   0x080053f4   0x00000018   Code   RO         7865    i.Hall_Sensor_Init  hall.o
    0x0800540c   0x0800540c   0x00000002   Code   RO          434    i.HardFault_Handler  stm32f4xx_it.o
    0x0800540e   0x0800540e   0x00000002   PAD
    0x08005410   0x08005410   0x00000074   Code   RO         7658    i.Init_BLDC_Motor   bldc_motor.o
    0x08005484   0x08005484   0x000001a4   Code   RO         7530    i.Init_FOC_Motor    foc_motor.o
    0x08005628   0x08005628   0x00000020   Code   RO         7202    i.Init_Motor        motor.o
    0x08005648   0x08005648   0x0000006c   Code   RO         7274    i.Init_VIS          vis.o
    0x080056b4   0x080056b4   0x00000038   Code   RO          778    i.IntToUnicode      usbd_desc.o
    0x080056ec   0x080056ec   0x0000004c   Code   RO         7463    i.Inverse_Park_Transmission  foc.o
    0x08005738   0x08005738   0x0000008c   Code   RO         7364    i.Inverter_Process  inverter.o
    0x080057c4   0x080057c4   0x00000068   Code   RO         6919    i.LPF_Mult_F32      my_math.o
    0x0800582c   0x0800582c   0x00000010   Code   RO         7203    i.MOS_Driver_Disable  motor.o
    0x0800583c   0x0800583c   0x00000010   Code   RO         7204    i.MOS_Driver_Enable  motor.o
    0x0800584c   0x0800584c   0x00000024   Code   RO         7659    i.MOS_Q15PWM        bldc_motor.o
    0x08005870   0x08005870   0x00000024   Code   RO         7660    i.MOS_Q16PWM        bldc_motor.o
    0x08005894   0x08005894   0x00000024   Code   RO         7661    i.MOS_Q24PWM        bldc_motor.o
    0x080058b8   0x080058b8   0x00000024   Code   RO         7662    i.MOS_Q26PWM        bldc_motor.o
    0x080058dc   0x080058dc   0x00000024   Code   RO         7663    i.MOS_Q34PWM        bldc_motor.o
    0x08005900   0x08005900   0x00000024   Code   RO         7664    i.MOS_Q35PWM        bldc_motor.o
    0x08005924   0x08005924   0x000000f0   Code   RO           17    i.MX_ADC1_Init      main.o
    0x08005a14   0x08005a14   0x000000c4   Code   RO           18    i.MX_ADC2_Init      main.o
    0x08005ad8   0x08005ad8   0x000000c4   Code   RO           19    i.MX_ADC3_Init      main.o
    0x08005b9c   0x08005b9c   0x000000c4   Code   RO           20    i.MX_GPIO_Init      main.o
    0x08005c60   0x08005c60   0x00000048   Code   RO           21    i.MX_SPI1_Init      main.o
    0x08005ca8   0x08005ca8   0x00000048   Code   RO           22    i.MX_SPI3_Init      main.o
    0x08005cf0   0x08005cf0   0x00000114   Code   RO           23    i.MX_TIM1_Init      main.o
    0x08005e04   0x08005e04   0x00000054   Code   RO          747    i.MX_USB_DEVICE_Init  usb_device.o
    0x08005e58   0x08005e58   0x00000002   Code   RO          435    i.MemManage_Handler  stm32f4xx_it.o
    0x08005e5a   0x08005e5a   0x00000002   PAD
    0x08005e5c   0x08005e5c   0x00000010   Code   RO         7206    i.Motor_Is_Running  motor.o
    0x08005e6c   0x08005e6c   0x00000002   Code   RO          436    i.NMI_Handler       stm32f4xx_it.o
    0x08005e6e   0x08005e6e   0x00000002   PAD
    0x08005e70   0x08005e70   0x0000002c   Code   RO         6922    i.Normalize_Angle   my_math.o
    0x08005e9c   0x08005e9c   0x0000000c   Code   RO          437    i.OTG_FS_IRQHandler  stm32f4xx_it.o
    0x08005ea8   0x08005ea8   0x000000cc   Code   RO         1163    i.PCD_EP_OutXfrComplete_int  stm32f4xx_hal_pcd.o
    0x08005f74   0x08005f74   0x000000a2   Code   RO         1164    i.PCD_WriteEmptyTxFifo  stm32f4xx_hal_pcd.o
    0x08006016   0x08006016   0x0000004c   Code   RO         7095    i.PID_Position_Init  pid.o
    0x08006062   0x08006062   0x00000002   PAD
    0x08006064   0x08006064   0x00000028   Code   RO         7096    i.PID_Position_Reset  pid.o
    0x0800608c   0x0800608c   0x00000082   Code   RO         7097    i.PID_Position_Run  pid.o
    0x0800610e   0x0800610e   0x00000002   PAD
    0x08006110   0x08006110   0x00000074   Code   RO         7147    i.PLL_Init          pll.o
    0x08006184   0x08006184   0x000000a0   Code   RO         7148    i.PLL_Run           pll.o
    0x08006224   0x08006224   0x0000004c   Code   RO         7465    i.Park_Transmission  foc.o
    0x08006270   0x08006270   0x000000c4   Code   RO         7665    i.Plug_Brake        bldc_motor.o
    0x08006334   0x08006334   0x000000ac   Code   RO         7531    i.SPI_Encoder_Angle_Speed_Cali  foc_motor.o
    0x080063e0   0x080063e0   0x000001f8   Code   RO         7468    i.SVPWM_DQ          foc.o
    0x080065d8   0x080065d8   0x00000088   Code   RO         7532    i.SVPWM_Update      foc_motor.o
    0x08006660   0x08006660   0x0000000a   Code   RO         6607    i.SWAPBYTE          usbd_ctlreq.o
    0x0800666a   0x0800666a   0x00000002   PAD
    0x0800666c   0x0800666c   0x0000009c   Code   RO           24    i.ScheduleTask      main.o
    0x08006708   0x08006708   0x00000374   Code   RO         7533    i.SensorLess_Angle_Speed_Cali  foc_motor.o
    0x08006a7c   0x08006a7c   0x00000038   Code   RO           25    i.SensorTask        main.o
    0x08006ab4   0x08006ab4   0x0000006c   Code   RO         7910    i.Sensor_Calibration  sensor.o
    0x08006b20   0x08006b20   0x00000120   Code   RO         7365    i.Sine_Wave_Generate  inverter.o
    0x08006c40   0x08006c40   0x00000050   Code   RO           26    i.StartDefaultTask  main.o
    0x08006c90   0x08006c90   0x0000011c   Code   RO         7666    i.Start_BLDC_Motor  bldc_motor.o
    0x08006dac   0x08006dac   0x0000017c   Code   RO         7534    i.Start_FOC_Motor   foc_motor.o
    0x08006f28   0x08006f28   0x00000074   Code   RO         7366    i.Start_Inverter    inverter.o
    0x08006f9c   0x08006f9c   0x0000003c   Code   RO         7207    i.Start_Motor       motor.o
    0x08006fd8   0x08006fd8   0x00000034   Code   RO         7275    i.Start_VIS         vis.o
    0x0800700c   0x0800700c   0x00000020   Code   RO         7667    i.Stop_BLDC_Motor   bldc_motor.o
    0x0800702c   0x0800702c   0x00000054   Code   RO         7535    i.Stop_FOC_Motor    foc_motor.o
    0x08007080   0x08007080   0x00000018   Code   RO         7367    i.Stop_Inverter     inverter.o
    0x08007098   0x08007098   0x0000003c   Code   RO         7208    i.Stop_Motor        motor.o
    0x080070d4   0x080070d4   0x00000040   Code   RO         7276    i.Stop_VIS          vis.o
    0x08007114   0x08007114   0x0000001a   Code   RO         5800    i.SysTick_Handler   cmsis_os2.o
    0x0800712e   0x0800712e   0x00000002   PAD
    0x08007130   0x08007130   0x00000098   Code   RO           27    i.SystemClock_Config  main.o
    0x080071c8   0x080071c8   0x00000010   Code   RO         4659    i.SystemInit        system_stm32f4xx.o
    0x080071d8   0x080071d8   0x00000010   Code   RO          438    i.TIM1_TRG_COM_TIM11_IRQHandler  stm32f4xx_it.o
    0x080071e8   0x080071e8   0x00000020   Code   RO          439    i.TIM1_UP_TIM10_IRQHandler  stm32f4xx_it.o
    0x08007208   0x08007208   0x0000000c   Code   RO          440    i.TIM3_IRQHandler   stm32f4xx_it.o
    0x08007214   0x08007214   0x00000048   Code   RO          441    i.TIM4_IRQHandler   stm32f4xx_it.o
    0x0800725c   0x0800725c   0x00000010   Code   RO          442    i.TIM7_IRQHandler   stm32f4xx_it.o
    0x0800726c   0x0800726c   0x000000c8   Code   RO         3540    i.TIM_Base_SetConfig  stm32f4xx_hal_tim.o
    0x08007334   0x08007334   0x0000001a   Code   RO         3541    i.TIM_CCxChannelCmd  stm32f4xx_hal_tim.o
    0x0800734e   0x0800734e   0x0000001a   Code   RO         4190    i.TIM_CCxNChannelCmd  stm32f4xx_hal_tim_ex.o
    0x08007368   0x08007368   0x00000014   Code   RO         3551    i.TIM_ETR_SetConfig  stm32f4xx_hal_tim.o
    0x0800737c   0x0800737c   0x00000010   Code   RO         3552    i.TIM_ITRx_SetConfig  stm32f4xx_hal_tim.o
    0x0800738c   0x0800738c   0x00000060   Code   RO         3553    i.TIM_OC1_SetConfig  stm32f4xx_hal_tim.o
    0x080073ec   0x080073ec   0x0000006c   Code   RO         3554    i.TIM_OC2_SetConfig  stm32f4xx_hal_tim.o
    0x08007458   0x08007458   0x00000068   Code   RO         3555    i.TIM_OC3_SetConfig  stm32f4xx_hal_tim.o
    0x080074c0   0x080074c0   0x00000050   Code   RO         3556    i.TIM_OC4_SetConfig  stm32f4xx_hal_tim.o
    0x08007510   0x08007510   0x0000008c   Code   RO         3557    i.TIM_SlaveTimer_SetConfig  stm32f4xx_hal_tim.o
    0x0800759c   0x0800759c   0x00000022   Code   RO         3558    i.TIM_TI1_ConfigInputStage  stm32f4xx_hal_tim.o
    0x080075be   0x080075be   0x00000024   Code   RO         3560    i.TIM_TI2_ConfigInputStage  stm32f4xx_hal_tim.o
    0x080075e2   0x080075e2   0x00000076   Code   RO         6740    i.USBD_CDC_DataIn   usbd_cdc.o
    0x08007658   0x08007658   0x0000003c   Code   RO         6741    i.USBD_CDC_DataOut  usbd_cdc.o
    0x08007694   0x08007694   0x00000090   Code   RO         6742    i.USBD_CDC_DeInit   usbd_cdc.o
    0x08007724   0x08007724   0x00000036   Code   RO         6743    i.USBD_CDC_EP0_RxReady  usbd_cdc.o
    0x0800775a   0x0800775a   0x00000002   PAD
    0x0800775c   0x0800775c   0x0000000c   Code   RO         6744    i.USBD_CDC_GetDeviceQualifierDescriptor  usbd_cdc.o
    0x08007768   0x08007768   0x0000003c   Code   RO         6745    i.USBD_CDC_GetFSCfgDesc  usbd_cdc.o
    0x080077a4   0x080077a4   0x00000040   Code   RO         6746    i.USBD_CDC_GetHSCfgDesc  usbd_cdc.o
    0x080077e4   0x080077e4   0x0000003c   Code   RO         6747    i.USBD_CDC_GetOtherSpeedCfgDesc  usbd_cdc.o
    0x08007820   0x08007820   0x00000118   Code   RO         6748    i.USBD_CDC_Init     usbd_cdc.o
    0x08007938   0x08007938   0x00000038   Code   RO         6749    i.USBD_CDC_ReceivePacket  usbd_cdc.o
    0x08007970   0x08007970   0x00000016   Code   RO         6750    i.USBD_CDC_RegisterInterface  usbd_cdc.o
    0x08007986   0x08007986   0x0000001a   Code   RO         6751    i.USBD_CDC_SetRxBuffer  usbd_cdc.o
    0x080079a0   0x080079a0   0x0000001e   Code   RO         6752    i.USBD_CDC_SetTxBuffer  usbd_cdc.o
    0x080079be   0x080079be   0x000000d4   Code   RO         6753    i.USBD_CDC_Setup    usbd_cdc.o
    0x08007a92   0x08007a92   0x00000002   PAD
    0x08007a94   0x08007a94   0x00000050   Code   RO         6754    i.USBD_CDC_TransmitPacket  usbd_cdc.o
    0x08007ae4   0x08007ae4   0x00000014   Code   RO         6448    i.USBD_ClrClassConfig  usbd_core.o
    0x08007af8   0x08007af8   0x00000004   Code   RO         6449    i.USBD_CoreFindEP   usbd_core.o
    0x08007afc   0x08007afc   0x00000004   Code   RO         6450    i.USBD_CoreFindIF   usbd_core.o
    0x08007b00   0x08007b00   0x00000010   Code   RO         6680    i.USBD_CtlContinueRx  usbd_ioreq.o
    0x08007b10   0x08007b10   0x00000010   Code   RO         6681    i.USBD_CtlContinueSendData  usbd_ioreq.o
    0x08007b20   0x08007b20   0x00000016   Code   RO         6608    i.USBD_CtlError     usbd_ctlreq.o
    0x08007b36   0x08007b36   0x0000001e   Code   RO         6682    i.USBD_CtlPrepareRx  usbd_ioreq.o
    0x08007b54   0x08007b54   0x00000016   Code   RO         6683    i.USBD_CtlReceiveStatus  usbd_ioreq.o
    0x08007b6a   0x08007b6a   0x0000001a   Code   RO         6684    i.USBD_CtlSendData  usbd_ioreq.o
    0x08007b84   0x08007b84   0x00000016   Code   RO         6685    i.USBD_CtlSendStatus  usbd_ioreq.o
    0x08007b9a   0x08007b9a   0x00000002   PAD
    0x08007b9c   0x08007b9c   0x00000020   Code   RO          779    i.USBD_FS_ConfigStrDescriptor  usbd_desc.o
    0x08007bbc   0x08007bbc   0x0000000c   Code   RO          780    i.USBD_FS_DeviceDescriptor  usbd_desc.o
    0x08007bc8   0x08007bc8   0x00000024   Code   RO          781    i.USBD_FS_InterfaceStrDescriptor  usbd_desc.o
    0x08007bec   0x08007bec   0x0000000c   Code   RO          782    i.USBD_FS_LangIDStrDescriptor  usbd_desc.o
    0x08007bf8   0x08007bf8   0x00000028   Code   RO          783    i.USBD_FS_ManufacturerStrDescriptor  usbd_desc.o
    0x08007c20   0x08007c20   0x0000002c   Code   RO          784    i.USBD_FS_ProductStrDescriptor  usbd_desc.o
    0x08007c4c   0x08007c4c   0x00000038   Code   RO          785    i.USBD_FS_SerialStrDescriptor  usbd_desc.o
    0x08007c84   0x08007c84   0x000000e6   Code   RO         6609    i.USBD_GetDescriptor  usbd_ctlreq.o
    0x08007d6a   0x08007d6a   0x0000003a   Code   RO         6452    i.USBD_GetEpDesc    usbd_core.o
    0x08007da4   0x08007da4   0x0000000e   Code   RO         6453    i.USBD_GetNextDesc  usbd_core.o
    0x08007db2   0x08007db2   0x00000048   Code   RO         6610    i.USBD_GetString    usbd_ctlreq.o
    0x08007dfa   0x08007dfa   0x00000018   Code   RO          934    i.USBD_Get_USB_Status  usbd_conf.o
    0x08007e12   0x08007e12   0x00000026   Code   RO         6454    i.USBD_Init         usbd_core.o
    0x08007e38   0x08007e38   0x00000012   Code   RO          935    i.USBD_LL_ClearStallEP  usbd_conf.o
    0x08007e4a   0x08007e4a   0x00000012   Code   RO          936    i.USBD_LL_CloseEP   usbd_conf.o
    0x08007e5c   0x08007e5c   0x000000b6   Code   RO         6455    i.USBD_LL_DataInStage  usbd_core.o
    0x08007f12   0x08007f12   0x0000008e   Code   RO         6456    i.USBD_LL_DataOutStage  usbd_core.o
    0x08007fa0   0x08007fa0   0x00000004   Code   RO         6457    i.USBD_LL_DevConnected  usbd_core.o
    0x08007fa4   0x08007fa4   0x0000001e   Code   RO         6458    i.USBD_LL_DevDisconnected  usbd_core.o
    0x08007fc2   0x08007fc2   0x00000008   Code   RO          940    i.USBD_LL_GetRxDataSize  usbd_conf.o
    0x08007fca   0x08007fca   0x00000002   PAD
    0x08007fcc   0x08007fcc   0x00000060   Code   RO          941    i.USBD_LL_Init      usbd_conf.o
    0x0800802c   0x0800802c   0x00000020   Code   RO          942    i.USBD_LL_IsStallEP  usbd_conf.o
    0x0800804c   0x0800804c   0x00000028   Code   RO         6459    i.USBD_LL_IsoINIncomplete  usbd_core.o
    0x08008074   0x08008074   0x00000028   Code   RO         6460    i.USBD_LL_IsoOUTIncomplete  usbd_core.o
    0x0800809c   0x0800809c   0x00000018   Code   RO          943    i.USBD_LL_OpenEP    usbd_conf.o
    0x080080b4   0x080080b4   0x00000012   Code   RO          944    i.USBD_LL_PrepareReceive  usbd_conf.o
    0x080080c6   0x080080c6   0x0000005c   Code   RO         6461    i.USBD_LL_Reset     usbd_core.o
    0x08008122   0x08008122   0x00000014   Code   RO         6462    i.USBD_LL_Resume    usbd_core.o
    0x08008136   0x08008136   0x0000001a   Code   RO         6463    i.USBD_LL_SOF       usbd_core.o
    0x08008150   0x08008150   0x00000006   Code   RO         6464    i.USBD_LL_SetSpeed  usbd_core.o
    0x08008156   0x08008156   0x00000012   Code   RO          945    i.USBD_LL_SetUSBAddress  usbd_conf.o
    0x08008168   0x08008168   0x00000060   Code   RO         6465    i.USBD_LL_SetupStage  usbd_core.o
    0x080081c8   0x080081c8   0x00000012   Code   RO          946    i.USBD_LL_StallEP   usbd_conf.o
    0x080081da   0x080081da   0x00000012   Code   RO          947    i.USBD_LL_Start     usbd_conf.o
    0x080081ec   0x080081ec   0x00000012   Code   RO         6466    i.USBD_LL_Suspend   usbd_core.o
    0x080081fe   0x080081fe   0x00000012   Code   RO          949    i.USBD_LL_Transmit  usbd_conf.o
    0x08008210   0x08008210   0x0000002c   Code   RO         6611    i.USBD_ParseSetupRequest  usbd_ctlreq.o
    0x0800823c   0x0800823c   0x0000003a   Code   RO         6467    i.USBD_RegisterClass  usbd_core.o
    0x08008276   0x08008276   0x00000014   Code   RO         6469    i.USBD_SetClassConfig  usbd_core.o
    0x0800828a   0x0800828a   0x00000002   PAD
    0x0800828c   0x0800828c   0x000000b8   Code   RO         6612    i.USBD_SetConfig    usbd_ctlreq.o
    0x08008344   0x08008344   0x00000004   Code   RO         6470    i.USBD_Start        usbd_core.o
    0x08008348   0x08008348   0x0000012c   Code   RO         6613    i.USBD_StdDevReq    usbd_ctlreq.o
    0x08008474   0x08008474   0x00000160   Code   RO         6614    i.USBD_StdEPReq     usbd_ctlreq.o
    0x080085d4   0x080085d4   0x00000072   Code   RO         6615    i.USBD_StdItfReq    usbd_ctlreq.o
    0x08008646   0x08008646   0x00000002   Code   RO          950    i.USBD_static_free  usbd_conf.o
    0x08008648   0x08008648   0x00000008   Code   RO          951    i.USBD_static_malloc  usbd_conf.o
    0x08008650   0x08008650   0x00000080   Code   RO         1409    i.USB_ActivateEndpoint  stm32f4xx_ll_usb.o
    0x080086d0   0x080086d0   0x0000001c   Code   RO         1411    i.USB_ActivateSetup  stm32f4xx_ll_usb.o
    0x080086ec   0x080086ec   0x00000074   Code   RO         1413    i.USB_CoreInit      stm32f4xx_ll_usb.o
    0x08008760   0x08008760   0x00000040   Code   RO         1414    i.USB_CoreReset     stm32f4xx_ll_usb.o
    0x080087a0   0x080087a0   0x000000cc   Code   RO         1417    i.USB_DeactivateEndpoint  stm32f4xx_ll_usb.o
    0x0800886c   0x0800886c   0x0000001c   Code   RO         1418    i.USB_DevConnect    stm32f4xx_ll_usb.o
    0x08008888   0x08008888   0x0000001c   Code   RO         1419    i.USB_DevDisconnect  stm32f4xx_ll_usb.o
    0x080088a4   0x080088a4   0x00000174   Code   RO         1420    i.USB_DevInit       stm32f4xx_ll_usb.o
    0x08008a18   0x08008a18   0x0000000c   Code   RO         1421    i.USB_DisableGlobalInt  stm32f4xx_ll_usb.o
    0x08008a24   0x08008a24   0x0000011c   Code   RO         1424    i.USB_EP0StartXfer  stm32f4xx_ll_usb.o
    0x08008b40   0x08008b40   0x00000058   Code   RO         1425    i.USB_EP0_OutStart  stm32f4xx_ll_usb.o
    0x08008b98   0x08008b98   0x00000058   Code   RO         1426    i.USB_EPClearStall  stm32f4xx_ll_usb.o
    0x08008bf0   0x08008bf0   0x00000058   Code   RO         1427    i.USB_EPSetStall    stm32f4xx_ll_usb.o
    0x08008c48   0x08008c48   0x000001e4   Code   RO         1428    i.USB_EPStartXfer   stm32f4xx_ll_usb.o
    0x08008e2c   0x08008e2c   0x0000009e   Code   RO         1429    i.USB_EPStopXfer    stm32f4xx_ll_usb.o
    0x08008eca   0x08008eca   0x0000000c   Code   RO         1430    i.USB_EnableGlobalInt  stm32f4xx_ll_usb.o
    0x08008ed6   0x08008ed6   0x00000002   PAD
    0x08008ed8   0x08008ed8   0x0000003c   Code   RO         1431    i.USB_FlushRxFifo   stm32f4xx_ll_usb.o
    0x08008f14   0x08008f14   0x00000040   Code   RO         1432    i.USB_FlushTxFifo   stm32f4xx_ll_usb.o
    0x08008f54   0x08008f54   0x0000001a   Code   RO         1434    i.USB_GetDevSpeed   stm32f4xx_ll_usb.o
    0x08008f6e   0x08008f6e   0x00000008   Code   RO         1436    i.USB_GetMode       stm32f4xx_ll_usb.o
    0x08008f76   0x08008f76   0x0000000e   Code   RO         1443    i.USB_ReadDevAllInEpInterrupt  stm32f4xx_ll_usb.o
    0x08008f84   0x08008f84   0x0000000e   Code   RO         1444    i.USB_ReadDevAllOutEpInterrupt  stm32f4xx_ll_usb.o
    0x08008f92   0x08008f92   0x00000024   Code   RO         1445    i.USB_ReadDevInEPInterrupt  stm32f4xx_ll_usb.o
    0x08008fb6   0x08008fb6   0x00000010   Code   RO         1446    i.USB_ReadDevOutEPInterrupt  stm32f4xx_ll_usb.o
    0x08008fc6   0x08008fc6   0x00000008   Code   RO         1447    i.USB_ReadInterrupts  stm32f4xx_ll_usb.o
    0x08008fce   0x08008fce   0x0000003e   Code   RO         1448    i.USB_ReadPacket    stm32f4xx_ll_usb.o
    0x0800900c   0x0800900c   0x0000005c   Code   RO         1450    i.USB_SetCurrentMode  stm32f4xx_ll_usb.o
    0x08009068   0x08009068   0x00000022   Code   RO         1451    i.USB_SetDevAddress  stm32f4xx_ll_usb.o
    0x0800908a   0x0800908a   0x00000002   PAD
    0x0800908c   0x0800908c   0x000000e8   Code   RO         1453    i.USB_SetTurnaroundTime  stm32f4xx_ll_usb.o
    0x08009174   0x08009174   0x00000028   Code   RO         1456    i.USB_WritePacket   stm32f4xx_ll_usb.o
    0x0800919c   0x0800919c   0x00000028   Code   RO         7668    i.Update_Filter_Value_Fast  bldc_motor.o
    0x080091c4   0x080091c4   0x0000002c   Code   RO         7866    i.Update_Hall_Filter_Value  hall.o
    0x080091f0   0x080091f0   0x00000002   Code   RO          443    i.UsageFault_Handler  stm32f4xx_it.o
    0x080091f2   0x080091f2   0x00000008   Code   RO           28    i.VCPTask           main.o
    0x080091fa   0x080091fa   0x00000002   PAD
    0x080091fc   0x080091fc   0x000002c4   Code   RO         7277    i.VIS_Process       vis.o
    0x080094c0   0x080094c0   0x0000011c   Code   RO         7669    i.VVVF_Process      bldc_motor.o
    0x080095dc   0x080095dc   0x0000001c   Code   RO         7278    i.Vector_0          vis.o
    0x080095f8   0x080095f8   0x0000001c   Code   RO         7279    i.Vector_1          vis.o
    0x08009614   0x08009614   0x0000001c   Code   RO         7280    i.Vector_2          vis.o
    0x08009630   0x08009630   0x0000001c   Code   RO         7281    i.Vector_3          vis.o
    0x0800964c   0x0800964c   0x0000001c   Code   RO         7282    i.Vector_4          vis.o
    0x08009668   0x08009668   0x0000001c   Code   RO         7283    i.Vector_5          vis.o
    0x08009684   0x08009684   0x0000001c   Code   RO         7284    i.Vector_6          vis.o
    0x080096a0   0x080096a0   0x000000c8   Code   RO         7962    i.Voltage_Current_Sensor_Calibration  voltagecurrentsensor.o
    0x08009768   0x08009768   0x00000026   Code   RO         8141    i.__ARM_fpclassifyf  m_wm.l(fpclassifyf.o)
    0x0800978e   0x0800978e   0x00000020   Code   RO         2470    i.__NVIC_SetPriority  stm32f4xx_hal_cortex.o
    0x080097ae   0x080097ae   0x00000002   PAD
    0x080097b0   0x080097b0   0x000002ac   Code   RO         8029    i.__hardfp_atan2f   m_wm.l(atan2f.o)
    0x08009a5c   0x08009a5c   0x00000150   Code   RO         8041    i.__hardfp_cosf     m_wm.l(cosf.o)
    0x08009bac   0x08009bac   0x000001e8   Code   RO         8053    i.__hardfp_expf     m_wm.l(expf.o)
    0x08009d94   0x08009d94   0x00000070   Code   RO         8067    i.__hardfp_floorf   m_wm.l(floorf.o)
    0x08009e04   0x08009e04   0x000000b0   Code   RO         8073    i.__hardfp_fmodf    m_wm.l(fmodf.o)
    0x08009eb4   0x08009eb4   0x00000190   Code   RO         8085    i.__hardfp_sinf     m_wm.l(sinf.o)
    0x0800a044   0x0800a044   0x0000007a   Code   RO         8097    i.__hardfp_sqrt     m_wm.l(sqrt.o)
    0x0800a0be   0x0800a0be   0x0000003a   Code   RO         8109    i.__hardfp_sqrtf    m_wm.l(sqrtf.o)
    0x0800a0f8   0x0800a0f8   0x00000006   Code   RO         8144    i.__mathlib_flt_infnan  m_wm.l(funder.o)
    0x0800a0fe   0x0800a0fe   0x00000006   Code   RO         8145    i.__mathlib_flt_infnan2  m_wm.l(funder.o)
    0x0800a104   0x0800a104   0x00000010   Code   RO         8146    i.__mathlib_flt_invalid  m_wm.l(funder.o)
    0x0800a114   0x0800a114   0x00000010   Code   RO         8147    i.__mathlib_flt_overflow  m_wm.l(funder.o)
    0x0800a124   0x0800a124   0x00000010   Code   RO         8149    i.__mathlib_flt_underflow  m_wm.l(funder.o)
    0x0800a134   0x0800a134   0x00000154   Code   RO         8157    i.__mathlib_rredf2  m_wm.l(rredf.o)
    0x0800a288   0x0800a288   0x0000003a   Code   RO         6933    i.bubbleSort_u16    my_math.o
    0x0800a2c2   0x0800a2c2   0x00000036   Code   RO         6934    i.bubbleSort_u8     my_math.o
    0x0800a2f8   0x0800a2f8   0x00000114   Code   RO           29    i.main              main.o
    0x0800a40c   0x0800a40c   0x0000001a   Code   RO         5802    i.osDelay           cmsis_os2.o
    0x0800a426   0x0800a426   0x00000002   PAD
    0x0800a428   0x0800a428   0x00000024   Code   RO         5816    i.osKernelInitialize  cmsis_os2.o
    0x0800a44c   0x0800a44c   0x00000038   Code   RO         5819    i.osKernelStart     cmsis_os2.o
    0x0800a484   0x0800a484   0x0000008a   Code   RO         5861    i.osThreadNew       cmsis_os2.o
    0x0800a50e   0x0800a50e   0x00000020   Code   RO         5864    i.osThreadSuspend   cmsis_os2.o
    0x0800a52e   0x0800a52e   0x00000002   PAD
    0x0800a530   0x0800a530   0x0000005c   Code   RO         5261    i.prvAddCurrentTaskToDelayedList  tasks.o
    0x0800a58c   0x0800a58c   0x000000d0   Code   RO         5262    i.prvAddNewTaskToReadyList  tasks.o
    0x0800a65c   0x0800a65c   0x00000058   Code   RO         5626    i.prvCheckForValidListAndQueue  timers.o
    0x0800a6b4   0x0800a6b4   0x00000026   Code   RO         4861    i.prvCopyDataFromQueue  queue.o
    0x0800a6da   0x0800a6da   0x0000006c   Code   RO         4862    i.prvCopyDataToQueue  queue.o
    0x0800a746   0x0800a746   0x00000034   Code   RO         5263    i.prvDeleteTCB      tasks.o
    0x0800a77a   0x0800a77a   0x00000002   PAD
    0x0800a77c   0x0800a77c   0x0000004c   Code   RO         6313    i.prvHeapInit       heap_4.o
    0x0800a7c8   0x0800a7c8   0x00000060   Code   RO         5264    i.prvIdleTask       tasks.o
    0x0800a828   0x0800a828   0x00000022   Code   RO         4864    i.prvInitialiseNewQueue  queue.o
    0x0800a84a   0x0800a84a   0x00000002   PAD
    0x0800a84c   0x0800a84c   0x000000b0   Code   RO         5265    i.prvInitialiseNewTask  tasks.o
    0x0800a8fc   0x0800a8fc   0x0000004c   Code   RO         6314    i.prvInsertBlockIntoFreeList  heap_4.o
    0x0800a948   0x0800a948   0x00000038   Code   RO         5628    i.prvInsertTimerInActiveList  timers.o
    0x0800a980   0x0800a980   0x0000001c   Code   RO         4865    i.prvIsQueueEmpty   queue.o
    0x0800a99c   0x0800a99c   0x000000fc   Code   RO         5629    i.prvProcessReceivedCommands  timers.o
    0x0800aa98   0x0800aa98   0x000000c0   Code   RO         5630    i.prvProcessTimerOrBlockTask  timers.o
    0x0800ab58   0x0800ab58   0x00000020   Code   RO         5267    i.prvResetNextTaskUnblockTime  tasks.o
    0x0800ab78   0x0800ab78   0x00000028   Code   RO         5631    i.prvSampleTimeNow  timers.o
    0x0800aba0   0x0800aba0   0x0000006c   Code   RO         5632    i.prvSwitchTimerLists  timers.o
    0x0800ac0c   0x0800ac0c   0x00000028   Code   RO         6369    i.prvTaskExitError  port.o
    0x0800ac34   0x0800ac34   0x00000024   Code   RO         5633    i.prvTimerTask      timers.o
    0x0800ac58   0x0800ac58   0x0000006a   Code   RO         4866    i.prvUnlockQueue    queue.o
    0x0800acc2   0x0800acc2   0x00000002   PAD
    0x0800acc4   0x0800acc4   0x000000dc   Code   RO         6315    i.pvPortMalloc      heap_4.o
    0x0800ada0   0x0800ada0   0x0000002c   Code   RO         6370    i.pxPortInitialiseStack  port.o
    0x0800adcc   0x0800adcc   0x0000006c   Code   RO         6935    i.quickSort         my_math.o
    0x0800ae38   0x0800ae38   0x00000070   Code   RO         6936    i.saturate_vector_2d  my_math.o
    0x0800aea8   0x0800aea8   0x00000026   Code   RO         4821    i.uxListRemove      list.o
    0x0800aece   0x0800aece   0x00000002   PAD
    0x0800aed0   0x0800aed0   0x00000014   Code   RO         5873    i.vApplicationGetIdleTaskMemory  cmsis_os2.o
    0x0800aee4   0x0800aee4   0x00000018   Code   RO         5874    i.vApplicationGetTimerTaskMemory  cmsis_os2.o
    0x0800aefc   0x0800aefc   0x00000016   Code   RO         4822    i.vListInitialise   list.o
    0x0800af12   0x0800af12   0x00000006   Code   RO         4823    i.vListInitialiseItem  list.o
    0x0800af18   0x0800af18   0x00000030   Code   RO         4824    i.vListInsert       list.o
    0x0800af48   0x0800af48   0x00000018   Code   RO         4825    i.vListInsertEnd    list.o
    0x0800af60   0x0800af60   0x00000040   Code   RO         6372    i.vPortEnterCritical  port.o
    0x0800afa0   0x0800afa0   0x00000028   Code   RO         6373    i.vPortExitCritical  port.o
    0x0800afc8   0x0800afc8   0x00000064   Code   RO         6316    i.vPortFree         heap_4.o
    0x0800b02c   0x0800b02c   0x00000024   Code   RO         6374    i.vPortSetupTimerInterrupt  port.o
    0x0800b050   0x0800b050   0x00000054   Code   RO         6375    i.vPortValidateInterruptPriority  port.o
    0x0800b0a4   0x0800b0a4   0x00000028   Code   RO         4872    i.vQueueAddToRegistry  queue.o
    0x0800b0cc   0x0800b0cc   0x00000044   Code   RO         4876    i.vQueueWaitForMessageRestricted  queue.o
    0x0800b110   0x0800b110   0x0000004c   Code   RO         5280    i.vTaskDelay        tasks.o
    0x0800b15c   0x0800b15c   0x00000010   Code   RO         5285    i.vTaskInternalSetTimeOutState  tasks.o
    0x0800b16c   0x0800b16c   0x0000000c   Code   RO         5286    i.vTaskMissedYield  tasks.o
    0x0800b178   0x0800b178   0x00000030   Code   RO         5288    i.vTaskPlaceOnEventList  tasks.o
    0x0800b1a8   0x0800b1a8   0x00000038   Code   RO         5289    i.vTaskPlaceOnEventListRestricted  tasks.o
    0x0800b1e0   0x0800b1e0   0x00000088   Code   RO         5297    i.vTaskStartScheduler  tasks.o
    0x0800b268   0x0800b268   0x0000009c   Code   RO         5298    i.vTaskSuspend      tasks.o
    0x0800b304   0x0800b304   0x00000010   Code   RO         5299    i.vTaskSuspendAll   tasks.o
    0x0800b314   0x0800b314   0x00000064   Code   RO         5300    i.vTaskSwitchContext  tasks.o
    0x0800b378   0x0800b378   0x000000f4   Code   RO         6376    i.xPortStartScheduler  port.o
    0x0800b46c   0x0800b46c   0x0000002c   Code   RO         6377    i.xPortSysTickHandler  port.o
    0x0800b498   0x0800b498   0x00000066   Code   RO         4882    i.xQueueGenericCreateStatic  queue.o
    0x0800b4fe   0x0800b4fe   0x00000002   PAD
    0x0800b500   0x0800b500   0x00000088   Code   RO         4883    i.xQueueGenericReset  queue.o
    0x0800b588   0x0800b588   0x00000160   Code   RO         4884    i.xQueueGenericSend  queue.o
    0x0800b6e8   0x0800b6e8   0x000000be   Code   RO         4885    i.xQueueGenericSendFromISR  queue.o
    0x0800b7a6   0x0800b7a6   0x00000002   PAD
    0x0800b7a8   0x0800b7a8   0x00000138   Code   RO         4894    i.xQueueReceive     queue.o
    0x0800b8e0   0x0800b8e0   0x00000074   Code   RO         5302    i.xTaskCheckForTimeOut  tasks.o
    0x0800b954   0x0800b954   0x0000005a   Code   RO         5303    i.xTaskCreate       tasks.o
    0x0800b9ae   0x0800b9ae   0x00000056   Code   RO         5304    i.xTaskCreateStatic  tasks.o
    0x0800ba04   0x0800ba04   0x0000001c   Code   RO         5308    i.xTaskGetSchedulerState  tasks.o
    0x0800ba20   0x0800ba20   0x0000000c   Code   RO         5309    i.xTaskGetTickCount  tasks.o
    0x0800ba2c   0x0800ba2c   0x000000c8   Code   RO         5311    i.xTaskIncrementTick  tasks.o
    0x0800baf4   0x0800baf4   0x00000080   Code   RO         5314    i.xTaskPriorityDisinherit  tasks.o
    0x0800bb74   0x0800bb74   0x00000070   Code   RO         5316    i.xTaskRemoveFromEventList  tasks.o
    0x0800bbe4   0x0800bbe4   0x000000c4   Code   RO         5317    i.xTaskResumeAll    tasks.o
    0x0800bca8   0x0800bca8   0x00000060   Code   RO         5642    i.xTimerCreateTimerTask  timers.o
    0x0800bd08   0x0800bd08   0x00000068   Code   RO         5643    i.xTimerGenericCommand  timers.o
    0x0800bd70   0x0800bd70   0x0000005e   Code   RO         8019    x$fpl$dfix          fz_wm.l(dfix.o)
    0x0800bdce   0x0800bdce   0x0000002e   Code   RO         8024    x$fpl$dflt          fz_wm.l(dflt_clz.o)
    0x0800bdfc   0x0800bdfc   0x0000009c   Code   RO         8132    x$fpl$dnaninf       fz_wm.l(dnaninf.o)
    0x0800be98   0x0800be98   0x00000198   Code   RO         8134    x$fpl$dsqrt         fz_wm.l(dsqrt_umaal.o)
    0x0800c030   0x0800c030   0x0000008c   Code   RO         8184    x$fpl$fnaninf       fz_wm.l(fnaninf.o)
    0x0800c0bc   0x0800c0bc   0x0000000a   Code   RO         8271    x$fpl$fpinit        fz_wm.l(fpinit.o)
    0x0800c0c6   0x0800c0c6   0x00000002   PAD
    0x0800c0c8   0x0800c0c8   0x000000f4   Code   RO         8136    x$fpl$frem          fz_wm.l(frem_clz.o)
    0x0800c1bc   0x0800c1bc   0x00000000   Code   RO         8140    x$fpl$usenofp       fz_wm.l(usenofp.o)
    0x0800c1bc   0x0800c1bc   0x00000090   Data   RO           37    .constdata          main.o
    0x0800c24c   0x0800c24c   0x00000008   Data   RO         2187    .constdata          stm32f4xx_hal_dma.o
    0x0800c254   0x0800c254   0x00000010   Data   RO         4660    .constdata          system_stm32f4xx.o
    0x0800c264   0x0800c264   0x00000008   Data   RO         4661    .constdata          system_stm32f4xx.o
    0x0800c26c   0x0800c26c   0x000000dc   Data   RO         7671    .constdata          bldc_motor.o
    0x0800c348   0x0800c348   0x00000030   Data   RO         8056    .constdata          m_wm.l(expf.o)
    0x0800c378   0x0800c378   0x00000020   Data   RO         8158    .constdata          m_wm.l(rredf.o)
    0x0800c398   0x0800c398   0x00000030   Data   RO           38    .conststring        main.o
    0x0800c3c8   0x0800c3c8   0x00000020   Data   RO         8329    Region$$Table       anon$$obj.o


    Execution Region RW_IRAM1 (Exec base: 0x20000000, Load base: 0x0800c3e8, Size: 0x000170f0, Max: 0x0001c000, ABSOLUTE, COMPRESSED[0x000001a8])

    Exec Addr    Load Addr    Size         Type   Attr      Idx    E Section Name        Object

    0x20000000   COMPRESSED   0x0000001c   Data   RW           39    .data               main.o
    0x2000001c   COMPRESSED   0x00000010   Data   RW          444    .data               stm32f4xx_it.o
    0x2000002c   COMPRESSED   0x0000001c   Data   RW          787    .data               usbd_desc.o
    0x20000048   COMPRESSED   0x00000032   Data   RW          788    .data               usbd_desc.o
    0x2000007a   COMPRESSED   0x00000002   PAD
    0x2000007c   COMPRESSED   0x00000014   Data   RW          871    .data               usbd_cdc_if.o
    0x20000090   COMPRESSED   0x0000000c   Data   RW         2614    .data               stm32f4xx_hal.o
    0x2000009c   COMPRESSED   0x00000004   Data   RW         4662    .data               system_stm32f4xx.o
    0x200000a0   COMPRESSED   0x0000003c   Data   RW         5320    .data               tasks.o
    0x200000dc   COMPRESSED   0x00000014   Data   RW         5651    .data               timers.o
    0x200000f0   COMPRESSED   0x00000004   Data   RW         5876    .data               cmsis_os2.o
    0x200000f4   COMPRESSED   0x00000020   Data   RW         6322    .data               heap_4.o
    0x20000114   COMPRESSED   0x0000000c   Data   RW         6378    .data               port.o
    0x20000120   COMPRESSED   0x00000001   Data   RW         6616    .data               usbd_ctlreq.o
    0x20000121   COMPRESSED   0x00000003   PAD
    0x20000124   COMPRESSED   0x00000053   Data   RW         6755    .data               usbd_cdc.o
    0x20000177   COMPRESSED   0x00000001   PAD
    0x20000178   COMPRESSED   0x00000038   Data   RW         6756    .data               usbd_cdc.o
    0x200001b0   COMPRESSED   0x00000018   Data   RW         7209    .data               motor.o
    0x200001c8   COMPRESSED   0x00000003   Data   RW         7210    .data               motor.o
    0x200001cb   COMPRESSED   0x00000001   PAD
    0x200001cc   COMPRESSED   0x00000014   Data   RW         7211    .data               motor.o
    0x200001e0   COMPRESSED   0x0000001c   Data   RW         7286    .data               vis.o
    0x200001fc   COMPRESSED   0x0000000c   Data   RW         7369    .data               inverter.o
    0x20000208   COMPRESSED   0x00000094   Data   RW         7537    .data               foc_motor.o
    0x2000029c   COMPRESSED   0x00000048   Data   RW         7672    .data               bldc_motor.o
    0x200002e4   COMPRESSED   0x00000010   Data   RW         7823    .data               encoder.o
    0x200002f4   COMPRESSED   0x0000001a   Data   RW         7869    .data               hall.o
    0x2000030e   COMPRESSED   0x00000002   PAD
    0x20000310   COMPRESSED   0x00000018   Data   RW         7870    .data               hall.o
    0x20000328   COMPRESSED   0x00000018   Data   RW         7871    .data               hall.o
    0x20000340   COMPRESSED   0x00000001   Data   RW         7911    .data               sensor.o
    0x20000341   COMPRESSED   0x00000003   PAD
    0x20000344   COMPRESSED   0x00000004   Data   RW         7912    .data               sensor.o
    0x20000348   COMPRESSED   0x00000004   Data   RW         7913    .data               sensor.o
    0x2000034c   COMPRESSED   0x0000001c   Data   RW         7968    .data               voltagecurrentsensor.o
    0x20000368   COMPRESSED   0x00000002   Data   RW         7969    .data               voltagecurrentsensor.o
    0x2000036a   COMPRESSED   0x00000002   PAD
    0x2000036c   COMPRESSED   0x0000000c   Data   RW         7970    .data               voltagecurrentsensor.o
    0x20000378   COMPRESSED   0x0000000c   Data   RW         7971    .data               voltagecurrentsensor.o
    0x20000384        -       0x00000224   Zero   RW           30    .bss                main.o
    0x200005a8        -       0x00000060   Zero   RW           31    .bss                main.o
    0x20000608        -       0x00000060   Zero   RW           35    .bss                main.o
    0x20000668        -       0x00000060   Zero   RW           36    .bss                main.o
    0x200006c8        -       0x00000048   Zero   RW          646    .bss                stm32f4xx_hal_timebase_tim.o
    0x20000710        -       0x000002dc   Zero   RW          748    .bss                usb_device.o
    0x200009ec        -       0x00000200   Zero   RW          786    .bss                usbd_desc.o
    0x20000bec        -       0x00001000   Zero   RW          870    .bss                usbd_cdc_if.o
    0x20001bec        -       0x0000072c   Zero   RW          952    .bss                usbd_conf.o
    0x20002318        -       0x00000040   Zero   RW         4898    .bss                queue.o
    0x20002358        -       0x000004c4   Zero   RW         5319    .bss                tasks.o
    0x2000281c        -       0x00000118   Zero   RW         5650    .bss                timers.o
    0x20002934        -       0x000006b8   Zero   RW         5875    .bss                cmsis_os2.o
    0x20002fec        -       0x00003c00   Zero   RW         6321    .bss                heap_4.o
    0x20006bec        -       0x00000068   Zero   RW         7285    .bss                vis.o
    0x20006c54        -       0x00000020   Zero   RW         7368    .bss                inverter.o
    0x20006c74        -       0x00000078   Zero   RW         7414    .bss                fluxlinkageobserver.o
    0x20006cec        -       0x00000240   Zero   RW         7536    .bss                foc_motor.o
    0x20006f2c        -       0x000000c4   Zero   RW         7670    .bss                bldc_motor.o
    0x20006ff0        -       0x00000054   Zero   RW         7868    .bss                hall.o
    0x20007044        -       0x00000018   Zero   RW         7963    .bss                voltagecurrentsensor.o
    0x2000705c        -       0x0000000c   Zero   RW         7964    .bss                voltagecurrentsensor.o
    0x20007068        -       0x0000000c   Zero   RW         7965    .bss                voltagecurrentsensor.o
    0x20007074        -       0x0000000c   Zero   RW         7966    .bss                voltagecurrentsensor.o
    0x20007080        -       0x0000000c   Zero   RW         7967    .bss                voltagecurrentsensor.o
    0x2000708c        -       0x00000060   Zero   RW         8187    .bss                c_w.l(libspace.o)
    0x200070ec   COMPRESSED   0x00000004   PAD
    0x200070f0        -       0x00008000   Zero   RW            2    HEAP                startup_stm32f405xx.o
    0x2000f0f0        -       0x00008000   Zero   RW            1    STACK               startup_stm32f405xx.o


    Execution Region RW_IRAM2 (Exec base: 0x2001c000, Load base: 0x0800c590, Size: 0x00000000, Max: 0x00004000, ABSOLUTE)

    **** No section assigned to this execution region ****


==============================================================================

Image component sizes


      Code (inc. data)   RO Data    RW Data    ZI Data      Debug   Object Name

       180         20          0          0          0       1671   as5048a.o
      3812        364        220         72        196      15351   bldc_motor.o
       358         22          0          4       1720      65361   cmsis_os2.o
         0          0          0          0          0       1472   datatransmit.o
      1492         56          0         16          0       4654   encoder.o
         0          0          0          0          0      17836   event_groups.o
       332         32          0          0        120       5841   fluxlinkageobserver.o
       712         40          0          0          0       4065   foc.o
      4108        368          0        148        576      10192   foc_motor.o
      1096         56          0         74         84       5282   hall.o
       472         24          0         32      15360       4699   heap_4.o
       568         58          0         12         32       3877   inverter.o
       138          0          0          0          0       3378   list.o
      1980        168        192         28        836     703278   main.o
       200         40          0         47          0       4963   motor.o
       638         34          0          0          0       8001   my_math.o
       380          6          0          0          0       3775   pid.o
       276         16          0          0          0       2145   pll.o
       786         82          0         12          0      11173   port.o
      1514         20          0          0         64      16984   queue.o
       108         14          0          9          0       2067   sensor.o
        64         26        392          0      65536        816   startup_stm32f405xx.o
       116         18          0         12          0       8522   stm32f4xx_hal.o
      1452         90          0          0          0       7985   stm32f4xx_hal_adc.o
       756         38          0          0          0       3134   stm32f4xx_hal_adc_ex.o
       158         14          0          0          0      33018   stm32f4xx_hal_cortex.o
       902         16          8          0          0       5607   stm32f4xx_hal_dma.o
       506         46          0          0          0       2108   stm32f4xx_hal_gpio.o
      1116        114          0          0          0       4603   stm32f4xx_hal_msp.o
      2638         12          0          0          0      13276   stm32f4xx_hal_pcd.o
        78          0          0          0          0       2289   stm32f4xx_hal_pcd_ex.o
      1388         76          0          0          0       5586   stm32f4xx_hal_rcc.o
       188          0          0          0          0       1139   stm32f4xx_hal_spi.o
      2000        174          0          0          0      15574   stm32f4xx_hal_tim.o
       446         56          0          0          0       3491   stm32f4xx_hal_tim_ex.o
       116         16          0          0         72       1335   stm32f4xx_hal_timebase_tim.o
       780        132          0         16          0       7894   stm32f4xx_it.o
      2888        134          0          0          0      23127   stm32f4xx_ll_usb.o
         0          0          0          0          0        392   stream_buffer.o
        16          4         24          4          0       1043   system_stm32f4xx.o
      2240        180          0         60       1220      27079   tasks.o
       972         80          0         20        280      31639   timers.o
        84         18          0          0        732        756   usb_device.o
      1278         36          0        139          0      13897   usbd_cdc.o
       116         22          0         20       4096       3688   usbd_cdc_if.o
       644         24          0          0       1836      16036   usbd_conf.o
       916          0          0          0          0      14839   usbd_core.o
      1328         28          0          1          0      14580   usbd_ctlreq.o
       288        104          0         78        512       5905   usbd_desc.o
       132          0          0          0          0       4332   usbd_ioreq.o
      1156        178          0         28        104       7896   vis.o
       200         20          0         54         72       2615   voltagecurrentsensor.o

    ----------------------------------------------------------------------
     44186       3076        868        900      93448    1180266   Object Totals
         0          0         32          0          0          0   (incl. Generated)
        74          0          0         14          0          0   (incl. Padding)

    ----------------------------------------------------------------------

      Code (inc. data)   RO Data    RW Data    ZI Data      Debug   Library Member Name

        90          0          0          0          0          0   __dczerorl2.o
         8          0          0          0          0         68   __main.o
         0          0          0          0          0          0   __rtentry.o
        12          0          0          0          0          0   __rtentry2.o
         6          0          0          0          0          0   __rtentry4.o
        52          8          0          0          0          0   __scatter.o
        28          0          0          0          0          0   __scatter_zi.o
        22          0          0          0          0        100   _rserrno.o
        16          0          0          0          0         68   aeabi_memset.o
        18          0          0          0          0         80   exit.o
         6          0          0          0          0        152   heapauxi.o
         0          0          0          0          0          0   indicate_semi.o
         2          0          0          0          0          0   libinit.o
         6          0          0          0          0          0   libinit2.o
         2          0          0          0          0          0   libshutdown.o
         2          0          0          0          0          0   libshutdown2.o
         8          4          0          0         96         68   libspace.o
       238          0          0          0          0        100   lludivv7m.o
        88          0          0          0          0         76   memcmp.o
         8          4          0          0          0         68   rt_errno_addr_intlibspace.o
        68          0          0          0          0         68   rt_memclr.o
        78          0          0          0          0         80   rt_memclr_w.o
       138          0          0          0          0         68   rt_memcpy_v6.o
       100          0          0          0          0         80   rt_memcpy_w.o
         2          0          0          0          0          0   rtexit.o
        10          0          0          0          0          0   rtexit2.o
        12          4          0          0          0         68   sys_exit.o
        74          0          0          0          0         80   sys_stackheap_outer.o
         2          0          0          0          0         68   use_no_semi.o
        94          4          0          0          0        140   dfix.o
        46          0          0          0          0        116   dflt_clz.o
       156          4          0          0          0        140   dnaninf.o
       408         56          0          0          0        168   dsqrt_umaal.o
       140          4          0          0          0        132   fnaninf.o
        10          0          0          0          0        116   fpinit.o
       244          8          0          0          0        132   frem_clz.o
         0          0          0          0          0          0   usenofp.o
       684         90          0          0          0        208   atan2f.o
       336         56          0          0          0        136   cosf.o
       488         62         48          0          0        236   expf.o
       112         14          0          0          0        116   floorf.o
       176          0          0          0          0        168   fmodf.o
        38          0          0          0          0        116   fpclassifyf.o
        60         18          0          0          0        580   funder.o
       340         24         32          0          0        160   rredf.o
       400         56          0          0          0        212   sinf.o
       122          0          0          0          0        148   sqrt.o
        58          0          0          0          0        136   sqrtf.o

    ----------------------------------------------------------------------
      5018        416         80          0        100       4452   Library Totals
        10          0          0          0          4          0   (incl. Padding)

    ----------------------------------------------------------------------

      Code (inc. data)   RO Data    RW Data    ZI Data      Debug   Library Name

      1096         20          0          0         96       1292   c_w.l
      1098         76          0          0          0        944   fz_wm.l
      2814        320         80          0          0       2216   m_wm.l

    ----------------------------------------------------------------------
      5018        416         80          0        100       4452   Library Totals

    ----------------------------------------------------------------------

==============================================================================


      Code (inc. data)   RO Data    RW Data    ZI Data      Debug   

     49204       3492        948        900      93548    1144794   Grand Totals
     49204       3492        948        424      93548    1144794   ELF Image Totals (compressed)
     49204       3492        948        424          0          0   ROM Totals

==============================================================================

    Total RO  Size (Code + RO Data)                50152 (  48.98kB)
    Total RW  Size (RW Data + ZI Data)             94448 (  92.23kB)
    Total ROM Size (Code + RO Data + RW Data)      50576 (  49.39kB)

==============================================================================

