<html>
<body>
<pre>
<h1>µVision Build Log</h1>
<h2>Tool Versions:</h2>
IDE-Version: ¦ÌVision V5.36.0.0
Copyright (C) 2021 ARM Ltd and ARM Germany GmbH. All rights reserved.
License Information: erghz sdfg, sfgsdgf, LIC=21E4T-RYLUD-HLICL-0J816-7DGAF-TEKIW
 
Tool Versions:
Toolchain:       MDK-ARM Plus  Version: 5.36.0.0
Toolchain Path:  C:\Keil_v5\ARM\ARMCC\Bin
C Compiler:      Armcc.exe V5.06 update 7 (build 960)
Assembler:       Armasm.exe V5.06 update 7 (build 960)
Linker/Locator:  ArmLink.exe V5.06 update 7 (build 960)
Library Manager: ArmAr.exe V5.06 update 7 (build 960)
Hex Converter:   FromElf.exe V5.06 update 7 (build 960)
CPU DLL:         SARMCM3.DLL V5.36.0.0
Dialog DLL:      DCM.DLL V1.17.3.0
Target DLL:      Segger\JL2CM3.dll V2.99.40.0
Dialog DLL:      TCM.DLL V1.53.0.0
 
<h2>Project:</h2>
E:\J_ESC\MDK-ARM\J_ESC.uvprojx
Project File Date:  01/31/2024

<h2>Output:</h2>
*** Using Compiler 'V5.06 update 7 (build 960)', folder: 'C:\Keil_v5\ARM\ARMCC\Bin'
Build target 'J_ESC'
compiling freertos.c...
compiling stm32f4xx_it.c...
compiling main.c...
../Core/Src/main.c(654): warning:  #177-D: function "MX_DAC_Init"  was declared but never referenced
  static void MX_DAC_Init(void)
../Core/Src/main.c(772): warning:  #177-D: function "MX_TIM3_Init"  was declared but never referenced
  static void MX_TIM3_Init(void)
../Core/Src/main.c(924): warning:  #177-D: function "MX_TIM4_Init"  was declared but never referenced
  static void MX_TIM4_Init(void)
../Core/Src/main.c: 3 warnings, 0 errors
compiling DataTransmit.c...
compiling stm32f4xx_hal_timebase_tim.c...
compiling stm32f4xx_hal_msp.c...
compiling usb_device.c...
compiling usbd_cdc_if.c...
compiling usbd_desc.c...
compiling usbd_conf.c...
compiling stm32f4xx_hal_pcd_ex.c...
compiling stm32f4xx_hal_pcd.c...
compiling stm32f4xx_ll_usb.c...
compiling stm32f4xx_hal_rcc_ex.c...
compiling stm32f4xx_hal_flash.c...
compiling stm32f4xx_hal_rcc.c...
compiling stm32f4xx_hal_flash_ramfunc.c...
compiling stm32f4xx_hal_flash_ex.c...
compiling stm32f4xx_hal_gpio.c...
compiling stm32f4xx_hal_pwr.c...
compiling stm32f4xx_hal_dma.c...
compiling stm32f4xx_hal_dma_ex.c...
compiling stm32f4xx_hal_pwr_ex.c...
compiling stm32f4xx_hal.c...
compiling stm32f4xx_hal_cortex.c...
compiling stm32f4xx_hal_exti.c...
compiling stm32f4xx_ll_adc.c...
compiling stm32f4xx_hal_adc_ex.c...
compiling stm32f4xx_hal_adc.c...
compiling stm32f4xx_hal_spi.c...
compiling stm32f4xx_hal_tim_ex.c...
compiling stm32f4xx_hal_tim.c...
compiling stm32f4xx_hal_dac_ex.c...
compiling stm32f4xx_hal_dac.c...
compiling croutine.c...
compiling event_groups.c...
compiling list.c...
compiling system_stm32f4xx.c...
compiling stream_buffer.c...
compiling queue.c...
compiling timers.c...
compiling tasks.c...
compiling heap_4.c...
compiling port.c...
compiling usbd_core.c...
compiling usbd_ctlreq.c...
compiling cmsis_os2.c...
compiling My_IQMath.c...
compiling usbd_ioreq.c...
compiling PID.c...
compiling usbd_cdc.c...
compiling PLL.c...
compiling My_Math.c...
compiling DRV8301.c...
compiling Motor.c...
compiling VIS.c...
compiling Inverter.c...
compiling FluxLinkageObserver.c...
compiling FOC.c...
compiling SMO.c...
compiling FOC_Motor.c...
compiling BLDC_Motor.c...
..\Motor\BLDC\BLDC_Motor.c(342): warning:  #186-D: pointless comparison of unsigned integer with zero
      len = _constrain(len,0,31);
..\Motor\BLDC\BLDC_Motor.c(1098): warning:  #186-D: pointless comparison of unsigned integer with zero
                  bldc_run.befm_filter_len = _constrain(bldc_run.befm_filter_len,0,31);
..\Motor\BLDC\BLDC_Motor.c(827): warning:  #177-D: function "HallLess_Virtual_Mid_Cal"  was declared but never referenced
  static void HallLess_Virtual_Mid_Cal(uint8_t step)
..\Motor\BLDC\BLDC_Motor.c: 3 warnings, 0 errors
compiling AS5048a.c...
compiling HALL.c...
..\Sensor\HALL.c(80): warning:  #550-D: variable "hall_deg_ccw"  was set but never used
      uint16_t hall_deg_ccw[2][24] = {0};
..\Sensor\HALL.c(81): warning:  #550-D: variable "hall_deg_cw"  was set but never used
      uint16_t hall_deg_cw[2][24] = {0};
..\Sensor\HALL.c: 2 warnings, 0 errors
compiling Encoder.c...
compiling Sensor.c...
compiling VoltageCurrentSensor.c...
linking...
Program Size: Code=49204 RO-data=948 RW-data=900 ZI-data=93548  
FromELF: creating hex file...
"J_ESC\J_ESC.axf" - 0 Error(s), 8 Warning(s).

<h2>Software Packages used:</h2>

Package Vendor: ARM
                http://www.keil.com/pack/ARM.CMSIS.5.8.0.pack
                ARM.CMSIS.5.8.0
                CMSIS (Common Microcontroller Software Interface Standard)
   * Component: CORE Version: 5.5.0

Package Vendor: Keil
                http://www.keil.com/pack/Keil.STM32F4xx_DFP.2.15.0.pack
                Keil.STM32F4xx_DFP.2.15.0
                STMicroelectronics STM32F4 Series Device Support, Drivers and Examples

<h2>Collection of Component include folders:</h2>
  .\RTE\_J_ESC
  C:\Users\jcl70\AppData\Local\Arm\Packs\ARM\CMSIS\5.8.0\CMSIS\Core\Include
  C:\Users\jcl70\AppData\Local\Arm\Packs\Keil\STM32F4xx_DFP\2.15.0\Drivers\CMSIS\Device\ST\STM32F4xx\Include

<h2>Collection of Component Files used:</h2>

   * Component: ARM::CMSIS:CORE:5.5.0
      Include file:  CMSIS\Core\Include\tz_context.h
Build Time Elapsed:  00:01:27
</pre>
</body>
</html>
